08-12 09:13:02.222   549 31656 I chatty  : uid=1006(camera) mm-qcamera-daem expire 4 lines
08-12 09:13:02.229   549 31658 I chatty  : uid=1006(camera) mm-qcamera-daem expire 1 line
08-12 09:13:02.435   549 31673 I chatty  : uid=1006(camera) mm-qcamera-daem expire 148 lines
08-12 09:13:02.555   549 31700 I chatty  : uid=1006(camera) mm-qcamera-daem expire 1 line
08-12 09:13:03.381   531 31642 I chatty  : uid=1047(cameraserver) /system/bin/cameraserver expire 1 line
08-12 09:13:03.390  2143  3827 I chatty  : uid=1000(system) Binder:2143_15 expire 3 lines
08-12 09:13:03.426   531 31639 I chatty  : uid=1047(cameraserver) /system/bin/cameraserver expire 17 lines
08-12 09:13:03.500   549 31721 I chatty  : uid=1006(camera) mm-qcamera-daem expire 1 line
08-12 09:13:03.894   531   531 I chatty  : uid=1047(cameraserver) /system/bin/cameraserver expire 12 lines
08-12 09:13:03.992   549 31730 I chatty  : uid=1006(camera) mm-qcamera-daem expire 4 lines
08-12 09:13:04.226   549 31672 I chatty  : uid=1006(camera) mm-qcamera-daem expire 1 line
08-12 09:13:05.038  2143  2198 I chatty  : uid=1000(system) batterystats-sy expire 7 lines
08-12 09:13:05.838  2561  2739 D DcNetworkAgent: NetworkAgent: NetworkAgent channel lost
08-12 09:13:05.839  2561  2739 D DcNetworkAgent: NetworkAgent: DcNetworkAgent: [unwanted]: disconnect apnContext={mApnType=default mState=CONNECTED mWaitingApns={[[ApnSettingV3] Optus Yesinternet, 2930, 50502, yesinternet, , , , , , -1, default | supl, IP, IP, true, 0, 0, 0, false, 0, 0, 0, 0, , , false]} mApnSetting={[ApnSettingV3] Optus Yesinternet, 2930, 50502, yesinternet, , , , , , -1, default | supl, IP, IP, true, 0, 0, 0, false, 0, 0, 0, 0, , , false} mReason=dataDisabled mDataEnabled=false mDependencyMet=true}
08-12 09:13:05.930   544  1146 E Netd    : netlink response contains error (No such file or directory)
08-12 09:13:06.012   518   518 I MSM-irqbalance: Decided to move IRQ159 from CPU5 [P:0] to CPU0 [P:1] (banned)
08-12 09:13:11.031   518   518 I MSM-irqbalance: Decided to move IRQ159 from CPU5 [P:0] to CPU0 [P:1] (banned)
08-12 09:13:16.116   518   518 I MSM-irqbalance: Decided to move IRQ159 from CPU5 [P:0] to CPU0 [P:1] (banned)
08-12 09:13:21.119   518   518 I MSM-irqbalance: Decided to move IRQ159 from CPU5 [P:0] to CPU0 [P:1] (banned)
08-12 09:13:26.122   518   518 I MSM-irqbalance: Decided to move IRQ159 from CPU5 [P:0] to CPU0 [P:1] (banned)
08-12 09:13:31.180   518   518 I MSM-irqbalance: Decided to move IRQ159 from CPU5 [P:0] to CPU0 [P:1] (banned)
08-12 09:13:36.200   518   518 I MSM-irqbalance: Decided to move IRQ159 from CPU5 [P:0] to CPU0 [P:1] (banned)
08-12 09:13:41.219   518   518 I MSM-irqbalance: Decided to move IRQ159 from CPU5 [P:0] to CPU0 [P:1] (banned)
08-12 09:13:44.503 21683 21847 W System.err: java.net.SocketTimeoutException: connect timed out
08-12 09:13:44.540 21683 21847 W System.err: 	at java.net.PlainSocketImpl.socketConnect(Native Method)
08-12 09:13:44.540 21683 21847 W System.err: 	at java.net.AbstractPlainSocketImpl.doConnect(AbstractPlainSocketImpl.java:334)
08-12 09:13:44.540 21683 21847 W System.err: 	at java.net.AbstractPlainSocketImpl.connectToAddress(AbstractPlainSocketImpl.java:196)
08-12 09:13:44.540 21683 21847 W System.err: 	at java.net.AbstractPlainSocketImpl.connect(AbstractPlainSocketImpl.java:178)
08-12 09:13:44.540 21683 21847 W System.err: 	at java.net.SocksSocketImpl.connect(SocksSocketImpl.java:356)
08-12 09:13:44.540 21683 21847 W System.err: 	at java.net.Socket.connect(Socket.java:605)
08-12 09:13:44.540 21683 21847 W System.err: 	at okhttp3.internal.platform.AndroidPlatform.connectSocket(AndroidPlatform.java:71)
08-12 09:13:44.540 21683 21847 W System.err: 	at okhttp3.internal.connection.RealConnection.connectSocket(RealConnection.java:240)
08-12 09:13:44.540 21683 21847 W System.err: 	at okhttp3.internal.connection.RealConnection.connect(RealConnection.java:160)
08-12 09:13:44.540 21683 21847 W System.err: 	at okhttp3.internal.connection.StreamAllocation.findConnection(StreamAllocation.java:257)
08-12 09:13:44.540 21683 21847 W System.err: 	at okhttp3.internal.connection.StreamAllocation.findHealthyConnection(StreamAllocation.java:135)
08-12 09:13:44.540 21683 21847 W System.err: 	at okhttp3.internal.connection.StreamAllocation.newStream(StreamAllocation.java:114)
08-12 09:13:44.541 21683 21847 W System.err: 	at okhttp3.internal.connection.ConnectInterceptor.intercept(ConnectInterceptor.java:42)
08-12 09:13:44.541 21683 21847 W System.err: 	at okhttp3.internal.http.RealInterceptorChain.proceed(RealInterceptorChain.java:147)
08-12 09:13:44.541 21683 21847 W System.err: 	at okhttp3.internal.http.RealInterceptorChain.proceed(RealInterceptorChain.java:121)
08-12 09:13:44.541 21683 21847 W System.err: 	at okhttp3.internal.cache.CacheInterceptor.intercept(CacheInterceptor.java:93)
08-12 09:13:44.541 21683 21847 W System.err: 	at okhttp3.internal.http.RealInterceptorChain.proceed(RealInterceptorChain.java:147)
08-12 09:13:44.541 21683 21847 W System.err: 	at okhttp3.internal.http.RealInterceptorChain.proceed(RealInterceptorChain.java:121)
08-12 09:13:44.541 21683 21847 W System.err: 	at okhttp3.internal.http.BridgeInterceptor.intercept(BridgeInterceptor.java:93)
08-12 09:13:44.541 21683 21847 W System.err: 	at okhttp3.internal.http.RealInterceptorChain.proceed(RealInterceptorChain.java:147)
08-12 09:13:44.541 21683 21847 W System.err: 	at okhttp3.internal.http.RetryAndFollowUpInterceptor.intercept(RetryAndFollowUpInterceptor.java:126)
08-12 09:13:44.541 21683 21847 W System.err: 	at okhttp3.internal.http.RealInterceptorChain.proceed(RealInterceptorChain.java:147)
08-12 09:13:44.541 21683 21847 W System.err: 	at okhttp3.internal.http.RealInterceptorChain.proceed(RealInterceptorChain.java:121)
08-12 09:13:44.541 21683 21847 W System.err: 	at com.synology.sylib.syhttp3.interceptors.RelayInterceptor.intercept(RelayInterceptor.java:91)
08-12 09:13:44.541 21683 21847 W System.err: 	at okhttp3.internal.http.RealInterceptorChain.proceed(RealInterceptorChain.java:147)
08-12 09:13:44.541 21683 21847 W System.err: 	at okhttp3.internal.http.RealInterceptorChain.proceed(RealInterceptorChain.java:121)
08-12 09:13:44.541 21683 21847 W System.err: 	at okhttp3.RealCall.getResponseWithInterceptorChain(RealCall.java:200)
08-12 09:13:44.541 21683 21847 W System.err: 	at okhttp3.RealCall.execute(RealCall.java:77)
08-12 09:13:44.541 21683 21847 W System.err: 	at com.synology.DSfile.WebApiConnectionManager.connect(WebApiConnectionManager.java:276)
08-12 09:13:44.541 21683 21847 W System.err: 	at com.synology.DSfile.WebApiConnectionManager.doWebApiQuery(WebApiConnectionManager.java:228)
08-12 09:13:44.541 21683 21847 W System.err: 	at com.synology.DSfile.WebApiConnectionManager.enumRemoteTask(WebApiConnectionManager.java:1092)
08-12 09:13:44.541 21683 21847 W System.err: 	at com.synology.DSfile.BackgroundTaskService.pollingStatus(BackgroundTaskService.java:616)
08-12 09:13:44.541 21683 21847 W System.err: 	at com.synology.DSfile.BackgroundTaskService.access$400(BackgroundTaskService.java:64)
08-12 09:13:44.541 21683 21847 W System.err: 	at com.synology.DSfile.BackgroundTaskService$PollingHandler.handleMessage(BackgroundTaskService.java:195)
08-12 09:13:44.541 21683 21847 W System.err: 	at android.os.Handler.dispatchMessage(Handler.java:102)
08-12 09:13:44.541 21683 21847 W System.err: 	at android.os.Looper.loop(Looper.java:154)
08-12 09:13:44.541 21683 21847 W System.err: 	at android.os.HandlerThread.run(HandlerThread.java:61)
08-12 09:13:46.308   518   518 I MSM-irqbalance: Decided to move IRQ159 from CPU5 [P:0] to CPU0 [P:1] (banned)
08-12 09:13:46.454 22068 22068 I PA_BitmapLoader: clearCache(false, false, true, false)
08-12 09:13:46.455 22068 22068 I PA_BitmapLoader: evictAll()
08-12 09:13:46.491   531 10134 I chatty  : uid=1047(cameraserver) Binder:531_3 expire 17 lines
08-12 09:13:46.495   531  9968 I chatty  : uid=1047(cameraserver) excal:HalCtrl expire 160 lines
08-12 09:13:46.496   549 31824 I chatty  : uid=1006(camera) mm-qcamera-daem expire 4 lines
08-12 09:13:46.504   549 31826 I chatty  : uid=1006(camera) mm-qcamera-daem expire 1 line
08-12 09:13:46.512   531  9959 I chatty  : uid=1047(cameraserver) Binder:531_2 expire 10 lines
08-12 09:13:46.631   549   549 I chatty  : uid=1006(camera) mm-qcamera-daem expire 27 lines
08-12 09:13:46.641   549 31847 I chatty  : uid=1006(camera) mm-qcamera-daem expire 148 lines
08-12 09:13:46.644   531  9972 I chatty  : uid=1047(cameraserver) excal:ReqCtrl expire 87 lines
08-12 09:13:46.648   531  9970 I chatty  : uid=1047(cameraserver) excal:IqCtrl expire 13 lines
08-12 09:13:46.656   531  9969 I chatty  : uid=1047(cameraserver) excal:IdtCtrl expire 26 lines
08-12 09:13:46.670   531  9983 I chatty  : uid=1047(cameraserver) excal:ImageConv expire 24 lines
08-12 09:13:46.674   531  9975 I chatty  : uid=1047(cameraserver) excal:FaceDetec expire 24 lines
08-12 09:13:46.741   549 31863 I chatty  : uid=1006(camera) mm-qcamera-daem expire 1 line
08-12 09:13:47.571   531 31832 I chatty  : uid=1047(cameraserver) /system/bin/cameraserver expire 1 line
08-12 09:13:47.631   531 31821 I chatty  : uid=1047(cameraserver) /system/bin/cameraserver expire 17 lines
08-12 09:13:47.658   549 31875 I chatty  : uid=1006(camera) mm-qcamera-daem expire 1 line
08-12 09:13:48.163   549 31884 I chatty  : uid=1006(camera) mm-qcamera-daem expire 4 lines
08-12 09:13:48.392   549 31846 I chatty  : uid=1006(camera) mm-qcamera-daem expire 1 line
08-12 09:13:49.180  2143 29576 I chatty  : uid=1000(system) Binder:2143_13 expire 4 lines
08-12 09:13:51.302   518   518 I MSM-irqbalance: Decided to move IRQ159 from CPU6 [P:0] to CPU0 [P:1] (banned)
08-12 09:13:55.087   533  2411 D NuPlayerDriver: reset(0xf632ab40) at state 4
08-12 09:13:55.088   533  2411 D NuPlayerDriver: notifyListener_l(0xf632ab40), (8, 0, 0), loop setting(0, 0)
08-12 09:13:55.088   533 31552 W AMessage: failed to post message as target looper for handler 0 is gone.
08-12 09:13:55.088   533 31552 D NuPlayerDriver: notifyResetComplete(0xf632ab40)
08-12 09:13:55.089   533  2411 D NuPlayerDriver: reset(0xf4b12060) at state 4
08-12 09:13:55.089   533  2411 D NuPlayerDriver: notifyListener_l(0xf4b12060), (8, 0, 0), loop setting(0, 0)
08-12 09:13:55.089   533 31554 W AMessage: failed to post message as target looper for handler 0 is gone.
08-12 09:13:55.090   533 31554 D NuPlayerDriver: notifyResetComplete(0xf4b12060)
08-12 09:13:55.090   533   533 D NuPlayerDriver: reset(0xf632ac60) at state 4
08-12 09:13:55.090   533   533 D NuPlayerDriver: notifyListener_l(0xf632ac60), (8, 0, 0), loop setting(0, 0)
08-12 09:13:55.090   533 31556 W AMessage: failed to post message as target looper for handler 0 is gone.
08-12 09:13:55.091   533 31556 D NuPlayerDriver: notifyResetComplete(0xf632ac60)
08-12 09:13:56.322   518   518 I MSM-irqbalance: Decided to move IRQ159 from CPU6 [P:0] to CPU0 [P:1] (banned)
08-12 09:14:01.379   518   518 I MSM-irqbalance: Decided to move IRQ159 from CPU6 [P:0] to CPU0 [P:1] (banned)
08-12 09:14:06.420   518   518 I MSM-irqbalance: Decided to move IRQ159 from CPU6 [P:0] to CPU0 [P:1] (banned)
08-12 09:14:11.430   518   518 I MSM-irqbalance: Decided to move IRQ159 from CPU6 [P:0] to CPU0 [P:1] (banned)
08-12 09:14:16.500   518   518 I MSM-irqbalance: Decided to move IRQ159 from CPU6 [P:0] to CPU0 [P:1] (banned)
08-12 09:14:21.640   518   518 I MSM-irqbalance: Decided to move IRQ159 from CPU6 [P:0] to CPU0 [P:1] (banned)
08-12 09:14:26.655   518   518 I MSM-irqbalance: Decided to move IRQ159 from CPU6 [P:0] to CPU0 [P:1] (banned)
08-12 09:14:31.780   518   518 I MSM-irqbalance: Decided to move IRQ159 from CPU6 [P:0] to CPU0 [P:1] (banned)
08-12 09:14:36.800   518   518 I MSM-irqbalance: Decided to move IRQ159 from CPU6 [P:0] to CPU0 [P:1] (banned)
08-12 09:14:37.476   449   449 I rmt_storage: rmt_storage_connect_cb: clnt_h=0x1d conn_h=0x7f9ac2a000
08-12 09:14:37.476   449   449 I rmt_storage: rmt_storage_rw_iovec_cb: /boot/modem_fs1: clnt_h=0x1d: req_h=0x1d msg_id=3: R/W request received
08-12 09:14:37.476   449   449 I rmt_storage: wakelock acquired: 1, error no: 42
08-12 09:14:37.476   449  1061 I rmt_storage: rmt_storage_client_thread: /boot/modem_fs1: clnt_h=0x1d Unblock worker thread (th_id: 548055544912)
08-12 09:14:37.560   449  1061 I rmt_storage: rmt_storage_client_thread: /boot/modem_fs1: clnt_h=0x1d: req_h=0x1d msg_id=3: Bytes written = 1572864
08-12 09:14:37.560   449  1061 I rmt_storage: rmt_storage_client_thread: /boot/modem_fs1: clnt_h=0x1d: req_h=0x1d msg_id=3: Send response: res=0 err=0
08-12 09:14:37.560   449  1061 I rmt_storage: rmt_storage_client_thread: /boot/modem_fs1: clnt_h=0x1d About to block rmt_storage client thread (th_id: 548055544912) wakelock released: 1, error no: 0
08-12 09:14:37.560   449  1061 I rmt_storage: 
08-12 09:14:37.563   449   449 I rmt_storage: rmt_storage_disconnect_cb: clnt_h=0x1d conn_h=0x7f9ac2a000
08-12 09:14:37.881  2143 29575 I chatty  : uid=1000(system) Binder:2143_12 expire 2 lines
08-12 09:14:37.887 22068 22068 I PA_BitmapLoader: clearCache(false, false, true, false)
08-12 09:14:37.887 22068 22068 I PA_BitmapLoader: evictAll()
08-12 09:14:37.925   533 31983 D NuPlayerDriver: notifyListener_l(0xf4b12000), (1, 0, 0), loop setting(0, 0)
08-12 09:14:37.929  2143  2263 I chatty  : uid=1000(system) InputDispatcher expire 16 lines
08-12 09:14:37.932   533 31985 D NuPlayerDriver: notifyListener_l(0xf4b12060), (1, 0, 0), loop setting(0, 0)
08-12 09:14:37.938   533 31987 D NuPlayerDriver: notifyListener_l(0xf632b1a0), (1, 0, 0), loop setting(0, 0)
08-12 09:14:37.942   531  9968 I chatty  : uid=1047(cameraserver) excal:HalCtrl expire 143 lines
08-12 09:14:37.944   531  9959 I chatty  : uid=1047(cameraserver) Binder:531_2 expire 17 lines
08-12 09:14:37.945   549 31993 I chatty  : uid=1006(camera) mm-qcamera-daem expire 4 lines
08-12 09:14:37.958   549 31995 I chatty  : uid=1006(camera) mm-qcamera-daem expire 1 line
08-12 09:14:37.958   531 31374 I chatty  : uid=1047(cameraserver) Binder:531_5 expire 13 lines
08-12 09:14:38.097   549   549 I chatty  : uid=1006(camera) mm-qcamera-daem expire 27 lines
08-12 09:14:38.112   549 32016 I chatty  : uid=1006(camera) mm-qcamera-daem expire 148 lines
08-12 09:14:38.122   531  9972 I chatty  : uid=1047(cameraserver) excal:ReqCtrl expire 79 lines
08-12 09:14:38.131   531  9969 I chatty  : uid=1047(cameraserver) excal:IdtCtrl expire 26 lines
08-12 09:14:38.155   531  9983 I chatty  : uid=1047(cameraserver) excal:ImageConv expire 24 lines
08-12 09:14:38.166   531  9975 I chatty  : uid=1047(cameraserver) excal:FaceDetec expire 24 lines
08-12 09:14:38.167   531  9971 I chatty  : uid=1047(cameraserver) excal:FocusStat expire 10 lines
08-12 09:14:38.240   549 32032 I chatty  : uid=1006(camera) mm-qcamera-daem expire 1 line
08-12 09:14:38.316   531  9974 I chatty  : uid=1047(cameraserver) excal:StreamCtr expire 10 lines
08-12 09:14:38.494   531  9982 I chatty  : uid=1047(cameraserver) excal:StreamCtr expire 10 lines
08-12 09:14:38.501   549 32031 I chatty  : uid=1006(camera) mm-qcamera-daem expire 1 line
08-12 09:14:38.653   531 31990 I chatty  : uid=1047(cameraserver) /system/bin/cameraserver expire 23 lines
08-12 09:14:38.663   549 32044 I chatty  : uid=1006(camera) mm-qcamera-daem expire 1 line
08-12 09:14:38.753   531 31373 I chatty  : uid=1047(cameraserver) Binder:531_4 expire 10 lines
08-12 09:14:39.308   549 32062 I chatty  : uid=1006(camera) mm-qcamera-daem expire 4 lines
08-12 09:14:39.316   533 10114 D NuPlayerDriver: reset(0xf4b12000) at state 4
08-12 09:14:39.317   533 10114 D NuPlayerDriver: notifyListener_l(0xf4b12000), (8, 0, 0), loop setting(0, 0)
08-12 09:14:39.317   533 31983 W AMessage: failed to post message as target looper for handler 0 is gone.
08-12 09:14:39.317   533 31983 D NuPlayerDriver: notifyResetComplete(0xf4b12000)
08-12 09:14:39.318   533 10114 D NuPlayerDriver: reset(0xf4b12060) at state 4
08-12 09:14:39.318   533 10114 D NuPlayerDriver: notifyListener_l(0xf4b12060), (8, 0, 0), loop setting(0, 0)
08-12 09:14:39.318   533 31985 W AMessage: failed to post message as target looper for handler 0 is gone.
08-12 09:14:39.318   533 31985 D NuPlayerDriver: notifyResetComplete(0xf4b12060)
08-12 09:14:39.319   533 31877 D NuPlayerDriver: reset(0xf632b1a0) at state 4
08-12 09:14:39.319   533 31877 D NuPlayerDriver: notifyListener_l(0xf632b1a0), (8, 0, 0), loop setting(0, 0)
08-12 09:14:39.319   533 31987 W AMessage: failed to post message as target looper for handler 0 is gone.
08-12 09:14:39.319   533 31987 D NuPlayerDriver: notifyResetComplete(0xf632b1a0)
08-12 09:14:39.545   549 32015 I chatty  : uid=1006(camera) mm-qcamera-daem expire 1 line
08-12 09:14:40.264  2143  3345 I chatty  : uid=1000(system) Binder:2143_C expire 2 lines
08-12 09:14:40.758 13812 32130 W GAv4-SVC: Network compressed POST connection error: java.net.ConnectException: Connection refused
08-12 09:14:41.923   518   518 I MSM-irqbalance: Decided to move IRQ159 from CPU4 [P:0] to CPU0 [P:1] (banned)
08-12 09:14:46.930   518   518 I MSM-irqbalance: Decided to move IRQ159 from CPU4 [P:0] to CPU0 [P:1] (banned)
08-12 09:14:51.952   518   518 I MSM-irqbalance: Decided to move IRQ159 from CPU4 [P:0] to CPU0 [P:1] (banned)
08-12 09:14:55.500  2143  2263 I chatty  : uid=1000(system) InputDispatcher expire 26 lines
08-12 09:14:55.502 22068 22068 I PA_BitmapLoader: clearCache(false, false, true, false)
08-12 09:14:55.502 22068 22068 I PA_BitmapLoader: evictAll()
08-12 09:14:55.539   533 32145 D NuPlayerDriver: notifyListener_l(0xf632ad20), (1, 0, 0), loop setting(0, 0)
08-12 09:14:55.547   533 32147 D NuPlayerDriver: notifyListener_l(0xf4b12060), (1, 0, 0), loop setting(0, 0)
08-12 09:14:55.553   533 32149 D NuPlayerDriver: notifyListener_l(0xf632b1a0), (1, 0, 0), loop setting(0, 0)
08-12 09:14:55.561   531  9968 I chatty  : uid=1047(cameraserver) excal:HalCtrl expire 155 lines
08-12 09:14:55.562   531   531 I chatty  : uid=1047(cameraserver) /system/bin/cameraserver expire 16 lines
08-12 09:14:55.563   549 32155 I chatty  : uid=1006(camera) mm-qcamera-daem expire 4 lines
08-12 09:14:55.568   549 32157 I chatty  : uid=1006(camera) mm-qcamera-daem expire 1 line
08-12 09:14:55.574   531 10134 I chatty  : uid=1047(cameraserver) Binder:531_3 expire 10 lines
08-12 09:14:55.707   549   549 I chatty  : uid=1006(camera) mm-qcamera-daem expire 27 lines
08-12 09:14:55.724   549 32178 I chatty  : uid=1006(camera) mm-qcamera-daem expire 148 lines
08-12 09:14:55.731   531  9972 I chatty  : uid=1047(cameraserver) excal:ReqCtrl expire 79 lines
08-12 09:14:55.732   531  9986 I chatty  : uid=1047(cameraserver) excal:ColorCtrl expire 10 lines
08-12 09:14:55.733   531  9970 I chatty  : uid=1047(cameraserver) excal:IqCtrl expire 10 lines
08-12 09:14:55.740   531  9969 I chatty  : uid=1047(cameraserver) excal:IdtCtrl expire 26 lines
08-12 09:14:55.771   531  9983 I chatty  : uid=1047(cameraserver) excal:ImageConv expire 24 lines
08-12 09:14:55.775   531  9975 I chatty  : uid=1047(cameraserver) excal:FaceDetec expire 24 lines
08-12 09:14:55.852   549 32194 I chatty  : uid=1006(camera) <-transport expire 1 line
08-12 09:14:56.659   531  2175 I chatty  : uid=1047(cameraserver) Binder:531_1 expire 11 lines
08-12 09:14:56.661   531 32159 I chatty  : uid=1047(cameraserver) /system/bin/cameraserver expire 1 line
08-12 09:14:56.741   531 32152 I chatty  : uid=1047(cameraserver) /system/bin/cameraserver expire 23 lines
08-12 09:14:56.758   549 32216 I chatty  : uid=1006(camera) mm-qcamera-daem expire 1 line
08-12 09:14:56.889 32199 32199 I art     : Starting a blocking GC AddRemoveAppImageSpace
08-12 09:14:56.931  2143  2165 I chatty  : uid=1000(system) HeapTaskDaemon expire 10 lines
08-12 09:14:56.943   518   518 I MSM-irqbalance: Decided to move IRQ159 from CPU7 [P:0] to CPU0 [P:1] (banned)
08-12 09:14:56.943   518   518 I MSM-irqbalance: Decided to move IRQ159 from CPU4 [P:0] to CPU3 [P:1] (banned)
08-12 09:14:56.946   549 32236 I chatty  : uid=1006(camera) mm-qcamera-daem expire 4 lines
08-12 09:14:56.955   533 10114 D NuPlayerDriver: reset(0xf632ad20) at state 4
08-12 09:14:56.955   533 10114 D NuPlayerDriver: notifyListener_l(0xf632ad20), (8, 0, 0), loop setting(0, 0)
08-12 09:14:56.955   533 32145 W AMessage: failed to post message as target looper for handler 0 is gone.
08-12 09:14:56.956   533 32145 D NuPlayerDriver: notifyResetComplete(0xf632ad20)
08-12 09:14:56.956   533 31877 D NuPlayerDriver: reset(0xf4b12060) at state 4
08-12 09:14:56.956   533 31877 D NuPlayerDriver: notifyListener_l(0xf4b12060), (8, 0, 0), loop setting(0, 0)
08-12 09:14:56.957   533 32147 W AMessage: failed to post message as target looper for handler 0 is gone.
08-12 09:14:56.957   533 32147 D NuPlayerDriver: notifyResetComplete(0xf4b12060)
08-12 09:14:56.957   533   533 D NuPlayerDriver: reset(0xf632b1a0) at state 4
08-12 09:14:56.957   533   533 D NuPlayerDriver: notifyListener_l(0xf632b1a0), (8, 0, 0), loop setting(0, 0)
08-12 09:14:56.958   533 32149 W AMessage: failed to post message as target looper for handler 0 is gone.
08-12 09:14:56.958   533 32149 D NuPlayerDriver: notifyResetComplete(0xf632b1a0)
08-12 09:14:57.019 32199 32199 W System  : ClassLoader referenced unknown path: /data/app/com.dvtonder.chronus-1/lib/arm64
08-12 09:14:57.025 32199 32199 I art     : Starting a blocking GC Xposed
08-12 09:14:57.177   549 32177 I chatty  : uid=1006(camera) mm-qcamera-daem expire 1 line
08-12 09:14:57.179 32199 32199 I FirebaseInitProvider: FirebaseApp initialization successful
08-12 09:14:57.275 32199 32254 D ApplicationLoaders: ignored Vulkan layer search path /data/app/com.google.android.gms-1/lib/arm64:/data/app/com.google.android.gms-1/base.apk!/lib/arm64-v8a for namespace 0x7f83cca0f0
08-12 09:14:57.304 32199 32260 I FA      : App measurement is starting up, version: 16250
08-12 09:14:57.307 32199 32260 I FA      : To enable debug logging run: adb shell setprop log.tag.FA VERBOSE
08-12 09:14:57.308 32199 32260 I FA      : To enable faster debug mode event logging run:
08-12 09:14:57.308 32199 32260 I FA      :   adb shell setprop debug.firebase.analytics.app com.dvtonder.chronus
08-12 09:14:57.312 32199 32199 I CrashlyticsCore: Initializing Crashlytics Core 2.7.0.33
08-12 09:14:57.333 32199 32199 I CrashlyticsInitProvider: CrashlyticsInitProvider initialization successful
08-12 09:14:57.352 22068 22068 I PA_BitmapLoader: clearCache(false, false, true, false)
08-12 09:14:57.352 22068 22068 I PA_BitmapLoader: evictAll()
08-12 09:14:57.366 32199 32254 V FA      : Deferring to Google Analytics for Firebase for event data collection. https://goo.gl/J1sWQy
08-12 09:14:57.417 32199 32254 W art     : Found duplicate classes, falling back to interpreter mode for /data/user_de/0/com.google.android.gms/app_chimera/m/00000078/DynamiteLoader.apk
08-12 09:14:57.417 32199 32254 W art     : Found duplicated class when checking oat files: 'Landroid/support/annotation/Keep;' in /data/user_de/0/com.google.android.gms/app_chimera/m/00000078/DynamiteLoader.apk and /data/app/de.defim.apk.bootmanager-1/base.apk
08-12 09:14:57.437 32199 32254 I DynamiteModule: Considering local module com.google.android.gms.ads.dynamite:0 and remote module com.google.android.gms.ads.dynamite:20300
08-12 09:14:57.437 32199 32254 I DynamiteModule: Selected remote version of com.google.android.gms.ads.dynamite, version >= 20300
08-12 09:14:57.437 32199 32254 V DynamiteModule: Dynamite loader version >= 2, using loadModule2NoCrashUtils
08-12 09:14:57.450 32199 32254 W System  : ClassLoader referenced unknown path: 
08-12 09:14:57.451 32199 32254 D ApplicationLoaders: ignored Vulkan layer search path /data/app/com.google.android.gms-1/lib/arm64:/data/app/com.google.android.gms-1/base.apk!/lib/arm64-v8a for namespace 0x7f83cca160
08-12 09:14:57.471 32199 32254 W ChimeraDebugLogger: Singleton logger instance not set.
08-12 09:14:57.494 32199 32254 W art     : Found duplicate classes, falling back to interpreter mode for /data/user_de/0/com.google.android.gms/app_chimera/m/0000006b/dl-AdsFdrDynamite.integ_20300000006.apk
08-12 09:14:57.494 32199 32254 W art     : Found duplicated class when checking oat files: 'Lb;' in /data/user_de/0/com.google.android.gms/app_chimera/m/0000006b/dl-AdsFdrDynamite.integ_20300000006.apk and /data/app/com.google.android.gms-1/base.apk
08-12 09:14:57.664 32284 32284 I art     : Starting a blocking GC AddRemoveAppImageSpace
08-12 09:14:57.783 32284 32284 I art     : Starting a blocking GC Xposed
08-12 09:14:57.801 32199 32334 D WeatherUpdateJob: Weather update can or should not run ... stopping
08-12 09:14:58.006 32199 32254 W System  : ClassLoader referenced unknown path: /data/user_de/0/com.google.android.gms/app_chimera/m/0000006b/n/arm64-v8a
08-12 09:14:58.077  2143  3329 I chatty  : uid=1000(system) Binder:2143_A expire 6 lines
08-12 09:14:58.359 32365 32365 I art     : Starting a blocking GC AddRemoveAppImageSpace
08-12 09:14:58.361 32365 32365 W System  : ClassLoader referenced unknown path: /system/priv-app/GoogleServicesFramework/lib/arm64
08-12 09:14:58.368 32365 32365 I art     : Starting a blocking GC Xposed
08-12 09:14:58.460 32365 32365 I GservicesProvider: Gservices pushing to system: true; secure/global: true
08-12 09:14:58.563 32365 32365 I GoogleHttpClient: GMS http client unavailable, use old client
08-12 09:14:58.677 32284 32360 I Finsky  : [566] peg.a(39): Started reading experiment flags from file [SKocQA9EQQFTb-1gQsc5WsjVhGA].
08-12 09:14:58.698 32284 32360 I Finsky  : [566] peg.a(45): Finished reading experiment flags from file [SKocQA9EQQFTb-1gQsc5WsjVhGA].
08-12 09:14:58.716 32284 32360 I Finsky  : [566] peg.a(39): Started reading experiment flags from file [dlNZoLhl_TjSP2D0KafVYvu0rxY].
08-12 09:14:58.719 32284 32360 I Finsky  : [566] peg.a(45): Finished reading experiment flags from file [dlNZoLhl_TjSP2D0KafVYvu0rxY].
08-12 09:14:58.738 32284 32284 I Finsky  : [1] peg.a(39): Started reading experiment flags from file [v6B-2IolLQRBwrwPhscSaeg04As].
08-12 09:14:58.743 32284 32284 I Finsky  : [1] peg.a(45): Finished reading experiment flags from file [v6B-2IolLQRBwrwPhscSaeg04As].
08-12 09:14:58.775 32284 32284 I Finsky  : [1] rhd.<init>(8): Resetting scheduler db
08-12 09:14:58.804 32284 32357 W PrimesInit: Primes instant initialization
08-12 09:14:58.805 32284 32416 W Primes  : background initialization
08-12 09:14:58.814 32284 32358 I Finsky  : [564] dxv.aR(9): Disable SystemUpdateActivity, because Android is lower than Q
08-12 09:14:58.815 32284 32355 I Finsky  : [561] dxv.X(6): Not a unicorn account
08-12 09:14:58.815 32284 32417 I Finsky  : [579] dyh.run(3): Set SystemUpdateActivity enabled state to 2
08-12 09:14:58.830 32284 32355 W Settings: Setting download_manager_max_bytes_over_mobile has moved from android.provider.Settings.Secure to android.provider.Settings.Global.
08-12 09:14:58.836 32284 32416 I PrimesTesting: GserviceFlagsSupplier.get()
08-12 09:14:58.841 32284 32355 I Finsky  : [561] ogh.a(8): SettingNotFoundException, fall through to G.downloadBytesOverMobileMaximum
08-12 09:14:58.841 32284 32355 W Settings: Setting download_manager_recommended_max_bytes_over_mobile has moved from android.provider.Settings.Secure to android.provider.Settings.Global.
08-12 09:14:58.842 32284 32355 I Finsky  : [561] ogh.a(11): SettingNotFoundException, fall through to G.downloadBytesOverMobileRecommended
08-12 09:14:58.862 32284 32358 I Finsky  : [564] wqp.e(1): Setup app restrictions monitor
08-12 09:14:58.868 32284 32358 I Finsky  : [564] wsf.a(4): Device wide unknown source restriction is changed.
08-12 09:14:58.884 32284 32356 I cr_CronetLibraryLoader: Cronet version: 76.0.3809.21, arch: armv8l
08-12 09:14:59.076 32284 32284 I Finsky  : [1] obk.onTrimMemory(1): Memory trim requested to level 5
08-12 09:14:59.143 32284 32284 I Finsky  : [1] lie.a(44): Installer: Attempting to start installer
08-12 09:14:59.200 32284 32284 I Finsky  : [1] lhl.<init>(7): Not checking if recovering from paused session because experiment is off
08-12 09:14:59.260 32284 32284 I Finsky  : [1] lie.a(250): Installer kick - no action, not running yet
08-12 09:14:59.269 32284 32284 I Finsky  : [1] lie.a(250): Installer kick - no action, not running yet
08-12 09:14:59.329 32284 32360 D NetworkSecurityConfig: No Network Security Config specified, using platform default
08-12 09:14:59.344 32284 32360 W System  : ClassLoader referenced unknown path: /system/framework/tcmclient.jar
08-12 09:14:59.493 32464 32464 W System  : ClassLoader referenced unknown path: /system/priv-app/DownloadProvider/lib/arm64
08-12 09:14:59.526 32464 32464 I art     : Starting a blocking GC Xposed
08-12 09:14:59.537 32464 32464 I art     : Starting a blocking GC Xposed
08-12 09:14:59.539 32464 32464 I art     : Starting a blocking GC Xposed
08-12 09:14:59.897 32284 32284 I Finsky  : [1] rhd.b(5): Jobs in database: 1-1337 26-1414141414 29-29 
08-12 09:14:59.898 32284 32284 I Finsky  : [1] ree.a(59): ConstraintMapping: 1-1337,  -> L: 8133902ms, D: 51333902ms, C: false, I: false, N: 1
08-12 09:14:59.899 32284 32284 I Finsky  : [1] ree.a(59): ConstraintMapping: 26-1414141414, 29-29,  -> L: 28852ms, D: 58852ms, C: false, I: false, N: 0
08-12 09:14:59.908 32284 32284 I Finsky  : [1] com.google.android.finsky.scheduler.JobSchedulerEngine.a(45): Cancelling existing jobscheduler jobs: 9002 9001 
08-12 09:14:59.909 32284 32284 I Finsky  : [1] com.google.android.finsky.scheduler.JobSchedulerEngine.a(1): Scheduling job Id: 9000, L: 8133902, D: 51333902, C: false, I: false, N: 1
08-12 09:14:59.914 32284 32284 I Finsky  : [1] com.google.android.finsky.scheduler.JobSchedulerEngine.a(1): Scheduling job Id: 9003, L: 28852, D: 58852, C: false, I: false, N: 0
08-12 09:14:59.926 32464 32464 W System  : ClassLoader referenced unknown path: /system/priv-app/MediaProvider/lib/arm64
08-12 09:14:59.927 32464 32464 D ApplicationLoaders: ignored Vulkan layer search path /system/priv-app/MediaProvider/lib/arm64:/system/priv-app/MediaProvider/MediaProvider.apk!/lib/arm64-v8a:/system/lib64:/vendor/lib64 for namespace 0x7f83cca0f0
08-12 09:15:00.482 32284 32284 I Finsky  : [1] lkh.a(4): Installer: Installer starting, recovering 0 running downloads
08-12 09:15:00.483 32284 32458 I Finsky  : [608] lku.run(2): Installer: Installer starting, cleaning up sessions.
08-12 09:15:00.483 32284 32458 I Finsky  : [608] lku.run(4): Installer: Installer started.
08-12 09:15:00.486 32284 32284 I Finsky  : [1] lie.a(255): Installer: found apps to install. apps=[]
08-12 09:15:00.496 32284 32425 I Finsky  : [583] nms.a(13): Loaded library for account: [5MeYaH-N7lD_Wnb85F7plgtVFtI]
08-12 09:15:00.497 32284 32425 I Finsky  : [583] nms.a(15): Finished loading 1 libraries.
08-12 09:15:00.541 32284 32296 I Finsky  : [556] fpk.b(2): com.dvtonder.chronus: Account determined from installer data - [5MeYaH-N7lD_Wnb85F7plgtVFtI]
08-12 09:15:00.541 32284 32296 I Finsky  : [556] fpk.b(2): com.dvtonder.chronus: Account from preferred account - [5MeYaH-N7lD_Wnb85F7plgtVFtI]
08-12 09:15:00.585 32284 32284 I Finsky  : [1] sjw.a(37): Connecting InstallListener to SplitInstallService broadcaster...
08-12 09:15:00.592 32284 32457 I Finsky  : [609] fpk.b(2): com.dvtonder.chronus: Account determined from installer data - [5MeYaH-N7lD_Wnb85F7plgtVFtI]
08-12 09:15:00.592 32284 32457 I Finsky  : [609] fpk.b(2): com.dvtonder.chronus: Account from preferred account - [5MeYaH-N7lD_Wnb85F7plgtVFtI]
08-12 09:15:00.607 32284 32295 I Finsky  : [555] fpk.b(2): com.dvtonder.chronus: Account determined from installer data - [5MeYaH-N7lD_Wnb85F7plgtVFtI]
08-12 09:15:00.608 32284 32295 I Finsky  : [555] fpk.b(2): com.dvtonder.chronus: Account from preferred account - [5MeYaH-N7lD_Wnb85F7plgtVFtI]
08-12 09:15:00.614 32284 32296 I Finsky  : [556] fpk.b(2): com.dvtonder.chronus: Account determined from installer data - [5MeYaH-N7lD_Wnb85F7plgtVFtI]
08-12 09:15:00.615 32284 32296 I Finsky  : [556] fpk.b(2): com.dvtonder.chronus: Account from preferred account - [5MeYaH-N7lD_Wnb85F7plgtVFtI]
08-12 09:15:00.623 32284 32457 I Finsky  : [609] fpk.b(2): com.dvtonder.chronus: Account determined from installer data - [5MeYaH-N7lD_Wnb85F7plgtVFtI]
08-12 09:15:00.624 32284 32457 I Finsky  : [609] fpk.b(2): com.dvtonder.chronus: Account from preferred account - [5MeYaH-N7lD_Wnb85F7plgtVFtI]
08-12 09:15:00.682 32284 32284 I Finsky  : [1] obk.onTrimMemory(1): Memory trim requested to level 40
08-12 09:15:00.726 22068 22068 I PA_BitmapLoader: clearCache(false, false, true, false)
08-12 09:15:00.726 22068 22068 I PA_BitmapLoader: evictAll()
08-12 09:15:00.744 22068 22068 I PA_BitmapLoader: clearCache(false, false, true, false)
08-12 09:15:00.744 22068 22068 I PA_BitmapLoader: evictAll()
08-12 09:15:01.125 32493 32493 I art     : Starting a blocking GC AddRemoveAppImageSpace
08-12 09:15:01.194 32493 32493 W System  : ClassLoader referenced unknown path: /system/app/DeskClock/lib/arm64
08-12 09:15:01.203 32493 32493 I art     : Starting a blocking GC Xposed
08-12 09:15:01.385 22068 22068 I PA_BitmapLoader: clearCache(false, false, true, false)
08-12 09:15:01.385 22068 22068 I PA_BitmapLoader: evictAll()
08-12 09:15:01.402 32284 32284 I Finsky  : [1] obk.onTrimMemory(1): Memory trim requested to level 40
08-12 09:15:01.609 22068 22068 I PA_BitmapLoader: clearCache(false, false, true, false)
08-12 09:15:01.609 22068 22068 I PA_BitmapLoader: evictAll()
08-12 09:15:01.670  2561  2594 D TelephonyProvider: subIdString = 1 subId = 1
08-12 09:15:01.942   518   518 I MSM-irqbalance: Decided to move IRQ159 from CPU5 [P:0] to CPU0 [P:1] (banned)
08-12 09:15:02.000 22068 22068 I PA_BitmapLoader: clearCache(false, false, true, false)
08-12 09:15:02.000 22068 22068 I PA_BitmapLoader: evictAll()
08-12 09:15:02.012 22068 22068 I PA_BitmapLoader: clearCache(false, false, true, false)
08-12 09:15:02.012 22068 22068 I PA_BitmapLoader: evictAll()
08-12 09:15:06.950   518   518 I MSM-irqbalance: Decided to move IRQ159 from CPU5 [P:0] to CPU0 [P:1] (banned)
08-12 09:15:07.032 22068 22068 I PA_BitmapLoader: clearCache(false, false, true, false)
08-12 09:15:07.032 22068 22068 I PA_BitmapLoader: evictAll()
08-12 09:15:08.230 22068 22068 I PA_BitmapLoader: clearCache(false, false, true, false)
08-12 09:15:08.230 22068 22068 I PA_BitmapLoader: evictAll()
08-12 09:15:08.821 32284 32404 I Finsky  : [568] dyo.run(3): Initializing the instant apps module.
08-12 09:15:08.834 32284 32417 I ShortcutBadger: Checking if platform supports badge counters, attempt 1/3.
08-12 09:15:08.854 32284 32425 E Finsky  : [583] gsp.a(24): Unable to build selector: /storage/emulated/0/Download/marketenvs.csv (No such file or directory)
08-12 09:15:08.862 32284 32417 I ShortcutBadger: Checking if platform supports badge counters, attempt 2/3.
08-12 09:15:08.884 32284 32417 I ShortcutBadger: Checking if platform supports badge counters, attempt 3/3.
08-12 09:15:08.889 32284 32417 W ShortcutBadger: Badge counter seems not supported in this platform: Unknown URL content://com.teslacoilsw.notifier/unread_count
08-12 09:15:08.892 32284 32413 I Finsky  : [575] wqp.g(3): Restoring notifications
08-12 09:15:08.900 32284 32417 I Finsky  : [579] dxx.run(7): Component class com.google.android.finsky.wear.WearSupportService disabled via PackageManager.
08-12 09:15:08.901 32284 32417 I Finsky  : [579] dxx.run(7): Component class com.google.android.finsky.wear.WearChangeListenerService disabled via PackageManager.
08-12 09:15:08.902 32284 32417 I Finsky  : [579] xny.a(11): Do not start WearSupportService due to Wear service optimization
08-12 09:15:08.928 32284 32414 I Finsky  : [576] pen.b(1): Triggered update for experiment package com.google.android.finsky.regular.
08-12 09:15:08.943 32284 32413 I Finsky  : [575] wqp.g(7): Done restoring notifications
08-12 09:15:09.206 32284 32414 I Finsky  : [576] pen.b(6): Already at the latest configurations for experiment package com.google.android.finsky.regular.
08-12 09:15:09.208 32284 32460 I Finsky  : [611] pen.b(1): Triggered update for experiment package com.google.android.finsky.stable.
08-12 09:15:09.250 32284 32460 I Finsky  : [611] pen.b(6): Already at the latest configurations for experiment package com.google.android.finsky.stable.
08-12 09:15:09.251 32284 32462 I Finsky  : [612] pen.b(1): Triggered update for experiment package com.google.android.finsky.regular.
08-12 09:15:09.300 32284 32462 I Finsky  : [612] pen.b(6): Already at the latest configurations for experiment package com.google.android.finsky.regular.
08-12 09:15:10.558 32284 32284 I Finsky  : [1] rvd.run(5): Detected restoreservicev2://recovery not needed, will not run
08-12 09:15:12.109   518   518 I MSM-irqbalance: Decided to move IRQ159 from CPU5 [P:0] to CPU0 [P:1] (banned)
08-12 09:15:17.104   518   518 I MSM-irqbalance: Decided to move IRQ159 from CPU5 [P:0] to CPU0 [P:1] (banned)
08-12 09:15:22.160   518   518 I MSM-irqbalance: Decided to move IRQ159 from CPU5 [P:0] to CPU0 [P:1] (banned)
08-12 09:15:27.170   518   518 I MSM-irqbalance: Decided to move IRQ159 from CPU5 [P:0] to CPU0 [P:1] (banned)
08-12 09:15:28.811 32284 32284 I Finsky  : [1] com.google.android.finsky.scheduler.JobSchedulerEngine$PhoneskyJobSchedulerJobService.onStartJob(3): onJobSchedulerWakeup with jobId 9003
08-12 09:15:28.823 32284 32284 I Finsky  : [1] rfd.a(5): Scheduling fallback in 43199994 (absolute: 179289828)
08-12 09:15:28.833 32284 32284 I Finsky  : [1] rfd.a(5): Scheduling fallback in 64799992 (absolute: 200889835)
08-12 09:15:28.915 32284 32284 I Finsky  : [1] rfn.handleMessage(19): DeviceState: DeviceState{currentTime=1565565328901, isCharging=false, isIdle=false, netAny=true, netNotRoaming=true, netUnmetered=true, batteryPercent=92.0}
08-12 09:15:28.927 32284 32411 I Finsky  : [573] rhd.b(5): Jobs in database: 1-1337 26-1414141414 29-29 
08-12 09:15:28.932 32284 32284 I Finsky  : [1] rfg.a(22): Running job: 29-29
08-12 09:15:28.937 32284 32284 I Finsky  : [1] rfn.handleMessage(92): RunningQueue size: 1, PendingQueue size: 0
08-12 09:15:28.938 32284 32284 I Finsky  : [1] rfn.handleMessage(101): Running queue: 29-29 
08-12 09:15:28.949 32284 32529 I Finsky  : [633] wfe.a(1): ProcessRecoveryLogsUtil: No files in recovery directory
08-12 09:15:28.949 32284 32529 I Finsky  : [633] rgw.a(4): jobFinished: 29-29. TimeElapsed: 16ms
08-12 09:15:28.950 32284 32284 I Finsky  : [1] rfg.c(3): Job 29-29 finished
08-12 09:15:28.951 32284 32284 I Finsky  : [1] rfn.handleMessage(92): RunningQueue size: 0, PendingQueue size: 0
08-12 09:15:28.952 32284 32284 I Finsky  : [1] rfn.handleMessage(36): Executor finished
08-12 09:15:28.961 32284 32284 I Finsky  : [1] obk.onTrimMemory(1): Memory trim requested to level 60
08-12 09:15:28.973 32284 32284 I Finsky  : [1] rhd.b(5): Jobs in database: 1-1337 26-1414141414 
08-12 09:15:28.974 32284 32284 I Finsky  : [1] ree.a(59): ConstraintMapping: 1-1337,  -> L: 8104826ms, D: 51304826ms, C: false, I: false, N: 1
08-12 09:15:28.974 32284 32284 I Finsky  : [1] ree.a(59): ConstraintMapping: 26-1414141414,  -> L: 21461940ms, D: 22361940ms, C: false, I: false, N: 0
08-12 09:15:28.977 32284 32284 I Finsky  : [1] com.google.android.finsky.scheduler.JobSchedulerEngine.a(45): Cancelling existing jobscheduler jobs: 9000 
08-12 09:15:28.977 32284 32284 I Finsky  : [1] com.google.android.finsky.scheduler.JobSchedulerEngine.a(1): Scheduling job Id: 9001, L: 8104826, D: 51304826, C: false, I: false, N: 1
08-12 09:15:28.980 32284 32284 I Finsky  : [1] com.google.android.finsky.scheduler.JobSchedulerEngine.a(1): Scheduling job Id: 9002, L: 21461940, D: 22361940, C: false, I: false, N: 0
08-12 09:15:32.171   518   518 I MSM-irqbalance: Decided to move IRQ159 from CPU5 [P:0] to CPU0 [P:1] (banned)
08-12 09:15:33.006 13812 29706 I CastDatabase: Saving the database
08-12 09:15:33.032 13812 29706 E SQLiteCastStore: Skip saving CastDeviceInfo: "Nearby device" (__cast_nearby___V_ea40af21-4fb8-417d-9bd9-63d4f14e1fe8)
08-12 09:15:33.036 13812 29706 I SQLiteCastStore: [CastNetworkInfo] saved: 4, skipped: 0, [CastDeviceInfo]: saved 6, skipped 1, [Paired Guest Mode DeviceInfo] saved: 0, skipped: 0. [ProbedNetworks]: saved 0, skipped: 0, [ProbedSocketAddress]: saved 5, skipped: 0, [Network-Device pairs]: saved: 4
08-12 09:15:37.169   518   518 I MSM-irqbalance: Decided to move IRQ159 from CPU5 [P:0] to CPU0 [P:1] (banned)
08-12 09:15:42.179   518   518 I MSM-irqbalance: Decided to move IRQ159 from CPU5 [P:0] to CPU0 [P:1] (banned)
08-12 09:15:47.286   518   518 I MSM-irqbalance: Decided to move IRQ159 from CPU5 [P:0] to CPU0 [P:1] (banned)
08-12 09:15:47.656 21683 21847 W System.err: java.net.SocketTimeoutException: connect timed out
08-12 09:15:47.657 21683 21847 W System.err: 	at java.net.PlainSocketImpl.socketConnect(Native Method)
08-12 09:15:47.657 21683 21847 W System.err: 	at java.net.AbstractPlainSocketImpl.doConnect(AbstractPlainSocketImpl.java:334)
08-12 09:15:47.657 21683 21847 W System.err: 	at java.net.AbstractPlainSocketImpl.connectToAddress(AbstractPlainSocketImpl.java:196)
08-12 09:15:47.657 21683 21847 W System.err: 	at java.net.AbstractPlainSocketImpl.connect(AbstractPlainSocketImpl.java:178)
08-12 09:15:47.657 21683 21847 W System.err: 	at java.net.SocksSocketImpl.connect(SocksSocketImpl.java:356)
08-12 09:15:47.657 21683 21847 W System.err: 	at java.net.Socket.connect(Socket.java:605)
08-12 09:15:47.658 21683 21847 W System.err: 	at okhttp3.internal.platform.AndroidPlatform.connectSocket(AndroidPlatform.java:71)
08-12 09:15:47.658 21683 21847 W System.err: 	at okhttp3.internal.connection.RealConnection.connectSocket(RealConnection.java:240)
08-12 09:15:47.658 21683 21847 W System.err: 	at okhttp3.internal.connection.RealConnection.connect(RealConnection.java:160)
08-12 09:15:47.658 21683 21847 W System.err: 	at okhttp3.internal.connection.StreamAllocation.findConnection(StreamAllocation.java:257)
08-12 09:15:47.658 21683 21847 W System.err: 	at okhttp3.internal.connection.StreamAllocation.findHealthyConnection(StreamAllocation.java:135)
08-12 09:15:47.658 21683 21847 W System.err: 	at okhttp3.internal.connection.StreamAllocation.newStream(StreamAllocation.java:114)
08-12 09:15:47.658 21683 21847 W System.err: 	at okhttp3.internal.connection.ConnectInterceptor.intercept(ConnectInterceptor.java:42)
08-12 09:15:47.658 21683 21847 W System.err: 	at okhttp3.internal.http.RealInterceptorChain.proceed(RealInterceptorChain.java:147)
08-12 09:15:47.658 21683 21847 W System.err: 	at okhttp3.internal.http.RealInterceptorChain.proceed(RealInterceptorChain.java:121)
08-12 09:15:47.659 21683 21847 W System.err: 	at okhttp3.internal.cache.CacheInterceptor.intercept(CacheInterceptor.java:93)
08-12 09:15:47.659 21683 21847 W System.err: 	at okhttp3.internal.http.RealInterceptorChain.proceed(RealInterceptorChain.java:147)
08-12 09:15:47.659 21683 21847 W System.err: 	at okhttp3.internal.http.RealInterceptorChain.proceed(RealInterceptorChain.java:121)
08-12 09:15:47.659 21683 21847 W System.err: 	at okhttp3.internal.http.BridgeInterceptor.intercept(BridgeInterceptor.java:93)
08-12 09:15:47.659 21683 21847 W System.err: 	at okhttp3.internal.http.RealInterceptorChain.proceed(RealInterceptorChain.java:147)
08-12 09:15:47.659 21683 21847 W System.err: 	at okhttp3.internal.http.RetryAndFollowUpInterceptor.intercept(RetryAndFollowUpInterceptor.java:126)
08-12 09:15:47.659 21683 21847 W System.err: 	at okhttp3.internal.http.RealInterceptorChain.proceed(RealInterceptorChain.java:147)
08-12 09:15:47.659 21683 21847 W System.err: 	at okhttp3.internal.http.RealInterceptorChain.proceed(RealInterceptorChain.java:121)
08-12 09:15:47.659 21683 21847 W System.err: 	at com.synology.sylib.syhttp3.interceptors.RelayInterceptor.intercept(RelayInterceptor.java:91)
08-12 09:15:47.663 21683 21847 W System.err: 	at okhttp3.internal.http.RealInterceptorChain.proceed(RealInterceptorChain.java:147)
08-12 09:15:47.663 21683 21847 W System.err: 	at okhttp3.internal.http.RealInterceptorChain.proceed(RealInterceptorChain.java:121)
08-12 09:15:47.663 21683 21847 W System.err: 	at okhttp3.RealCall.getResponseWithInterceptorChain(RealCall.java:200)
08-12 09:15:47.663 21683 21847 W System.err: 	at okhttp3.RealCall.execute(RealCall.java:77)
08-12 09:15:47.663 21683 21847 W System.err: 	at com.synology.DSfile.WebApiConnectionManager.connect(WebApiConnectionManager.java:276)
08-12 09:15:47.663 21683 21847 W System.err: 	at com.synology.DSfile.WebApiConnectionManager.doWebApiQuery(WebApiConnectionManager.java:228)
08-12 09:15:47.663 21683 21847 W System.err: 	at com.synology.DSfile.WebApiConnectionManager.enumRemoteTask(WebApiConnectionManager.java:1092)
08-12 09:15:47.663 21683 21847 W System.err: 	at com.synology.DSfile.BackgroundTaskService.pollingStatus(BackgroundTaskService.java:616)
08-12 09:15:47.664 21683 21847 W System.err: 	at com.synology.DSfile.BackgroundTaskService.access$400(BackgroundTaskService.java:64)
08-12 09:15:47.664 21683 21847 W System.err: 	at com.synology.DSfile.BackgroundTaskService$PollingHandler.handleMessage(BackgroundTaskService.java:195)
08-12 09:15:47.664 21683 21847 W System.err: 	at android.os.Handler.dispatchMessage(Handler.java:102)
08-12 09:15:47.664 21683 21847 W System.err: 	at android.os.Looper.loop(Looper.java:154)
08-12 09:15:47.664 21683 21847 W System.err: 	at android.os.HandlerThread.run(HandlerThread.java:61)
08-12 09:15:52.289   518   518 I MSM-irqbalance: Decided to move IRQ159 from CPU5 [P:0] to CPU0 [P:1] (banned)
08-12 09:15:54.470  2143  2572 I chatty  : uid=1000(system) Binder:2143_5 expire 8 lines
08-12 09:15:54.479 22068 22068 I PA_BitmapLoader: clearCache(false, false, true, false)
08-12 09:15:54.479 22068 22068 I PA_BitmapLoader: evictAll()
08-12 09:15:54.497  2143  2263 I chatty  : uid=1000(system) InputDispatcher expire 15 lines
08-12 09:15:54.533   533 32535 D NuPlayerDriver: notifyListener_l(0xf632b3e0), (1, 0, 0), loop setting(0, 0)
08-12 09:15:54.541   533 32537 D NuPlayerDriver: notifyListener_l(0xf632b0e0), (1, 0, 0), loop setting(0, 0)
08-12 09:15:54.547   533 32539 D NuPlayerDriver: notifyListener_l(0xf4b12060), (1, 0, 0), loop setting(0, 0)
08-12 09:15:54.551   531  9968 I chatty  : uid=1047(cameraserver) excal:HalCtrl expire 132 lines
08-12 09:15:54.553   549 32545 I chatty  : uid=1006(camera) mm-qcamera-daem expire 4 lines
08-12 09:15:54.558   549 32547 I chatty  : uid=1006(camera) mm-qcamera-daem expire 1 line
08-12 09:15:54.716   549   549 I chatty  : uid=1006(camera) mm-qcamera-daem expire 27 lines
08-12 09:15:54.748   549 32568 I chatty  : uid=1006(camera) storageQueue expire 148 lines
08-12 09:15:54.761   531  9972 I chatty  : uid=1047(cameraserver) excal:ReqCtrl expire 76 lines
08-12 09:15:54.774   531  9969 I chatty  : uid=1047(cameraserver) excal:IdtCtrl expire 25 lines
08-12 09:15:54.813   531  9983 I chatty  : uid=1047(cameraserver) excal:ImageConv expire 24 lines
08-12 09:15:54.821   531  9975 I chatty  : uid=1047(cameraserver) excal:FaceDetec expire 24 lines
08-12 09:15:54.883   549 32584 I chatty  : uid=1006(camera) mm-qcamera-daem expire 1 line
08-12 09:15:55.298   531 32542 I chatty  : uid=1047(cameraserver) imageLoadQueue expire 21 lines
08-12 09:15:55.341   549 32596 I chatty  : uid=1006(camera) mm-qcamera-daem expire 1 line
08-12 09:15:55.517   531  9970 I chatty  : uid=1047(cameraserver) excal:IqCtrl expire 12 lines
08-12 09:15:55.521   549 32599 I chatty  : uid=1006(camera) mm-qcamera-daem expire 4 lines
08-12 09:15:55.536   533  2411 D NuPlayerDriver: reset(0xf632b3e0) at state 4
08-12 09:15:55.536   533  2411 D NuPlayerDriver: notifyListener_l(0xf632b3e0), (8, 0, 0), loop setting(0, 0)
08-12 09:15:55.536   533 32535 W AMessage: failed to post message as target looper for handler 0 is gone.
08-12 09:15:55.536   533 32535 D NuPlayerDriver: notifyResetComplete(0xf632b3e0)
08-12 09:15:55.537   533 10114 D NuPlayerDriver: reset(0xf632b0e0) at state 4
08-12 09:15:55.537   533 10114 D NuPlayerDriver: notifyListener_l(0xf632b0e0), (8, 0, 0), loop setting(0, 0)
08-12 09:15:55.537   533 32537 W AMessage: failed to post message as target looper for handler 0 is gone.
08-12 09:15:55.537   533 32537 D NuPlayerDriver: notifyResetComplete(0xf632b0e0)
08-12 09:15:55.538   533 10114 D NuPlayerDriver: reset(0xf4b12060) at state 4
08-12 09:15:55.538   533 10114 D NuPlayerDriver: notifyListener_l(0xf4b12060), (8, 0, 0), loop setting(0, 0)
08-12 09:15:55.538   533 32539 W AMessage: failed to post message as target looper for handler 0 is gone.
08-12 09:15:55.538   533 32539 D NuPlayerDriver: notifyResetComplete(0xf4b12060)
08-12 09:15:55.748   549 32567 I chatty  : uid=1006(camera) mm-qcamera-daem expire 1 line
08-12 09:15:57.283   518   518 I MSM-irqbalance: Decided to move IRQ159 from CPU4 [P:0] to CPU0 [P:1] (banned)
08-12 09:15:57.390   453   472 E SurfaceFlinger: getLayerUser(name=0x7f988aa750) is dead
08-12 09:15:58.192 32284 32354 I Finsky  : [560] jjd.run(3): Stats for Executor: BlockingExecutor jkt@32d84bd[Running, pool size = 2, active threads = 0, queued tasks = 0, completed tasks = 12]
08-12 09:15:58.218 32284 32354 I Finsky  : [560] jjd.run(3): Stats for Executor: LightweightExecutor jkt@14ab2[Running, pool size = 4, active threads = 0, queued tasks = 0, completed tasks = 65]
08-12 09:15:58.711 32284 32354 I Finsky  : [560] jjd.run(3): Stats for Executor: bgExecutor jkt@cfb3a03[Running, pool size = 4, active threads = 0, queued tasks = 0, completed tasks = 30]
08-12 09:16:02.285   518   518 I MSM-irqbalance: Decided to move IRQ159 from CPU7 [P:0] to CPU0 [P:1] (banned)
08-12 09:16:04.478   535   777 D QC-time-services: Lib:time_genoff_operation: pargs->base = 12
08-12 09:16:04.478   535   777 D QC-time-services: Lib:time_genoff_operation: pargs->operation = 0
08-12 09:16:04.478   535   777 D QC-time-services: Lib:time_genoff_operation: pargs->ts_val = 1565565364000
08-12 09:16:04.478   535   777 E QC-time-services: Lib:time_genoff_operation: Connection failed !!
