--------- beginning of main
08-12 09:12:32.163  7342  7351 I art     : Do full code cache collection, code=126KB, data=117KB
08-12 09:12:32.164  7342  7351 I art     : Starting a blocking GC JitCodeCache
08-12 09:12:32.164  7342  7351 I art     : After code cache collection, code=115KB, data=100KB
08-12 09:12:32.169 30716 30812 I chatty  : uid=10100(com.plexapp.android) expire 4 lines
08-12 09:12:32.180  2312  2312 W InputMethodService: Window size has been changed. This may cause jankiness of resizing window: -1 -> -2
08-12 09:12:32.200  2312  2312 I LatinIME: Starting input. Cursor position = -1,-1
08-12 09:12:32.240  7342  7444 W OpenGLRenderer: Points are too far apart 4.001877
08-12 09:12:32.240  7342  7444 W OpenGLRenderer: Points are too far apart 4.001877
08-12 09:12:32.255  2312  2312 I InputAttributes: InputType.TYPE_NULL is specified
08-12 09:12:32.270  2312  2312 W SubtypeLocaleUtils: KeyboardLayoutSet not found, use QWERTY: locale=en_AU extraValue=TrySuppressingImeSwitcher,AsciiCapable,SupportTouchPositionCorrection,EmojiCapable
08-12 09:12:32.274 30716 30821 I chatty  : uid=10100(com.plexapp.android) expire 1 line
08-12 09:12:32.284 30716 30828 I chatty  : uid=10100(com.plexapp.android) expire 1 line
08-12 09:12:32.286 30716 30822 I chatty  : uid=10100(com.plexapp.android) expire 1 line
08-12 09:12:32.324 30716 30793 I chatty  : uid=10100(com.plexapp.android) expire 33 lines
08-12 09:12:32.328  2312  2312 I LatinIME: Starting input. Cursor position = 0,0
08-12 09:12:32.343  2312  2312 W SubtypeLocaleUtils: KeyboardLayoutSet not found, use QWERTY: locale=en_AU extraValue=TrySuppressingImeSwitcher,AsciiCapable,SupportTouchPositionCorrection,EmojiCapable
08-12 09:12:32.348  2312  2312 W SubtypeLocaleUtils: KeyboardLayoutSet not found, use QWERTY: locale=en_AU extraValue=TrySuppressingImeSwitcher,AsciiCapable,SupportTouchPositionCorrection,EmojiCapable
08-12 09:12:32.348  2312  2312 W SubtypeLocaleUtils: KeyboardLayoutSet not found, use QWERTY: locale=en_AU extraValue=TrySuppressingImeSwitcher,AsciiCapable,SupportTouchPositionCorrection,EmojiCapable
08-12 09:12:32.348  2312  2312 W SubtypeLocaleUtils: KeyboardLayoutSet not found, use QWERTY: locale=en_AU extraValue=TrySuppressingImeSwitcher,AsciiCapable,SupportTouchPositionCorrection,EmojiCapable
08-12 09:12:32.348  2312  2312 W SubtypeLocaleUtils: KeyboardLayoutSet not found, use QWERTY: locale=en_AU extraValue=TrySuppressingImeSwitcher,AsciiCapable,SupportTouchPositionCorrection,EmojiCapable
08-12 09:12:32.348  2312  2312 W SubtypeLocaleUtils: KeyboardLayoutSet not found, use QWERTY: locale=en_AU extraValue=TrySuppressingImeSwitcher,AsciiCapable,SupportTouchPositionCorrection,EmojiCapable
08-12 09:12:32.349  2312  2312 W SubtypeLocaleUtils: KeyboardLayoutSet not found, use QWERTY: locale=en_AU extraValue=TrySuppressingImeSwitcher,AsciiCapable,SupportTouchPositionCorrection,EmojiCapable
08-12 09:12:32.349  2312  2312 W SubtypeLocaleUtils: KeyboardLayoutSet not found, use QWERTY: locale=en_AU extraValue=TrySuppressingImeSwitcher,AsciiCapable,SupportTouchPositionCorrection,EmojiCapable
08-12 09:12:32.349  2312  2312 W SubtypeLocaleUtils: KeyboardLayoutSet not found, use QWERTY: locale=en_AU extraValue=TrySuppressingImeSwitcher,AsciiCapable,SupportTouchPositionCorrection,EmojiCapable
08-12 09:12:32.349  2312  2312 W SubtypeLocaleUtils: KeyboardLayoutSet not found, use QWERTY: locale=en_AU extraValue=TrySuppressingImeSwitcher,AsciiCapable,SupportTouchPositionCorrection,EmojiCapable
08-12 09:12:32.349  2312  2312 W SubtypeLocaleUtils: KeyboardLayoutSet not found, use QWERTY: locale=en_AU extraValue=TrySuppressingImeSwitcher,AsciiCapable,SupportTouchPositionCorrection,EmojiCapable
08-12 09:12:32.349  2312  2312 W SubtypeLocaleUtils: KeyboardLayoutSet not found, use QWERTY: locale=en_AU extraValue=TrySuppressingImeSwitcher,AsciiCapable,SupportTouchPositionCorrection,EmojiCapable
08-12 09:12:32.349  2312  2312 W SubtypeLocaleUtils: KeyboardLayoutSet not found, use QWERTY: locale=en_AU extraValue=TrySuppressingImeSwitcher,AsciiCapable,SupportTouchPositionCorrection,EmojiCapable
08-12 09:12:32.350  2312  2312 W SubtypeLocaleUtils: KeyboardLayoutSet not found, use QWERTY: locale=en_AU extraValue=TrySuppressingImeSwitcher,AsciiCapable,SupportTouchPositionCorrection,EmojiCapable
08-12 09:12:32.350  2312  2312 W SubtypeLocaleUtils: KeyboardLayoutSet not found, use QWERTY: locale=en_AU extraValue=TrySuppressingImeSwitcher,AsciiCapable,SupportTouchPositionCorrection,EmojiCapable
08-12 09:12:32.350  2312  2312 W SubtypeLocaleUtils: KeyboardLayoutSet not found, use QWERTY: locale=en_AU extraValue=TrySuppressingImeSwitcher,AsciiCapable,SupportTouchPositionCorrection,EmojiCapable
08-12 09:12:32.350  2312  2312 W SubtypeLocaleUtils: KeyboardLayoutSet not found, use QWERTY: locale=en_AU extraValue=TrySuppressingImeSwitcher,AsciiCapable,SupportTouchPositionCorrection,EmojiCapable
08-12 09:12:32.350  2312  2312 W SubtypeLocaleUtils: KeyboardLayoutSet not found, use QWERTY: locale=en_AU extraValue=TrySuppressingImeSwitcher,AsciiCapable,SupportTouchPositionCorrection,EmojiCapable
08-12 09:12:32.350  2312  2312 W SubtypeLocaleUtils: KeyboardLayoutSet not found, use QWERTY: locale=en_AU extraValue=TrySuppressingImeSwitcher,AsciiCapable,SupportTouchPositionCorrection,EmojiCapable
08-12 09:12:32.350  2312  2312 W SubtypeLocaleUtils: KeyboardLayoutSet not found, use QWERTY: locale=en_AU extraValue=TrySuppressingImeSwitcher,AsciiCapable,SupportTouchPositionCorrection,EmojiCapable
08-12 09:12:32.350  2312  2312 W SubtypeLocaleUtils: KeyboardLayoutSet not found, use QWERTY: locale=en_AU extraValue=TrySuppressingImeSwitcher,AsciiCapable,SupportTouchPositionCorrection,EmojiCapable
08-12 09:12:32.350  2312  2312 W SubtypeLocaleUtils: KeyboardLayoutSet not found, use QWERTY: locale=en_AU extraValue=TrySuppressingImeSwitcher,AsciiCapable,SupportTouchPositionCorrection,EmojiCapable
08-12 09:12:32.350  2312  2312 W SubtypeLocaleUtils: KeyboardLayoutSet not found, use QWERTY: locale=en_AU extraValue=TrySuppressingImeSwitcher,AsciiCapable,SupportTouchPositionCorrection,EmojiCapable
08-12 09:12:32.350  2312  2312 W SubtypeLocaleUtils: KeyboardLayoutSet not found, use QWERTY: locale=en_AU extraValue=TrySuppressingImeSwitcher,AsciiCapable,SupportTouchPositionCorrection,EmojiCapable
08-12 09:12:32.351  2312  2312 W SubtypeLocaleUtils: KeyboardLayoutSet not found, use QWERTY: locale=en_AU extraValue=TrySuppressingImeSwitcher,AsciiCapable,SupportTouchPositionCorrection,EmojiCapable
08-12 09:12:32.351  2312  2312 W SubtypeLocaleUtils: KeyboardLayoutSet not found, use QWERTY: locale=en_AU extraValue=TrySuppressingImeSwitcher,AsciiCapable,SupportTouchPositionCorrection,EmojiCapable
08-12 09:12:32.351  2312  2312 W SubtypeLocaleUtils: KeyboardLayoutSet not found, use QWERTY: locale=en_AU extraValue=TrySuppressingImeSwitcher,AsciiCapable,SupportTouchPositionCorrection,EmojiCapable
08-12 09:12:32.351  2312  2312 W SubtypeLocaleUtils: KeyboardLayoutSet not found, use QWERTY: locale=en_AU extraValue=TrySuppressingImeSwitcher,AsciiCapable,SupportTouchPositionCorrection,EmojiCapable
08-12 09:12:32.351  2312  2312 W SubtypeLocaleUtils: KeyboardLayoutSet not found, use QWERTY: locale=en_AU extraValue=TrySuppressingImeSwitcher,AsciiCapable,SupportTouchPositionCorrection,EmojiCapable
08-12 09:12:32.351  2312  2312 W SubtypeLocaleUtils: KeyboardLayoutSet not found, use QWERTY: locale=en_AU extraValue=TrySuppressingImeSwitcher,AsciiCapable,SupportTouchPositionCorrection,EmojiCapable
08-12 09:12:32.351  2312  2312 W SubtypeLocaleUtils: KeyboardLayoutSet not found, use QWERTY: locale=en_AU extraValue=TrySuppressingImeSwitcher,AsciiCapable,SupportTouchPositionCorrection,EmojiCapable
08-12 09:12:32.351  2312  2312 W SubtypeLocaleUtils: KeyboardLayoutSet not found, use QWERTY: locale=en_AU extraValue=TrySuppressingImeSwitcher,AsciiCapable,SupportTouchPositionCorrection,EmojiCapable
08-12 09:12:32.352  2312  2312 W SubtypeLocaleUtils: KeyboardLayoutSet not found, use QWERTY: locale=en_AU extraValue=TrySuppressingImeSwitcher,AsciiCapable,SupportTouchPositionCorrection,EmojiCapable
08-12 09:12:32.352  2312  2312 W SubtypeLocaleUtils: KeyboardLayoutSet not found, use QWERTY: locale=en_AU extraValue=TrySuppressingImeSwitcher,AsciiCapable,SupportTouchPositionCorrection,EmojiCapable
08-12 09:12:32.352  2312  2312 W SubtypeLocaleUtils: KeyboardLayoutSet not found, use QWERTY: locale=en_AU extraValue=TrySuppressingImeSwitcher,AsciiCapable,SupportTouchPositionCorrection,EmojiCapable
08-12 09:12:32.352  2312  2312 W SubtypeLocaleUtils: KeyboardLayoutSet not found, use QWERTY: locale=en_AU extraValue=TrySuppressingImeSwitcher,AsciiCapable,SupportTouchPositionCorrection,EmojiCapable
08-12 09:12:32.352  2312  2312 W SubtypeLocaleUtils: KeyboardLayoutSet not found, use QWERTY: locale=en_AU extraValue=TrySuppressingImeSwitcher,AsciiCapable,SupportTouchPositionCorrection,EmojiCapable
08-12 09:12:32.352  2312  2312 W SubtypeLocaleUtils: KeyboardLayoutSet not found, use QWERTY: locale=en_AU extraValue=TrySuppressingImeSwitcher,AsciiCapable,SupportTouchPositionCorrection,EmojiCapable
08-12 09:12:32.352  2312  2312 W SubtypeLocaleUtils: KeyboardLayoutSet not found, use QWERTY: locale=en_AU extraValue=TrySuppressingImeSwitcher,AsciiCapable,SupportTouchPositionCorrection,EmojiCapable
08-12 09:12:32.352  2312  2312 W SubtypeLocaleUtils: KeyboardLayoutSet not found, use QWERTY: locale=en_AU extraValue=TrySuppressingImeSwitcher,AsciiCapable,SupportTouchPositionCorrection,EmojiCapable
08-12 09:12:32.352  2312  2312 W SubtypeLocaleUtils: KeyboardLayoutSet not found, use QWERTY: locale=en_AU extraValue=TrySuppressingImeSwitcher,AsciiCapable,SupportTouchPositionCorrection,EmojiCapable
08-12 09:12:32.352  2312  2312 W SubtypeLocaleUtils: KeyboardLayoutSet not found, use QWERTY: locale=en_AU extraValue=TrySuppressingImeSwitcher,AsciiCapable,SupportTouchPositionCorrection,EmojiCapable
08-12 09:12:32.352  2312  2312 W SubtypeLocaleUtils: KeyboardLayoutSet not found, use QWERTY: locale=en_AU extraValue=TrySuppressingImeSwitcher,AsciiCapable,SupportTouchPositionCorrection,EmojiCapable
08-12 09:12:32.352  2312  2312 W SubtypeLocaleUtils: KeyboardLayoutSet not found, use QWERTY: locale=en_AU extraValue=TrySuppressingImeSwitcher,AsciiCapable,SupportTouchPositionCorrection,EmojiCapable
08-12 09:12:32.353  2312  2312 W SubtypeLocaleUtils: KeyboardLayoutSet not found, use QWERTY: locale=en_AU extraValue=TrySuppressingImeSwitcher,AsciiCapable,SupportTouchPositionCorrection,EmojiCapable
08-12 09:12:32.353  2312  2312 W SubtypeLocaleUtils: KeyboardLayoutSet not found, use QWERTY: locale=en_AU extraValue=TrySuppressingImeSwitcher,AsciiCapable,SupportTouchPositionCorrection,EmojiCapable
08-12 09:12:32.353  2312  2312 W SubtypeLocaleUtils: KeyboardLayoutSet not found, use QWERTY: locale=en_AU extraValue=TrySuppressingImeSwitcher,AsciiCapable,SupportTouchPositionCorrection,EmojiCapable
08-12 09:12:32.353  2312  2312 W SubtypeLocaleUtils: KeyboardLayoutSet not found, use QWERTY: locale=en_AU extraValue=TrySuppressingImeSwitcher,AsciiCapable,SupportTouchPositionCorrection,EmojiCapable
08-12 09:12:32.367  2312  2312 W SubtypeLocaleUtils: KeyboardLayoutSet not found, use QWERTY: locale=en_AU extraValue=TrySuppressingImeSwitcher,AsciiCapable,SupportTouchPositionCorrection,EmojiCapable
08-12 09:12:32.367  2312  2312 W SubtypeLocaleUtils: KeyboardLayoutSet not found, use QWERTY: locale=en_AU extraValue=TrySuppressingImeSwitcher,AsciiCapable,SupportTouchPositionCorrection,EmojiCapable
08-12 09:12:32.367  2312  2312 W SubtypeLocaleUtils: KeyboardLayoutSet not found, use QWERTY: locale=en_AU extraValue=TrySuppressingImeSwitcher,AsciiCapable,SupportTouchPositionCorrection,EmojiCapable
08-12 09:12:32.367  2312  2312 W SubtypeLocaleUtils: KeyboardLayoutSet not found, use QWERTY: locale=en_AU extraValue=TrySuppressingImeSwitcher,AsciiCapable,SupportTouchPositionCorrection,EmojiCapable
08-12 09:12:32.367  2312  2312 W SubtypeLocaleUtils: KeyboardLayoutSet not found, use QWERTY: locale=en_AU extraValue=TrySuppressingImeSwitcher,AsciiCapable,SupportTouchPositionCorrection,EmojiCapable
08-12 09:12:32.367  2312  2312 W SubtypeLocaleUtils: KeyboardLayoutSet not found, use QWERTY: locale=en_AU extraValue=TrySuppressingImeSwitcher,AsciiCapable,SupportTouchPositionCorrection,EmojiCapable
08-12 09:12:32.367  2312  2312 W SubtypeLocaleUtils: KeyboardLayoutSet not found, use QWERTY: locale=en_AU extraValue=TrySuppressingImeSwitcher,AsciiCapable,SupportTouchPositionCorrection,EmojiCapable
08-12 09:12:32.370 30716 30826 I chatty  : uid=10100(com.plexapp.android) expire 1 line
08-12 09:12:32.427 30716 30792 I chatty  : uid=10100(com.plexapp.android) expire 3 lines
08-12 09:12:32.470 30716 30829 I chatty  : uid=10100(com.plexapp.android) expire 3 lines
08-12 09:12:32.474 30716 30831 I chatty  : uid=10100(com.plexapp.android) expire 33 lines
08-12 09:12:32.494 30716 30792 I chatty  : uid=10100(com.plexapp.android) expire 5 lines
08-12 09:12:32.589 22068 22068 I PA_PABroadcastReceiver: resumeService() - connected Mobile
08-12 09:12:32.618 30716 30838 I chatty  : uid=10100(com.plexapp.android) expire 1 line
08-12 09:12:32.622 30716 30835 I chatty  : uid=10100(com.plexapp.android) expire 1 line
08-12 09:12:32.734 30716 30728 I chatty  : uid=10100(com.plexapp.android) expire 2 lines
08-12 09:12:32.763 30716 30746 I chatty  : uid=10100(com.plexapp.android) expire 3 lines
08-12 09:12:32.831 30716 30793 I chatty  : uid=10100(com.plexapp.android) expire 4 lines
08-12 09:12:33.305 30716 30859 I chatty  : uid=10100(com.plexapp.android) expire 1 line
08-12 09:12:33.371 30716 30831 I chatty  : uid=10100(com.plexapp.android) expire 117 lines
08-12 09:12:33.828  2312  2312 W InputMethodService: Window size has been changed. This may cause jankiness of resizing window: -1 -> -2
08-12 09:12:34.130 30716 30812 I chatty  : uid=10100(com.plexapp.android) expire 5 lines
08-12 09:12:34.137 30716 30816 I chatty  : uid=10100(com.plexapp.android) expire 1 line
08-12 09:12:34.140 30716 30814 I chatty  : uid=10100(com.plexapp.android) expire 1 line
08-12 09:12:34.143 30716 30835 I chatty  : uid=10100(com.plexapp.android) expire 4 lines
08-12 09:12:34.148 30716 30838 I chatty  : uid=10100(com.plexapp.android) expire 12 lines
08-12 09:12:34.184 30716 30809 I chatty  : uid=10100(com.plexapp.android) expire 1 line
08-12 09:12:34.219 30716 30906 I chatty  : uid=10100(com.plexapp.android) expire 3 lines
08-12 09:12:34.575 13812 15776 W AdaptiveDiscoveryWorker: Exiting Adaptive Discovery. Current NetworkInfo is NULL.
08-12 09:12:35.028 22068 22068 I PA_PABroadcastReceiver: onReceive(android.net.wifi.STATE_CHANGE)
08-12 09:12:35.173  2143 30932 I chatty  : uid=1000 system_server expire 32 lines
08-12 09:12:35.178  2143  2275 I chatty  : uid=1000(system) WifiStateMachin expire 18 lines
08-12 09:12:35.184  2143 30933 I chatty  : uid=1000 system_server expire 32 lines
08-12 09:12:35.187 15238 15238 I wpa_supplicant: wlan0: Trying to associate with SSID 'CodeLab Office NBN 5'
08-12 09:12:35.243 22068 22068 I PA_PABroadcastReceiver: onReceive(android.net.wifi.STATE_CHANGE)
08-12 09:12:35.314 15238 15238 I wpa_supplicant: wlan0: Associated with 18:f1:45:e6:17:21
08-12 09:12:35.317 15238 15238 I wpa_supplicant: wlan0: CTRL-EVENT-SUBNET-STATUS-UPDATE status=0
08-12 09:12:35.319 22068 22068 I PA_PABroadcastReceiver: onReceive(android.net.wifi.STATE_CHANGE)
08-12 09:12:35.324 22068 22068 I PA_PABroadcastReceiver: onReceive(android.net.wifi.STATE_CHANGE)
08-12 09:12:35.330 15238 15238 I wpa_supplicant: wlan0: WPA: Key negotiation completed with 18:f1:45:e6:17:21 [PTK=CCMP GTK=CCMP]
08-12 09:12:35.330 15238 15238 I wpa_supplicant: wlan0: CTRL-EVENT-CONNECTED - Connection to 18:f1:45:e6:17:21 completed [id=13 id_str=%7B%22creatorUid%22%3A%221000%22%2C%22configKey%22%3A%22%5C%22CodeLab+Office+NBN+5%5C%22WPA_PSK%22%7D]
08-12 09:12:35.334 22068 22068 I PA_PABroadcastReceiver: onReceive(android.net.wifi.STATE_CHANGE)
08-12 09:12:35.338 22068 22068 I PA_PABroadcastReceiver: onReceive(android.net.wifi.STATE_CHANGE)
08-12 09:12:35.358 22068 22068 I PA_PABroadcastReceiver: onReceive(android.net.wifi.STATE_CHANGE)
08-12 09:12:35.398  2143 30944 I chatty  : uid=1000 system_server expire 3 lines
08-12 09:12:35.506  2143 30942 I chatty  : uid=1000 system_server expire 7 lines
08-12 09:12:35.531   544  1146 D CommandListener: Setting iface cfg
08-12 09:12:35.535 22068 22068 I PA_PABroadcastReceiver: onReceive(android.net.wifi.STATE_CHANGE)
08-12 09:12:35.548 22068 22068 I PA_PABroadcastReceiver: onReceive(android.net.wifi.STATE_CHANGE)
08-12 09:12:35.553 22068 22068 I PA_PABroadcastReceiver: onReceive(android.net.wifi.STATE_CHANGE)
08-12 09:12:35.554  7484  7484 I GeofencerStateMachine: sendWifiConnectivityChanged: connectivity=true
08-12 09:12:35.628 30716 30926 I chatty  : uid=10100(com.plexapp.android) expire 1 line
08-12 09:12:35.642  2143  2279 I chatty  : uid=1000(system) ConnectivitySer expire 10 lines
08-12 09:12:35.673  2143  2301 I chatty  : uid=1000(system) ConnectivityMan expire 4 lines
08-12 09:12:35.674  2143  2194 I chatty  : uid=1000(system) android.bg expire 10 lines
08-12 09:12:35.712 30716 30956 I chatty  : uid=10100(com.plexapp.android) expire 58 lines
08-12 09:12:35.733  2143 30958 I chatty  : uid=1000 system_server expire 3 lines
08-12 09:12:35.737  2143 30959 I chatty  : uid=1000 system_server expire 2 lines
08-12 09:12:35.860   544  1146 V IdletimerController: runCmd(/system/bin/ip6tables -w -t raw -A idletimer_raw_PREROUTING -i wlan0 -j IDLETIMER --timeout 15 --label 1 --send_nl_msg 1) res_ipv4=0, res_ipv6=0
08-12 09:12:35.875   544  1146 V IdletimerController: runCmd(/system/bin/ip6tables -w -t mangle -A idletimer_mangle_POSTROUTING -o wlan0 -j IDLETIMER --timeout 15 --label 1 --send_nl_msg 1) res_ipv4=0, res_ipv6=0
08-12 09:12:35.900 22068 22068 I PA_PABroadcastReceiver: onReceive(android.net.conn.CONNECTIVITY_CHANGE)
08-12 09:12:35.923 22068 22068 I PA_PABroadcastReceiver: onReceive(android.net.conn.CONNECTIVITY_CHANGE)
08-12 09:12:35.975 22002 22002 D WeatherUpdateService: onCreate
08-12 09:12:35.999 21683 30989 D RelayService: resolve quick connect
08-12 09:12:36.002   518   518 I MSM-irqbalance: Decided to move IRQ159 from CPU4 [P:0] to CPU3 [P:1] (banned)
08-12 09:12:36.008 21683 30989 D RelayService: resolve quick connect
08-12 09:12:36.017 22002 22002 D WeatherUpdateService: Service started, but shouldn't update ... stopping
08-12 09:12:36.020 22002 22002 D WeatherUpdateService: Service started, but shouldn't update ... stopping
08-12 09:12:36.021 22002 22002 D WeatherUpdateService: onDestroy
08-12 09:12:36.091 27087 27087 I JobManager: onConstraintMet(NetworkConstraintObserver)
08-12 09:12:36.100 27087 27087 I JobManager: onConstraintMet(NetworkConstraintObserver)
08-12 09:12:36.123 13812 14803 W DatabaseProcessor: processLocalDevices: failed to get the network info.
08-12 09:12:36.125 24710 24710 I JS      : 'eventName: onProviderChanged'
08-12 09:12:36.132 13812 14803 E DeviceScanner: [BLE] Failed to start scan because the Bluetooth is disabled.
08-12 09:12:36.133 13812 14803 W DatabaseProcessor: processLocalDevices: failed to get the network info.
08-12 09:12:36.135 24710 24710 I JS      : 'eventName: onProviderChanged'
08-12 09:12:36.136 13812 14803 E DeviceScanner: [BLE] Failed to start scan because the Bluetooth is disabled.
08-12 09:12:36.137 13812 14803 W DatabaseProcessor: processLocalDevices: failed to get the network info.
08-12 09:12:36.140 13812 14803 W DatabaseProcessor: processLocalDevices: failed to get the network info.
08-12 09:12:36.190  2143  2272 I chatty  : uid=1000(system) NetworkPolicy expire 5 lines
08-12 09:12:36.205  2143  2196 I chatty  : uid=1000(system) android.ui expire 3 lines
08-12 09:12:36.224 27087 27269 D IncomingMessageObserver: Network requirement: true, app visible: false, gcm disabled: false
08-12 09:12:36.288 27087 27087 W art     : Long monitor contention with owner MessageRetrievalService (27269) at void java.lang.Object.wait!()(Object.java:-2) waiters=0 in void org.thoughtcrime.securesms.service.IncomingMessageObserver.onConstraintMet(java.lang.String) for 121ms
08-12 09:12:36.313 27087 27269 D IncomingMessageObserver: Network requirement: true, app visible: false, gcm disabled: false
08-12 09:12:36.432  7043  7043 I Finsky  : [1] lie.a(255): Installer: found apps to install. apps=[]
08-12 09:12:36.438  7043  7043 I Finsky  : [1] lie.a(255): Installer: found apps to install. apps=[]
08-12 09:12:36.540  7484 31002 E WakeLock: GCM_HB_ALARM release without a matched acquire!
08-12 09:12:36.540  7484 31002 W WakeLock: GCM_HB_ALARM counter does not exist
08-12 09:12:36.560  2143 31057 I chatty  : uid=1000 system_server expire 32 lines
08-12 09:12:36.715 13812 15776 I PinnedContentDownloader: Finished downloading pinned content.
08-12 09:12:36.721 31014 31014 I art     : Starting a blocking GC AddRemoveAppImageSpace
08-12 09:12:36.786  7484 31058 E WakeLock: GCM_CONN_ALARM release without a matched acquire!
08-12 09:12:36.786  7484 31058 W WakeLock: GCM_CONN_ALARM counter does not exist
08-12 09:12:36.970 22068 22068 I PA_PABroadcastReceiver: resumeService() - connected WiFi
08-12 09:12:36.970 22068 22068 I PA_PABroadcastReceiver: resumeService() - New connection status 'true' - WiFi
08-12 09:12:36.980 31014 31014 I art     : Starting a blocking GC Xposed
08-12 09:12:37.174  7484 17147 W Uploader: anonymous no longer exists, so no auth token.
08-12 09:12:37.194  7484 17147 W Uploader: anonymous no longer exists, so no auth token.
08-12 09:12:37.208  7484 17147 W Uploader: anonymous no longer exists, so no auth token.
08-12 09:12:37.221  7484 17147 W Uploader: anonymous no longer exists, so no auth token.
08-12 09:12:37.233  7484 17147 W Uploader: anonymous no longer exists, so no auth token.
08-12 09:12:37.263  7484 17147 W Uploader: anonymous no longer exists, so no auth token.
08-12 09:12:37.290  7484 17147 W Uploader: anonymous no longer exists, so no auth token.
08-12 09:12:37.304  7484 17147 W Uploader: anonymous no longer exists, so no auth token.
08-12 09:12:37.318  7484 17147 W Uploader: anonymous no longer exists, so no auth token.
08-12 09:12:37.329  7484 17147 W Uploader: anonymous no longer exists, so no auth token.
08-12 09:12:37.336  7484 17147 W Uploader: anonymous no longer exists, so no auth token.
08-12 09:12:37.348  7484 17147 W Uploader: anonymous no longer exists, so no auth token.
08-12 09:12:37.361  7484 17147 W Uploader: anonymous no longer exists, so no auth token.
08-12 09:12:37.373  7484 17147 W Uploader: anonymous no longer exists, so no auth token.
08-12 09:12:37.386  7484 17147 W Uploader: anonymous no longer exists, so no auth token.
08-12 09:12:37.392 30716 30828 I chatty  : uid=10100(com.plexapp.android) expire 2 lines
08-12 09:12:37.395  7342  7342 W IInputConnectionWrapper: reportFullscreenMode on inexistent InputConnection
08-12 09:12:37.395  7342  7342 W IInputConnectionWrapper: finishComposingText on inactive InputConnection
08-12 09:12:37.398  7484 17147 W Uploader: anonymous no longer exists, so no auth token.
08-12 09:12:37.407  7484 17147 W Uploader: anonymous no longer exists, so no auth token.
08-12 09:12:37.482 22068 31068 I PA_ConnectivityManager: Starting connection change process
08-12 09:12:37.564  2143  2202 I chatty  : uid=1000(system) android.display expire 14 lines
08-12 09:12:37.603 22068 31068 W System  : ClassLoader referenced unknown path: /system/framework/tcmclient.jar
08-12 09:12:37.739 30716 30807 I chatty  : uid=10100(com.plexapp.android) expire 1 line
08-12 09:12:37.843 22068 31068 I Performance: isWalledGardenConnection() - 204/false - 272ms
08-12 09:12:37.853 22068 31068 I PA_ConnectivityManager: Network connection changed... Wifi: true / Connected: true / SSID: "CodeLab Office NBN 5"(13)
08-12 09:12:37.955 22068 31068 I PA_ConnectivityManager: No previous failed update process to resume... 
08-12 09:12:37.962 22068 31068 I PA_ConnectivityManager: Finishing connection change process
08-12 09:12:38.038 31014 31110 W art     : Long monitor contention with owner initCrit2-2 (31111) at java.lang.Object amrp.get()(SourceFile:4) waiters=1 in java.lang.Object amrp.get() for 108ms
08-12 09:12:38.083 31014 31108 W YouTube : Fetching the Gservices key 'disable_binder_callback_flush' before the end of the bulk initialization
08-12 09:12:38.083 31014 31113 W YouTube : Fetching the Gservices key 'failsafe_clear_cache_release_13_02' before the end of the bulk initialization
08-12 09:12:38.161 31014 31028 W art     : Suspending all threads took: 14.317ms
08-12 09:12:38.165  7484 17147 W System  : ClassLoader referenced unknown path: /system/framework/tcmclient.jar
08-12 09:12:38.232  7484 17147 W Conscrypt: Could not set socket write timeout: java.net.SocketException: Socket closed
08-12 09:12:38.405  7484  7484 W ChimeraUtils: Non Chimera context
08-12 09:12:38.439 31014 31114 E GEL_DELAYED_EVENT_DEBUG: Failed delayed event dispatch, no dispatchers.
08-12 09:12:38.455  7484 17147 W Conscrypt: 	at com.google.android.gms.org.conscrypt.Platform.setSocketWriteTimeout(:com.google.android.gms@18382020@18.3.82 (040406-260264002):2)
08-12 09:12:38.455  7484 17147 W Conscrypt: 	at com.google.android.gms.org.conscrypt.ConscryptFileDescriptorSocket.setSoWriteTimeout(:com.google.android.gms@18382020@18.3.82 (040406-260264002):2)
08-12 09:12:38.543   544  1146 E Netd    : netlink response contains error (File exists)
08-12 09:12:38.714  7484 17147 W Conscrypt: Could not set socket write timeout: java.net.SocketException: Socket closed
08-12 09:12:38.714  7484 17147 W Conscrypt: 	at com.google.android.gms.org.conscrypt.Platform.setSocketWriteTimeout(:com.google.android.gms@18382020@18.3.82 (040406-260264002):2)
08-12 09:12:38.714  7484 17147 W Conscrypt: 	at com.google.android.gms.org.conscrypt.ConscryptFileDescriptorSocket.setSoWriteTimeout(:com.google.android.gms@18382020@18.3.82 (040406-260264002):2)
08-12 09:12:38.766 31014 31152 W PrimesInit: Primes instant initialization
08-12 09:12:38.766 31014 31162 W Primes  : background initialization
08-12 09:12:38.774  7484  7495 W Conscrypt: Could not set socket write timeout: java.net.SocketException: Socket closed
08-12 09:12:38.775 31014 31162 I PrimesTesting: GserviceFlagsSupplier.get()
08-12 09:12:38.789 31014 31162 I CrashMetricService: Startup metric for 'PRIMES_CRASH_MONITORING_INITIALIZED' dropped.
08-12 09:12:38.791 31014 31110 D ApplicationLoaders: ignored Vulkan layer search path /data/app/com.google.android.gms-1/lib/arm:/data/app/com.google.android.gms-1/base.apk!/lib/armeabi-v7a for namespace 0xf7404090
08-12 09:12:38.842  7484  7495 W Conscrypt: 	at com.google.android.gms.org.conscrypt.Platform.setSocketWriteTimeout(:com.google.android.gms@18382020@18.3.82 (040406-260264002):2)
08-12 09:12:38.842  7484  7495 W Conscrypt: 	at com.google.android.gms.org.conscrypt.ConscryptFileDescriptorSocket.setSoWriteTimeout(:com.google.android.gms@18382020@18.3.82 (040406-260264002):2)
08-12 09:12:38.977  7484  7495 W Conscrypt: Could not set socket write timeout: java.net.SocketException: Socket closed
08-12 09:12:38.977  7484  7495 W Conscrypt: 	at com.google.android.gms.org.conscrypt.Platform.setSocketWriteTimeout(:com.google.android.gms@18382020@18.3.82 (040406-260264002):2)
08-12 09:12:38.977  7484  7495 W Conscrypt: 	at com.google.android.gms.org.conscrypt.ConscryptFileDescriptorSocket.setSoWriteTimeout(:com.google.android.gms@18382020@18.3.82 (040406-260264002):2)
08-12 09:12:39.171 13812 15776 W AdaptiveDiscoveryWorker: Exiting Adaptive Discovery. Current NetworkInfo is NULL.
08-12 09:12:39.219 13812 15776 I TelephonySpam: TelephonySpamChimeraService - Running Telephony Spam Chimera Service
08-12 09:12:39.300 31014 31028 W art     : Suspending all threads took: 11.662ms
08-12 09:12:39.351 31014 31110 W art     : Verification of int com.google.android.gms.dynamite.DynamiteModule.a(android.content.Context, java.lang.String) took 119.712ms
08-12 09:12:39.440 13812 15776 I Checkin : [EventLogChimeraService] Opted in for usage reporting: false
08-12 09:12:39.440 13812 15776 I Checkin : [EventLogChimeraService] Aggregate from 1565563861592 (log), 1565563861592 (data)
08-12 09:12:39.749 31014 31168 D NetworkSecurityConfig: Using Network Security Config from resource network_security_config debugBuild: false
08-12 09:12:39.752  7484 17147 W Conscrypt: Could not set socket write timeout: java.net.SocketException: Socket closed
08-12 09:12:39.752  7484 17147 W Conscrypt: 	at com.google.android.gms.org.conscrypt.Platform.setSocketWriteTimeout(:com.google.android.gms@18382020@18.3.82 (040406-260264002):2)
08-12 09:12:39.752  7484 17147 W Conscrypt: 	at com.google.android.gms.org.conscrypt.ConscryptFileDescriptorSocket.setSoWriteTimeout(:com.google.android.gms@18382020@18.3.82 (040406-260264002):2)
08-12 09:12:39.766  7484 17147 W Conscrypt: Could not set socket write timeout: java.net.SocketException: Socket closed
08-12 09:12:39.766  7484 17147 W Conscrypt: 	at com.google.android.gms.org.conscrypt.Platform.setSocketWriteTimeout(:com.google.android.gms@18382020@18.3.82 (040406-260264002):2)
08-12 09:12:39.766  7484 17147 W Conscrypt: 	at com.google.android.gms.org.conscrypt.ConscryptFileDescriptorSocket.setSoWriteTimeout(:com.google.android.gms@18382020@18.3.82 (040406-260264002):2)
08-12 09:12:39.990 31014 31028 W art     : Suspending all threads took: 21.873ms
08-12 09:12:40.007 31014 31189 E GoogleConversionReporter: Error sending ping
08-12 09:12:40.007 31014 31189 E GoogleConversionReporter: bcoj: Exception in CronetUrlRequest: net::ERR_CONNECTION_REFUSED, ErrorCode=7, InternalErrorCode=-102, Retryable=false
08-12 09:12:40.007 31014 31189 E GoogleConversionReporter: 	at org.chromium.net.impl.CronetUrlRequest.onError(SourceFile:175)
08-12 09:12:40.013 31014 31110 I DynamiteModule: Considering local module com.google.android.gms.ads.dynamite:0 and remote module com.google.android.gms.ads.dynamite:20300
08-12 09:12:40.013 31014 31110 I DynamiteModule: Selected remote version of com.google.android.gms.ads.dynamite, version >= 20300
08-12 09:12:40.246 31014 31110 W System  : ClassLoader referenced unknown path: 
08-12 09:12:40.308 31014 31110 D ApplicationLoaders: ignored Vulkan layer search path /data/app/com.google.android.gms-1/lib/arm:/data/app/com.google.android.gms-1/base.apk!/lib/armeabi-v7a for namespace 0xf74040d0
08-12 09:12:40.437 13812 31192 W System  : ClassLoader referenced unknown path: /system/framework/tcmclient.jar
08-12 09:12:40.625 13812 31192 W GAv4-SVC: Network compressed POST connection error: java.net.ConnectException: Connection refused
08-12 09:12:40.762 31014 31110 W ChimeraDebugLogger: Singleton logger instance not set.
08-12 09:12:41.002   518   518 I MSM-irqbalance: Decided to move IRQ159 from CPU5 [P:0] to CPU0 [P:1] (banned)
08-12 09:12:41.455 31222 31222 I art     : Starting a blocking GC AddRemoveAppImageSpace
08-12 09:12:41.456 31222 31222 W System  : ClassLoader referenced unknown path: /data/app/com.balda.securetask-1/lib/arm64
08-12 09:12:41.476 31222 31222 I art     : Starting a blocking GC Xposed
08-12 09:12:41.584 31014 31110 W System  : ClassLoader referenced unknown path: /data/user_de/0/com.google.android.gms/app_chimera/m/0000006b/n/armeabi-v7a
08-12 09:12:41.584 31014 31110 W System  : ClassLoader referenced unknown path: /data/user_de/0/com.google.android.gms/app_chimera/m/0000006b/n/armeabi
08-12 09:12:41.972 31014 31110 D DynamitePackage: Instantiated singleton DynamitePackage.
08-12 09:12:41.972 31014 31110 D DynamitePackage: Instantiating com.google.android.gms.ads.adshield.ChimeraAdShieldCreatorImpl
08-12 09:12:42.996 31254 31254 I dex2oat : /system/bin/dex2oat -j2 --dex-file=/data/user/0/com.google.android.youtube/cache/1548865591327.jar --oat-fd=77 --oat-location=/data/user/0/com.google.android.youtube/cache/1548865591327.dex --compiler-filter=speed
08-12 09:12:43.350 31254 31254 I dex2oat : dex2oat took 355.363ms (threads: 2) arena alloc=399KB (408632B) java alloc=63KB (64888B) native alloc=1410KB (1444424B) free=2MB (2225592B)
08-12 09:12:43.486 31014 31110 W art     : Before Android 4.1, method double java.util.concurrent.ThreadLocalRandom.internalNextDouble(double, double) would have incorrectly overridden the package-private method in java.util.Random
08-12 09:12:43.486 31014 31110 W art     : Before Android 4.1, method int java.util.concurrent.ThreadLocalRandom.internalNextInt(int, int) would have incorrectly overridden the package-private method in java.util.Random
08-12 09:12:43.486 31014 31110 W art     : Before Android 4.1, method long java.util.concurrent.ThreadLocalRandom.internalNextLong(long, long) would have incorrectly overridden the package-private method in java.util.Random
08-12 09:12:43.513   531  2175 I chatty  : uid=1047(cameraserver) Binder:531_1 expire 20 lines
08-12 09:12:43.543 31014 31138 W art     : Long monitor contention with owner initCrit2-1 (31110) at android.content.Context qrh.a(android.content.Context, java.lang.String)(:com.google.android.gms@18382020@18.3.82 (040406-260264002):1) waiters=0 in java.lang.Object xto.get() for 4.019s
08-12 09:12:43.557   533 31266 D NuPlayerDriver: notifyListener_l(0xf4b12000), (1, 0, 0), loop setting(0, 0)
08-12 09:12:43.566   533 31268 D NuPlayerDriver: notifyListener_l(0xf4b123c0), (1, 0, 0), loop setting(0, 0)
08-12 09:12:43.572   533 31270 D NuPlayerDriver: notifyListener_l(0xf632ac60), (1, 0, 0), loop setting(0, 0)
08-12 09:12:43.632   531  9968 I chatty  : uid=1047(cameraserver) excal:HalCtrl expire 289 lines
08-12 09:12:43.658   549 31282 I chatty  : uid=1006(camera) mm-qcamera-daem expire 4 lines
08-12 09:12:43.685   531  9959 I chatty  : uid=1047(cameraserver) Binder:531_2 expire 10 lines
08-12 09:12:43.691   549 31284 I chatty  : uid=1006(camera) mm-qcamera-daem expire 1 line
08-12 09:12:43.819   549   549 I chatty  : uid=1006(camera) mm-qcamera-daem expire 54 lines
08-12 09:12:43.864   549 31300 I chatty  : uid=1006(camera) mm-qcamera-daem expire 148 lines
08-12 09:12:43.875   531  9972 I chatty  : uid=1047(cameraserver) excal:ReqCtrl expire 176 lines
08-12 09:12:43.876   531  9970 I chatty  : uid=1047(cameraserver) excal:IqCtrl expire 12 lines
08-12 09:12:43.879   531  9986 I chatty  : uid=1047(cameraserver) excal:ColorCtrl expire 10 lines
08-12 09:12:43.904   531  9969 I chatty  : uid=1047(cameraserver) excal:IdtCtrl expire 52 lines
08-12 09:12:44.083  2143  2574 I chatty  : uid=1000(system) Binder:2143_7 expire 4 lines
08-12 09:12:44.160 22068 22068 I PA_BitmapLoader: clearCache(false, false, true, false)
08-12 09:12:44.160 22068 22068 I PA_BitmapLoader: evictAll()
08-12 09:12:44.189   531  9983 I chatty  : uid=1047(cameraserver) excal:ImageConv expire 48 lines
08-12 09:12:44.197   531  9975 I chatty  : uid=1047(cameraserver) excal:FaceDetec expire 48 lines
08-12 09:12:44.208   531  9971 I chatty  : uid=1047(cameraserver) excal:FocusStat expire 10 lines
08-12 09:12:44.260   549 31317 I chatty  : uid=1006(camera) mm-qcamera-daem expire 1 line
08-12 09:12:44.378   531  9974 I chatty  : uid=1047(cameraserver) excal:StreamCtr expire 10 lines
08-12 09:12:44.444 13812 13812 W CastMediaRouteProvider: Not a Cast compatible category: android.media.intent.category.LIVE_VIDEO
08-12 09:12:44.444 13812 13812 W DiscoveryManager: BroadcastReceiver is already registered
08-12 09:12:44.445 13812 15776 I DiscoveryManager: Filter criteria(4E0FE981,CC1AD845) scannerFlags(2)
08-12 09:12:44.468  7484  7527 E NetworkScheduler.ATC: Received callback from client for task that is already complete. ComponentInfo{com.google.android.youtube/com.google.android.libraries.youtube.common.gcore.gcoreclient.gcm.impl.GcmTaskServiceDelegator} device_context_task
08-12 09:12:44.523 13812 15776 E DeviceScanner: [BLE] Failed to start scan because the Bluetooth is disabled.
08-12 09:12:44.526 13812 15776 W DatabaseProcessor: processLocalDevices: failed to get the network info.
08-12 09:12:44.528 24710 24710 I JS      : 'eventName: onProviderChanged'
08-12 09:12:44.530 13812 15776 W DatabaseProcessor: processLocalDevices: failed to get the network info.
08-12 09:12:44.532 13812 15776 W DatabaseProcessor: processLocalDevices: failed to get the network info.
08-12 09:12:44.557   531  9982 I chatty  : uid=1047(cameraserver) excal:StreamCtr expire 10 lines
08-12 09:12:44.632   531 10134 I chatty  : uid=1047(cameraserver) Binder:531_3 expire 11 lines
08-12 09:12:44.724   549 31331 I chatty  : uid=1006(camera) mm-qcamera-daem expire 1 line
08-12 09:12:45.011   531  9992 I chatty  : uid=1047(cameraserver) excal:StreamCtr expire 10 lines
08-12 09:12:45.268   531  9973 I chatty  : uid=1047(cameraserver) excal:LensCtrl expire 10 lines
08-12 09:12:45.274   531 31274 I chatty  : uid=1047(cameraserver) /system/bin/cameraserver expire 21 lines
08-12 09:12:45.557   531   531 I chatty  : uid=1047(cameraserver) /system/bin/cameraserver expire 10 lines
08-12 09:12:45.674   549 31350 I chatty  : uid=1006(camera) mm-qcamera-daem expire 4 lines
08-12 09:12:45.682   533   627 D NuPlayerDriver: reset(0xf4b12000) at state 4
08-12 09:12:45.682   533   627 D NuPlayerDriver: notifyListener_l(0xf4b12000), (8, 0, 0), loop setting(0, 0)
08-12 09:12:45.688   533 31266 W AMessage: failed to post message as target looper for handler 0 is gone.
08-12 09:12:45.689   533 31266 D NuPlayerDriver: notifyResetComplete(0xf4b12000)
08-12 09:12:45.689   533 31877 D NuPlayerDriver: reset(0xf4b123c0) at state 4
08-12 09:12:45.689   533 31877 D NuPlayerDriver: notifyListener_l(0xf4b123c0), (8, 0, 0), loop setting(0, 0)
08-12 09:12:45.689   533 31268 W AMessage: failed to post message as target looper for handler 0 is gone.
08-12 09:12:45.689   533 31268 D NuPlayerDriver: notifyResetComplete(0xf4b123c0)
08-12 09:12:45.690   533 10114 D NuPlayerDriver: reset(0xf632ac60) at state 4
08-12 09:12:45.690   533 10114 D NuPlayerDriver: notifyListener_l(0xf632ac60), (8, 0, 0), loop setting(0, 0)
08-12 09:12:45.690   533 31270 W AMessage: failed to post message as target looper for handler 0 is gone.
08-12 09:12:45.690   533 31270 D NuPlayerDriver: notifyResetComplete(0xf632ac60)
08-12 09:12:45.750   533 31358 D NuPlayerDriver: notifyListener_l(0xf632af60), (1, 0, 0), loop setting(0, 0)
08-12 09:12:45.756   533 31360 D NuPlayerDriver: notifyListener_l(0xf632ac60), (1, 0, 0), loop setting(0, 0)
08-12 09:12:45.762   533 31362 D NuPlayerDriver: notifyListener_l(0xf4b12060), (1, 0, 0), loop setting(0, 0)
08-12 09:12:45.917   549 31299 I chatty  : uid=1006(camera) mm-qcamera-daem expire 1 line
08-12 09:12:45.919   549 31376 I chatty  : uid=1006(camera) mm-qcamera-daem expire 4 lines
08-12 09:12:45.930   549 31378 I chatty  : uid=1006(camera) mm-qcamera-daem expire 1 line
08-12 09:12:46.004   518   518 I MSM-irqbalance: Decided to move IRQ159 from CPU7 [P:0] to CPU0 [P:1] (banned)
08-12 09:12:46.005   518   518 I MSM-irqbalance: Decided to move IRQ159 from CPU5 [P:0] to CPU3 [P:1] (banned)
08-12 09:12:46.017 31389 31389 I art     : Starting a blocking GC AddRemoveAppImageSpace
08-12 09:12:46.018 31389 31389 W System  : ClassLoader referenced unknown path: /system/app/LockClock/lib/arm64
08-12 09:12:46.028 31389 31389 I art     : Starting a blocking GC Xposed
08-12 09:12:46.069   549 31407 I chatty  : uid=1006(camera) mm-qcamera-daem expire 148 lines
08-12 09:12:46.152 31389 31389 D WeatherUpdateService: onCreate
08-12 09:12:46.154 31389 31389 D WeatherUpdateService: Service started, but shouldn't update ... stopping
08-12 09:12:46.156 31389 31389 D WeatherUpdateService: onDestroy
08-12 09:12:46.156   549 31425 I chatty  : uid=1006(camera) mm-qcamera-daem expire 1 line
08-12 09:12:46.590   549 31437 I chatty  : uid=1006(camera) mm-qcamera-daem expire 1 line
08-12 09:12:47.564 13812 15776 W AdaptiveDiscoveryWorker: Exiting Adaptive Discovery. Current NetworkInfo is NULL.
08-12 09:12:47.985   531 31365 I chatty  : uid=1047(cameraserver) /system/bin/cameraserver expire 24 lines
08-12 09:12:48.079   531 31374 I chatty  : uid=1047(cameraserver) Binder:531_5 expire 11 lines
08-12 09:12:48.171   549 31443 I chatty  : uid=1006(camera) mm-qcamera-daem expire 4 lines
08-12 09:12:48.178   533   533 D NuPlayerDriver: reset(0xf632af60) at state 4
08-12 09:12:48.178   533   533 D NuPlayerDriver: notifyListener_l(0xf632af60), (8, 0, 0), loop setting(0, 0)
08-12 09:12:48.178   533 31358 W AMessage: failed to post message as target looper for handler 0 is gone.
08-12 09:12:48.179   533 31358 D NuPlayerDriver: notifyResetComplete(0xf632af60)
08-12 09:12:48.179   533 31877 D NuPlayerDriver: reset(0xf632ac60) at state 4
08-12 09:12:48.179   533 31877 D NuPlayerDriver: notifyListener_l(0xf632ac60), (8, 0, 0), loop setting(0, 0)
08-12 09:12:48.179   533 31360 W AMessage: failed to post message as target looper for handler 0 is gone.
08-12 09:12:48.179   533 31360 D NuPlayerDriver: notifyResetComplete(0xf632ac60)
08-12 09:12:48.180   533   533 D NuPlayerDriver: reset(0xf4b12060) at state 4
08-12 09:12:48.180   533   533 D NuPlayerDriver: notifyListener_l(0xf4b12060), (8, 0, 0), loop setting(0, 0)
08-12 09:12:48.180   533 31362 W AMessage: failed to post message as target looper for handler 0 is gone.
08-12 09:12:48.180   533 31362 D NuPlayerDriver: notifyResetComplete(0xf4b12060)
08-12 09:12:48.397   549 31406 I chatty  : uid=1006(camera) mm-qcamera-daem expire 1 line
08-12 09:12:51.014   518   518 I MSM-irqbalance: Decided to move IRQ159 from CPU6 [P:0] to CPU0 [P:1] (banned)
08-12 09:12:53.029  2143  2263 I chatty  : uid=1000(system) InputDispatcher expire 25 lines
08-12 09:12:53.437  2143  2195 I chatty  : uid=1000(system) ActivityManager expire 7 lines
08-12 09:12:53.940  2143  2158 I chatty  : uid=1000(system) Signal Catcher expire 3 lines
08-12 09:12:54.812  3336  3407 I art     : Thread[3,tid=3407,WaitingInMainSignalCatcherLoop,Thread*=0x7f7fe97400,peer=0x12c25160,"Signal Catcher"]: reacting to signal 3
08-12 09:12:54.812  3336  3407 I art     : 
08-12 09:12:54.863  3336  3407 I art     : Wrote stack traces to '/data/anr/traces.txt'
08-12 09:12:54.863  3331  3391 I art     : Thread[3,tid=3391,WaitingInMainSignalCatcherLoop,Thread*=0x7f7fe97400,peer=0x12c22e50,"Signal Catcher"]: reacting to signal 3
08-12 09:12:54.863  3331  3391 I art     : 
08-12 09:12:54.905  3331  3391 I art     : Wrote stack traces to '/data/anr/traces.txt'
08-12 09:12:54.906  2561  2586 I art     : Thread[3,tid=2586,WaitingInMainSignalCatcherLoop,Thread*=0x7f7fe97400,peer=0x12c20160,"Signal Catcher"]: reacting to signal 3
08-12 09:12:54.906  2561  2586 I art     : 
08-12 09:12:55.057  2561  2586 I art     : Wrote stack traces to '/data/anr/traces.txt'
08-12 09:12:55.058  2319  2360 I art     : Thread[3,tid=2360,WaitingInMainSignalCatcherLoop,Thread*=0x7f7fe97400,peer=0x12c02670,"Signal Catcher"]: reacting to signal 3
08-12 09:12:55.058  2319  2360 I art     : 
08-12 09:12:55.264  2319  2360 I art     : Wrote stack traces to '/data/anr/traces.txt'
08-12 09:12:55.286   372   372 W         : debuggerd: handling request: pid=453 uid=1000 gid=1003 tid=453
08-12 09:12:55.385   372   372 W         : debuggerd: resuming target 453
08-12 09:12:55.387   372   372 W         : debuggerd: handling request: pid=530 uid=1041 gid=1005 tid=530
08-12 09:12:55.400   371   371 W         : debuggerd: handling request: pid=530 uid=1041 gid=1005 tid=530
08-12 09:12:55.622   371   371 W         : debuggerd: resuming target 530
08-12 09:12:55.623   372   372 W         : debuggerd: handling request: pid=531 uid=1047 gid=1005 tid=531
08-12 09:12:55.624   371   371 W         : debuggerd: handling request: pid=531 uid=1047 gid=1005 tid=531
08-12 09:12:55.871   371   371 W         : debuggerd: resuming target 531
08-12 09:12:55.873   372   372 W         : debuggerd: handling request: pid=532 uid=1019 gid=1019 tid=532
08-12 09:12:55.874   371   371 W         : debuggerd: handling request: pid=532 uid=1019 gid=1019 tid=532
08-12 09:12:55.897   371   371 W         : debuggerd: resuming target 532
08-12 09:12:55.899   372   372 W         : debuggerd: handling request: pid=533 uid=1013 gid=1005 tid=533
08-12 09:12:55.900   371   371 W         : debuggerd: handling request: pid=533 uid=1013 gid=1005 tid=533
08-12 09:12:55.978   371   371 W         : debuggerd: resuming target 533
08-12 09:12:55.979   372   372 W         : debuggerd: handling request: pid=534 uid=1013 gid=1031 tid=534
08-12 09:12:55.982   371   371 W         : debuggerd: handling request: pid=534 uid=1013 gid=1031 tid=534
08-12 09:12:56.000   371   371 W         : debuggerd: resuming target 534
08-12 09:12:56.001   372   372 W         : debuggerd: handling request: pid=541 uid=1046 gid=1006 tid=541
08-12 09:12:56.003   371   371 W         : debuggerd: handling request: pid=541 uid=1046 gid=1006 tid=541
08-12 09:12:56.012   518   518 I MSM-irqbalance: Decided to move IRQ159 from CPU6 [P:0] to CPU0 [P:1] (banned)
08-12 09:12:56.013   518   518 I MSM-irqbalance: Decided to move IRQ159 from CPU5 [P:0] to CPU3 [P:1] (banned)
08-12 09:12:56.041   371   371 W         : debuggerd: resuming target 541
08-12 09:12:56.042   372   372 W         : debuggerd: handling request: pid=543 uid=1040 gid=1026 tid=543
08-12 09:12:56.046   371   371 W         : debuggerd: handling request: pid=543 uid=1040 gid=1026 tid=543
08-12 09:12:56.064   371   371 W         : debuggerd: resuming target 543
08-12 09:12:56.065   372   372 W         : debuggerd: handling request: pid=2342 uid=1023 gid=1023 tid=2342
08-12 09:12:56.076   372   372 W         : debuggerd: resuming target 2342
08-12 09:12:56.077   372   372 W         : debuggerd: handling request: pid=2704 uid=1023 gid=1023 tid=2704
08-12 09:12:56.086   372   372 W         : debuggerd: resuming target 2704
08-12 09:12:57.078  2143 18455 I chatty  : uid=1000(system) RenderThread expire 2 lines
08-12 09:12:57.693 31523 31523 W System  : ClassLoader referenced unknown path: /system/priv-app/PackageInstaller/lib/arm64
08-12 09:12:57.723 31523 31523 I art     : Starting a blocking GC Xposed
08-12 09:12:58.062 31523 31528 I art     : Do partial code cache collection, code=19KB, data=20KB
08-12 09:12:58.062 31523 31528 I art     : After code cache collection, code=19KB, data=20KB
08-12 09:12:58.062 31523 31528 I art     : Increasing code cache capacity to 128KB
08-12 09:12:58.064 31523 31528 I art     : Compiler allocated 7MB to compile void android.widget.TextView.<init>(android.content.Context, android.util.AttributeSet, int, int)
08-12 09:12:58.079 31523 31543 I Adreno  : QUALCOMM build                   : ce5aeb9, I750f7f2fa6
08-12 09:12:58.079 31523 31543 I Adreno  : Build Date                       : 03/24/17
08-12 09:12:58.079 31523 31543 I Adreno  : OpenGL ES Shader Compiler Version: XE031.09.00.03
08-12 09:12:58.079 31523 31543 I Adreno  : Local Branch                     : 
08-12 09:12:58.079 31523 31543 I Adreno  : Remote Branch                    : quic/LA.BF64.1.2.3_rb1.11
08-12 09:12:58.079 31523 31543 I Adreno  : Remote Branch                    : NONE
08-12 09:12:58.079 31523 31543 I Adreno  : Reconstruct Branch               : NOTHING
08-12 09:12:58.088 31523 31543 I OpenGLRenderer: Initialized EGL, version 1.4
08-12 09:12:58.088 31523 31543 D OpenGLRenderer: Swap behavior 1
08-12 09:12:59.540  2143  2275 I chatty  : uid=1000(system) WifiStateMachin expire 20 lines
08-12 09:13:00.044  2143  2277 I chatty  : uid=1000(system) WifiScanningSer expire 21 lines
08-12 09:13:00.479  2143 29574 I chatty  : uid=1000(system) Binder:2143_11 expire 2 lines
08-12 09:13:00.536   531 31373 I chatty  : uid=1047(cameraserver) Binder:531_4 expire 12 lines
08-12 09:13:00.545   533 31552 D NuPlayerDriver: notifyListener_l(0xf632ab40), (1, 0, 0), loop setting(0, 0)
08-12 09:13:00.553   533 31554 D NuPlayerDriver: notifyListener_l(0xf4b12060), (1, 0, 0), loop setting(0, 0)
08-12 09:13:00.562   533 31556 D NuPlayerDriver: notifyListener_l(0xf632ac60), (1, 0, 0), loop setting(0, 0)
08-12 09:13:00.567   531  9968 I chatty  : uid=1047(cameraserver) excal:HalCtrl expire 310 lines
08-12 09:13:00.570   549 31561 I chatty  : uid=1006(camera) mm-qcamera-daem expire 4 lines
08-12 09:13:00.586   549 31564 I chatty  : uid=1006(camera) mm-qcamera-daem expire 1 line
08-12 09:13:00.590   531  2175 I chatty  : uid=1047(cameraserver) Binder:531_1 expire 10 lines
08-12 09:13:00.713   549   549 I chatty  : uid=1006(camera) mm-qcamera-daem expire 54 lines
08-12 09:13:00.758   549 31585 I chatty  : uid=1006(camera) mm-qcamera-daem expire 148 lines
08-12 09:13:00.771   531  9970 I chatty  : uid=1047(cameraserver) excal:IqCtrl expire 13 lines
08-12 09:13:00.772   531  9972 I chatty  : uid=1047(cameraserver) excal:ReqCtrl expire 175 lines
08-12 09:13:00.795   531  9969 I chatty  : uid=1047(cameraserver) excal:IdtCtrl expire 52 lines
08-12 09:13:00.844   531  9983 I chatty  : uid=1047(cameraserver) excal:ImageConv expire 48 lines
08-12 09:13:00.848   531  9975 I chatty  : uid=1047(cameraserver) excal:FaceDetec expire 48 lines
08-12 09:13:00.919   549 31601 I chatty  : uid=1006(camera) mm-qcamera-daem expire 1 line
08-12 09:13:01.013   518   518 I MSM-irqbalance: Decided to move IRQ159 from CPU6 [P:0] to CPU0 [P:1] (banned)
08-12 09:13:01.245 31523 31543 D OpenGLRenderer: endAllActiveAnimators on 0x7f7e96b400 (RippleDrawable) with handle 0x7f611fc840
08-12 09:13:01.283   531 31559 I chatty  : uid=1047(cameraserver) /system/bin/cameraserver expire 5 lines
08-12 09:13:01.296   549 31613 I chatty  : uid=1006(camera) mm-qcamera-daem expire 1 line
08-12 09:13:01.591   531 31567 I chatty  : uid=1047(cameraserver) /system/bin/cameraserver expire 1 line
08-12 09:13:01.684   531 10134 I chatty  : uid=1047(cameraserver) Binder:531_3 expire 14 lines
08-12 09:13:01.860   453   453 W SurfaceFlinger: couldn't log to binary event log: overflow.
08-12 09:13:01.974   549 31632 I chatty  : uid=1006(camera) mm-qcamera-daem expire 4 lines
08-12 09:13:02.219   549 31584 I chatty  : uid=1006(camera) mm-qcamera-daem expire 1 line
