08-12 09:16:04.478   535   777 D QC-time-services: Lib:time_genoff_operation: pargs->base = 13
08-12 09:16:04.478   535   777 D QC-time-services: Lib:time_genoff_operation: pargs->operation = 0
08-12 09:16:04.478   535   777 D QC-time-services: Lib:time_genoff_operation: pargs->ts_val = 1565565364000
08-12 09:16:04.478   535   777 E QC-time-services: Lib:time_genoff_operation: Connection failed !!
08-12 09:16:04.490  2143  2384 I chatty  : uid=1000(system) Binder:2143_3 expire 6 lines
08-12 09:16:04.497  2143  2192 I chatty  : uid=1000(system) Binder:2143_1 expire 3 lines
08-12 09:16:06.860   518   518 I MSM-irqbalance: Decided to move IRQ159 from CPU7 [P:0] to CPU0 [P:1] (banned)
08-12 09:16:12.050   518   518 I MSM-irqbalance: Decided to move IRQ159 from CPU7 [P:0] to CPU0 [P:1] (banned)
08-12 09:16:17.340   518   518 I MSM-irqbalance: Decided to move IRQ159 from CPU7 [P:0] to CPU0 [P:1] (banned)
08-12 09:16:22.372   518   518 I MSM-irqbalance: Decided to move IRQ159 from CPU7 [P:0] to CPU0 [P:1] (banned)
08-12 09:16:26.359  7484 31002 E WakeLock: GCM_HB_ALARM release without a matched acquire!
08-12 09:16:27.501   518   518 I MSM-irqbalance: Decided to move IRQ159 from CPU7 [P:0] to CPU0 [P:1] (banned)
08-12 09:16:32.633   518   518 I MSM-irqbalance: Decided to move IRQ159 from CPU7 [P:0] to CPU0 [P:1] (banned)
08-12 09:16:37.631   518   518 I MSM-irqbalance: Decided to move IRQ159 from CPU7 [P:0] to CPU0 [P:1] (banned)
08-12 09:16:38.737  2143  3826 I chatty  : uid=1000(system) Binder:2143_14 expire 8 lines
08-12 09:16:38.752  2143  2263 I chatty  : uid=1000(system) InputDispatcher expire 15 lines
08-12 09:16:38.753 22068 22068 I PA_BitmapLoader: clearCache(false, false, true, false)
08-12 09:16:38.753 22068 22068 I PA_BitmapLoader: evictAll()
08-12 09:16:38.793   533 32678 D NuPlayerDriver: notifyListener_l(0xf632b320), (1, 0, 0), loop setting(0, 0)
08-12 09:16:38.800   533 32680 D NuPlayerDriver: notifyListener_l(0xf632b1a0), (1, 0, 0), loop setting(0, 0)
08-12 09:16:38.807   533 32682 D NuPlayerDriver: notifyListener_l(0xf4b12060), (1, 0, 0), loop setting(0, 0)
08-12 09:16:38.810   531  9968 I chatty  : uid=1047(cameraserver) excal:HalCtrl expire 152 lines
08-12 09:16:38.812   549 32688 I chatty  : uid=1006(camera) mm-qcamera-daem expire 4 lines
08-12 09:16:38.812   531   531 I chatty  : uid=1047(cameraserver) /system/bin/cameraserver expire 13 lines
08-12 09:16:38.824   549 32693 I chatty  : uid=1006(camera) mm-qcamera-daem expire 1 line
08-12 09:16:38.956   549   549 I chatty  : uid=1006(camera) mm-qcamera-daem expire 27 lines
08-12 09:16:38.975   549 32711 I chatty  : uid=1006(camera) mm-qcamera-daem expire 148 lines
08-12 09:16:38.984   531  9972 I chatty  : uid=1047(cameraserver) excal:ReqCtrl expire 88 lines
08-12 09:16:39.002   531  9969 I chatty  : uid=1047(cameraserver) excal:IdtCtrl expire 26 lines
08-12 09:16:39.023   531  9983 I chatty  : uid=1047(cameraserver) excal:ImageConv expire 24 lines
08-12 09:16:39.028   531  9975 I chatty  : uid=1047(cameraserver) excal:FaceDetec expire 24 lines
08-12 09:16:39.094   549 32730 I chatty  : uid=1006(camera) mm-qcamera-daem expire 1 line
08-12 09:16:39.445   531 31374 I chatty  : uid=1047(cameraserver) Binder:531_5 expire 11 lines
08-12 09:16:39.505   531 32685 I chatty  : uid=1047(cameraserver) /system/bin/cameraserver expire 17 lines
08-12 09:16:39.536   549 32746 I chatty  : uid=1006(camera) mm-qcamera-daem expire 1 line
08-12 09:16:39.826   531 32691 I chatty  : uid=1047(cameraserver) /system/bin/cameraserver expire 1 line
08-12 09:16:40.201   549 32764 I chatty  : uid=1006(camera) mm-qcamera-daem expire 4 lines
08-12 09:16:40.212   533   533 D NuPlayerDriver: reset(0xf632b320) at state 4
08-12 09:16:40.212   533   533 D NuPlayerDriver: notifyListener_l(0xf632b320), (8, 0, 0), loop setting(0, 0)
08-12 09:16:40.212   533 32678 W AMessage: failed to post message as target looper for handler 0 is gone.
08-12 09:16:40.213   533 32678 D NuPlayerDriver: notifyResetComplete(0xf632b320)
08-12 09:16:40.214   533 31877 D NuPlayerDriver: reset(0xf632b1a0) at state 4
08-12 09:16:40.214   533 31877 D NuPlayerDriver: notifyListener_l(0xf632b1a0), (8, 0, 0), loop setting(0, 0)
08-12 09:16:40.214   533 32680 W AMessage: failed to post message as target looper for handler 0 is gone.
08-12 09:16:40.214   533 32680 D NuPlayerDriver: notifyResetComplete(0xf632b1a0)
08-12 09:16:40.215   533 10114 D NuPlayerDriver: reset(0xf4b12060) at state 4
08-12 09:16:40.215   533 10114 D NuPlayerDriver: notifyListener_l(0xf4b12060), (8, 0, 0), loop setting(0, 0)
08-12 09:16:40.215   533 32682 W AMessage: failed to post message as target looper for handler 0 is gone.
08-12 09:16:40.215   533 32682 D NuPlayerDriver: notifyResetComplete(0xf4b12060)
08-12 09:16:40.387 13812   387 W GAv4-SVC: Network compressed POST connection error: java.net.ConnectException: Connection refused
08-12 09:16:40.434   549 32710 I chatty  : uid=1006(camera) mm-qcamera-daem expire 1 line
08-12 09:16:42.629   518   518 I MSM-irqbalance: Decided to move IRQ159 from CPU5 [P:0] to CPU0 [P:1] (banned)
08-12 09:16:47.752   518   518 I MSM-irqbalance: Decided to move IRQ159 from CPU6 [P:0] to CPU0 [P:1] (banned)
08-12 09:16:52.843   518   518 I MSM-irqbalance: Decided to move IRQ159 from CPU6 [P:0] to CPU0 [P:1] (banned)
08-12 09:16:57.910   518   518 I MSM-irqbalance: Decided to move IRQ159 from CPU6 [P:0] to CPU0 [P:1] (banned)
08-12 09:17:03.020   518   518 I MSM-irqbalance: Decided to move IRQ159 from CPU6 [P:0] to CPU0 [P:1] (banned)
08-12 09:17:08.021   518   518 I MSM-irqbalance: Decided to move IRQ159 from CPU6 [P:0] to CPU0 [P:1] (banned)
08-12 09:17:13.061   518   518 I MSM-irqbalance: Decided to move IRQ159 from CPU6 [P:0] to CPU0 [P:1] (banned)
08-12 09:17:18.412   518   518 I MSM-irqbalance: Decided to move IRQ159 from CPU6 [P:0] to CPU0 [P:1] (banned)
08-12 09:17:23.440   518   518 I MSM-irqbalance: Decided to move IRQ159 from CPU6 [P:0] to CPU0 [P:1] (banned)
08-12 09:17:28.512   518   518 I MSM-irqbalance: Decided to move IRQ159 from CPU6 [P:0] to CPU0 [P:1] (banned)
08-12 09:17:29.253  2143 13766 I chatty  : uid=1000(system) Binder:2143_16 expire 3 lines
08-12 09:17:29.259  2143  2263 I chatty  : uid=1000(system) InputDispatcher expire 26 lines
08-12 09:17:29.261 22068 22068 I PA_BitmapLoader: clearCache(false, false, true, false)
08-12 09:17:29.261 22068 22068 I PA_BitmapLoader: evictAll()
08-12 09:17:29.311   533   438 D NuPlayerDriver: notifyListener_l(0xf4b12060), (1, 0, 0), loop setting(0, 0)
08-12 09:17:29.318   533   440 D NuPlayerDriver: notifyListener_l(0xf632b620), (1, 0, 0), loop setting(0, 0)
08-12 09:17:29.325   533   442 D NuPlayerDriver: notifyListener_l(0xf632b1a0), (1, 0, 0), loop setting(0, 0)
08-12 09:17:29.328   531 31373 I chatty  : uid=1047(cameraserver) Binder:531_4 expire 11 lines
08-12 09:17:29.337   531  9968 I chatty  : uid=1047(cameraserver) excal:HalCtrl expire 155 lines
08-12 09:17:29.340   549   478 I chatty  : uid=1006(camera) mm-qcamera-daem expire 4 lines
08-12 09:17:29.341   531  9959 I chatty  : uid=1047(cameraserver) Binder:531_2 expire 13 lines
08-12 09:17:29.349   549   491 I chatty  : uid=1006(camera) mm-qcamera-daem expire 1 line
08-12 09:17:29.500   549   549 I chatty  : uid=1006(camera) mm-qcamera-daem expire 27 lines
08-12 09:17:29.521   549   505 I chatty  : uid=1006(camera) mm-qcamera-daem expire 148 lines
08-12 09:17:29.530   531  9970 I chatty  : uid=1047(cameraserver) excal:IqCtrl expire 10 lines
08-12 09:17:29.530   531  9972 I chatty  : uid=1047(cameraserver) excal:ReqCtrl expire 79 lines
08-12 09:17:29.535   531  9969 I chatty  : uid=1047(cameraserver) excal:IdtCtrl expire 26 lines
08-12 09:17:29.568   531  9983 I chatty  : uid=1047(cameraserver) excal:ImageConv expire 24 lines
08-12 09:17:29.573   531  9975 I chatty  : uid=1047(cameraserver) excal:FaceDetec expire 24 lines
08-12 09:17:29.646   549   555 I chatty  : uid=1006(camera) mm-qcamera-daem expire 1 line
08-12 09:17:30.469   531   462 I chatty  : uid=1047(cameraserver) /system/bin/cameraserver expire 1 line
08-12 09:17:30.551   549   649 I chatty  : uid=1006(camera) mm-qcamera-daem expire 1 line
08-12 09:17:30.554   531   455 I chatty  : uid=1047(cameraserver) /system/bin/cameraserver expire 23 lines
08-12 09:17:30.642   531 31374 I chatty  : uid=1047(cameraserver) Binder:531_5 expire 14 lines
08-12 09:17:30.709   549   652 I chatty  : uid=1006(camera) mm-qcamera-daem expire 4 lines
08-12 09:17:30.722   533   627 D NuPlayerDriver: reset(0xf4b12060) at state 4
08-12 09:17:30.722   533   627 D NuPlayerDriver: notifyListener_l(0xf4b12060), (8, 0, 0), loop setting(0, 0)
08-12 09:17:30.723   533   438 W AMessage: failed to post message as target looper for handler 0 is gone.
08-12 09:17:30.723   533   438 D NuPlayerDriver: notifyResetComplete(0xf4b12060)
08-12 09:17:30.724   533 10114 D NuPlayerDriver: reset(0xf632b620) at state 4
08-12 09:17:30.724   533 10114 D NuPlayerDriver: notifyListener_l(0xf632b620), (8, 0, 0), loop setting(0, 0)
08-12 09:17:30.724   533   440 W AMessage: failed to post message as target looper for handler 0 is gone.
08-12 09:17:30.724   533   440 D NuPlayerDriver: notifyResetComplete(0xf632b620)
08-12 09:17:30.725   533   533 D NuPlayerDriver: reset(0xf632b1a0) at state 4
08-12 09:17:30.725   533   533 D NuPlayerDriver: notifyListener_l(0xf632b1a0), (8, 0, 0), loop setting(0, 0)
08-12 09:17:30.725   533   442 W AMessage: failed to post message as target looper for handler 0 is gone.
08-12 09:17:30.725   533   442 D NuPlayerDriver: notifyResetComplete(0xf632b1a0)
08-12 09:17:30.935   549   504 I chatty  : uid=1006(camera) mm-qcamera-daem expire 1 line
08-12 09:18:00.950   533   767 D NuPlayerDriver: notifyListener_l(0xf632b620), (1, 0, 0), loop setting(0, 0)
08-12 09:18:00.957   533   769 D NuPlayerDriver: notifyListener_l(0xf632b1a0), (1, 0, 0), loop setting(0, 0)
08-12 09:18:00.958  2143  2263 I chatty  : uid=1000(system) InputDispatcher expire 25 lines
08-12 09:18:00.963   533   774 D NuPlayerDriver: notifyListener_l(0xf632aea0), (1, 0, 0), loop setting(0, 0)
08-12 09:18:00.968   531  9968 I chatty  : uid=1047(cameraserver) excal:HalCtrl expire 177 lines
08-12 09:18:00.969   549   784 I chatty  : uid=1006(camera) mm-qcamera-daem expire 4 lines
08-12 09:18:00.975   549   786 I chatty  : uid=1006(camera) mm-qcamera-daem expire 1 line
08-12 09:18:01.132   549   549 I chatty  : uid=1006(camera) mm-qcamera-daem expire 27 lines
08-12 09:18:01.146   549   810 I chatty  : uid=1006(camera) mm-qcamera-daem expire 148 lines
08-12 09:18:01.151   531  9972 I chatty  : uid=1047(cameraserver) excal:ReqCtrl expire 178 lines
08-12 09:18:01.156   531  9969 I chatty  : uid=1047(cameraserver) excal:IdtCtrl expire 52 lines
08-12 09:18:01.192   531  9983 I chatty  : uid=1047(cameraserver) excal:ImageConv expire 48 lines
08-12 09:18:01.196   531  9975 I chatty  : uid=1047(cameraserver) excal:FaceDetec expire 48 lines
08-12 09:18:01.197   531  9971 I chatty  : uid=1047(cameraserver) excal:FocusStat expire 10 lines
08-12 09:18:01.267   549   826 I chatty  : uid=1006(camera) mm-qcamera-daem expire 1 line
08-12 09:18:02.094   531   797 I chatty  : uid=1047(cameraserver) /system/bin/cameraserver expire 1 line
08-12 09:18:02.175   531   781 I chatty  : uid=1047(cameraserver) /system/bin/cameraserver expire 17 lines
08-12 09:18:02.188   549   850 I chatty  : uid=1006(camera) mm-qcamera-daem expire 1 line
08-12 09:18:02.271   531  9974 I chatty  : uid=1047(cameraserver) excal:StreamCtr expire 11 lines
08-12 09:18:02.692   531  9970 I chatty  : uid=1047(cameraserver) excal:IqCtrl expire 12 lines
08-12 09:18:02.698   549   876 I chatty  : uid=1006(camera) mm-qcamera-daem expire 4 lines
08-12 09:18:02.710   533 10114 D NuPlayerDriver: reset(0xf632b620) at state 4
08-12 09:18:02.713   533 10114 D NuPlayerDriver: notifyListener_l(0xf632b620), (8, 0, 0), loop setting(0, 0)
08-12 09:18:02.713   533   767 W AMessage: failed to post message as target looper for handler 0 is gone.
08-12 09:18:02.713   533   767 D NuPlayerDriver: notifyResetComplete(0xf632b620)
08-12 09:18:02.714   533   533 D NuPlayerDriver: reset(0xf632b1a0) at state 4
08-12 09:18:02.714   533   533 D NuPlayerDriver: notifyListener_l(0xf632b1a0), (8, 0, 0), loop setting(0, 0)
08-12 09:18:02.714   533   769 W AMessage: failed to post message as target looper for handler 0 is gone.
08-12 09:18:02.714   533   769 D NuPlayerDriver: notifyResetComplete(0xf632b1a0)
08-12 09:18:02.715   533   533 D NuPlayerDriver: reset(0xf632aea0) at state 4
08-12 09:18:02.715   533   533 D NuPlayerDriver: notifyListener_l(0xf632aea0), (8, 0, 0), loop setting(0, 0)
08-12 09:18:02.715   533   774 W AMessage: failed to post message as target looper for handler 0 is gone.
08-12 09:18:02.716   533   774 D NuPlayerDriver: notifyResetComplete(0xf632aea0)
08-12 09:18:02.940   549   809 I chatty  : uid=1006(camera) mm-qcamera-daem expire 1 line
08-12 09:18:03.656   518   518 I MSM-irqbalance: Decided to move IRQ159 from CPU6 [P:0] to CPU0 [P:1] (banned)
08-12 09:18:08.671   518   518 I MSM-irqbalance: Decided to move IRQ159 from CPU5 [P:0] to CPU0 [P:1] (banned)
08-12 13:07:28.490   549 22645 I chatty  : uid=1006(camera) mm-qcamera-daem expire 148 lines
08-12 13:07:28.643   549 22664 I chatty  : uid=1006(camera) mm-qcamera-daem expire 1 line
08-12 13:07:29.004   531 22623 I chatty  : uid=1047(cameraserver) /system/bin/cameraserver expire 1 line
08-12 13:07:29.032  7342  7342 W IInputConnectionWrapper: reportFullscreenMode on inexistent InputConnection
08-12 13:07:29.032  7342  7342 W IInputConnectionWrapper: finishComposingText on inactive InputConnection
08-12 13:07:29.106   549 22676 I chatty  : uid=1006(camera) mm-qcamera-daem expire 1 line
08-12 13:07:29.286  2143  2263 I chatty  : uid=1000(system) InputDispatcher expire 10 lines
08-12 13:07:29.297  2143  2193 I chatty  : uid=1000(system) Binder:2143_2 expire 1 line
08-12 13:07:29.305   451   451 E lowmemorykiller: Error opening /proc/5756/oom_score_adj; errno=2
08-12 13:07:29.306  2143  6469 I chatty  : uid=1000(system) Binder:2143_F expire 6 lines
08-12 13:07:29.306   451   451 E lowmemorykiller: Error writing /proc/8388/oom_score_adj; errno=22
08-12 13:07:29.307  2143 29573 I chatty  : uid=1000(system) Binder:2143_10 expire 4 lines
08-12 13:07:29.321   451   451 E lowmemorykiller: Error writing /proc/8388/oom_score_adj; errno=22
08-12 13:07:29.564  2143  3343 I chatty  : uid=1000(system) Binder:2143_B expire 1 line
08-12 13:07:31.055   518   518 I MSM-irqbalance: Decided to move IRQ159 from CPU5 [P:0] to CPU0 [P:1] (banned)
08-12 13:07:34.788   531 22620 I chatty  : uid=1047(cameraserver) /system/bin/cameraserver expire 24 lines
08-12 13:07:35.047   549   549 I chatty  : uid=1006(camera) mm-qcamera-daem expire 35 lines
08-12 13:07:35.048   549 22687 I chatty  : uid=1006(camera) mm-qcamera-daem expire 4 lines
08-12 13:07:35.052   531 10134 I chatty  : uid=1047(cameraserver) Binder:531_3 expire 12 lines
08-12 13:07:35.053   533 31877 D NuPlayerDriver: reset(0xf632b800) at state 4
08-12 13:07:35.053   533 31877 D NuPlayerDriver: notifyListener_l(0xf632b800), (8, 0, 0), loop setting(0, 0)
08-12 13:07:35.059   533 22613 W AMessage: failed to post message as target looper for handler 0 is gone.
08-12 13:07:35.060   533 22613 D NuPlayerDriver: notifyResetComplete(0xf632b800)
08-12 13:07:35.062   533   533 D NuPlayerDriver: reset(0xf632ad80) at state 4
08-12 13:07:35.062   533   533 D NuPlayerDriver: notifyListener_l(0xf632ad80), (8, 0, 0), loop setting(0, 0)
08-12 13:07:35.062   533 22615 W AMessage: failed to post message as target looper for handler 0 is gone.
08-12 13:07:35.063   533 22615 D NuPlayerDriver: notifyResetComplete(0xf632ad80)
08-12 13:07:35.063   533 10114 D NuPlayerDriver: reset(0xf632b260) at state 4
08-12 13:07:35.063   533 10114 D NuPlayerDriver: notifyListener_l(0xf632b260), (8, 0, 0), loop setting(0, 0)
08-12 13:07:35.063   533 22617 W AMessage: failed to post message as target looper for handler 0 is gone.
08-12 13:07:35.064   533 22617 D NuPlayerDriver: notifyResetComplete(0xf632b260)
08-12 13:07:35.282   549 22644 I chatty  : uid=1006(camera) mm-qcamera-daem expire 1 line
08-12 13:07:35.482  2143  2202 I chatty  : uid=1000(system) android.display expire 7 lines
08-12 13:07:36.055   518   518 I MSM-irqbalance: Decided to move IRQ159 from CPU7 [P:0] to CPU0 [P:1] (banned)
08-12 13:07:37.059  2143  2275 I chatty  : uid=1000(system) WifiStateMachin expire 25 lines
08-12 13:07:38.909  2143  2277 I chatty  : uid=1000(system) WifiScanningSer expire 10 lines
08-12 13:07:38.921 13812 22759 I Authzen : [DeviceStateSyncManager] Skipping sync since last one was 20114ms ago.
08-12 13:07:41.062   518   518 I MSM-irqbalance: Decided to move IRQ159 from CPU5 [P:0] to CPU0 [P:1] (banned)
08-12 13:07:46.152   518   518 I MSM-irqbalance: Decided to move IRQ159 from CPU5 [P:0] to CPU0 [P:1] (banned)
08-12 13:07:51.184   518   518 I MSM-irqbalance: Decided to move IRQ159 from CPU5 [P:0] to CPU0 [P:1] (banned)
08-12 13:07:56.177   518   518 I MSM-irqbalance: Decided to move IRQ159 from CPU5 [P:0] to CPU0 [P:1] (banned)
08-12 13:07:56.221  2143  2573 I chatty  : uid=1000(system) Binder:2143_6 expire 3 lines
08-12 13:07:56.280   531  2175 I chatty  : uid=1047(cameraserver) Binder:531_1 expire 10 lines
08-12 13:07:56.290   533 22767 D NuPlayerDriver: notifyListener_l(0xf632b980), (1, 0, 0), loop setting(0, 0)
08-12 13:07:56.300   533 22769 D NuPlayerDriver: notifyListener_l(0xf632b0e0), (1, 0, 0), loop setting(0, 0)
08-12 13:07:56.308   533 22771 D NuPlayerDriver: notifyListener_l(0xf632b860), (1, 0, 0), loop setting(0, 0)
08-12 13:07:56.312   531  9968 I chatty  : uid=1047(cameraserver) excal:HalCtrl expire 145 lines
08-12 13:07:56.313   549 22777 I chatty  : uid=1006(camera) mm-qcamera-daem expire 4 lines
08-12 13:07:56.327   549 22779 I chatty  : uid=1006(camera) mm-qcamera-daem expire 1 line
08-12 13:07:56.329   531  9959 I chatty  : uid=1047(cameraserver) Binder:531_2 expire 10 lines
08-12 13:07:56.501   549 22800 I chatty  : uid=1006(camera) mm-qcamera-daem expire 148 lines
08-12 13:07:56.509   531  9972 I chatty  : uid=1047(cameraserver) excal:ReqCtrl expire 112 lines
08-12 13:07:56.512   531  9986 I chatty  : uid=1047(cameraserver) excal:ColorCtrl expire 8 lines
08-12 13:07:56.527   531  9969 I chatty  : uid=1047(cameraserver) excal:IdtCtrl expire 45 lines
08-12 13:07:56.557   531  9983 I chatty  : uid=1047(cameraserver) excal:ImageConv expire 24 lines
08-12 13:07:56.563   531  9975 I chatty  : uid=1047(cameraserver) excal:FaceDetec expire 32 lines
08-12 13:07:56.661   549 22816 I chatty  : uid=1006(camera) mm-qcamera-daem expire 1 line
08-12 13:07:56.910   531  9982 I chatty  : uid=1047(cameraserver) excal:StreamCtr expire 8 lines
08-12 13:07:57.015   531   531 I chatty  : uid=1047(cameraserver) /system/bin/cameraserver expire 4 lines
08-12 13:07:57.100   531 22774 I chatty  : uid=1047(cameraserver) /system/bin/cameraserver expire 23 lines
08-12 13:07:57.133   549 22827 I chatty  : uid=1006(camera) mm-qcamera-daem expire 1 line
08-12 13:07:57.497   531  9970 I chatty  : uid=1047(cameraserver) excal:IqCtrl expire 15 lines
08-12 13:07:57.502   549 22830 I chatty  : uid=1006(camera) mm-qcamera-daem expire 4 lines
08-12 13:07:57.515   533 31877 D NuPlayerDriver: reset(0xf632b980) at state 4
08-12 13:07:57.515   533 31877 D NuPlayerDriver: notifyListener_l(0xf632b980), (8, 0, 0), loop setting(0, 0)
08-12 13:07:57.516   533 22767 W AMessage: failed to post message as target looper for handler 0 is gone.
08-12 13:07:57.516   533 22767 D NuPlayerDriver: notifyResetComplete(0xf632b980)
08-12 13:07:57.519   533 31877 D NuPlayerDriver: reset(0xf632b0e0) at state 4
08-12 13:07:57.519   533 31877 D NuPlayerDriver: notifyListener_l(0xf632b0e0), (8, 0, 0), loop setting(0, 0)
08-12 13:07:57.519   533 22769 W AMessage: failed to post message as target looper for handler 0 is gone.
08-12 13:07:57.520   533 22769 D NuPlayerDriver: notifyResetComplete(0xf632b0e0)
08-12 13:07:57.520   533 10114 D NuPlayerDriver: reset(0xf632b860) at state 4
08-12 13:07:57.520   533 10114 D NuPlayerDriver: notifyListener_l(0xf632b860), (8, 0, 0), loop setting(0, 0)
08-12 13:07:57.520   533 22771 W AMessage: failed to post message as target looper for handler 0 is gone.
08-12 13:07:57.521   533 22771 D NuPlayerDriver: notifyResetComplete(0xf632b860)
08-12 13:07:57.736   549 22799 I chatty  : uid=1006(camera) mm-qcamera-daem expire 1 line
08-12 13:07:59.683   540   540 D SoftKeymaster: system/keymaster/soft_keymaster_device.cpp, Line 692: Not performing software digesting for algorithm 32
08-12 13:07:59.683   540   540 D SoftKeymaster: system/keymaster/soft_keymaster_device.cpp, Line 1203: Operation supported by Keymaster QTI HAL, passing through to keymaster1 module
08-12 13:07:59.687   480   485 I chatty  : uid=1000(system) /system/bin/qseecomd expire 119 lines
08-12 13:07:59.736   540   540 D SoftKeymaster: system/keymaster/soft_keymaster_device.cpp, Line 692: Not performing software digesting for algorithm 32
08-12 13:07:59.736   540   540 D SoftKeymaster: system/keymaster/soft_keymaster_device.cpp, Line 1203: Operation supported by Keymaster QTI HAL, passing through to keymaster1 module
08-12 13:07:59.777   540   540 D SoftKeymaster: system/keymaster/soft_keymaster_device.cpp, Line 692: Not performing software digesting for algorithm 32
08-12 13:07:59.777   540   540 D SoftKeymaster: system/keymaster/soft_keymaster_device.cpp, Line 1203: Operation supported by Keymaster QTI HAL, passing through to keymaster1 module
08-12 13:07:59.805   540   540 D SoftKeymaster: system/keymaster/soft_keymaster_device.cpp, Line 692: Not performing software digesting for algorithm 32
08-12 13:07:59.806   540   540 D SoftKeymaster: system/keymaster/soft_keymaster_device.cpp, Line 1203: Operation supported by Keymaster QTI HAL, passing through to keymaster1 module
08-12 13:07:59.858   540   540 D SoftKeymaster: system/keymaster/soft_keymaster_device.cpp, Line 692: Not performing software digesting for algorithm 32
08-12 13:07:59.858   540   540 D SoftKeymaster: system/keymaster/soft_keymaster_device.cpp, Line 1203: Operation supported by Keymaster QTI HAL, passing through to keymaster1 module
08-12 13:07:59.888   540   540 D SoftKeymaster: system/keymaster/soft_keymaster_device.cpp, Line 692: Not performing software digesting for algorithm 32
08-12 13:07:59.888   540   540 D SoftKeymaster: system/keymaster/soft_keymaster_device.cpp, Line 1203: Operation supported by Keymaster QTI HAL, passing through to keymaster1 module
08-12 13:07:59.919   540   540 D SoftKeymaster: system/keymaster/soft_keymaster_device.cpp, Line 692: Not performing software digesting for algorithm 32
08-12 13:07:59.920   540   540 D SoftKeymaster: system/keymaster/soft_keymaster_device.cpp, Line 1203: Operation supported by Keymaster QTI HAL, passing through to keymaster1 module
08-12 13:08:01.178   518   518 I MSM-irqbalance: Decided to move IRQ159 from CPU7 [P:0] to CPU0 [P:1] (banned)
08-12 13:08:06.184   518   518 I MSM-irqbalance: Decided to move IRQ159 from CPU7 [P:0] to CPU0 [P:1] (banned)
08-12 13:08:10.112   540   540 D SoftKeymaster: system/keymaster/soft_keymaster_device.cpp, Line 692: Not performing software digesting for algorithm 32
08-12 13:08:10.113   540   540 D SoftKeymaster: system/keymaster/soft_keymaster_device.cpp, Line 1203: Operation supported by Keymaster QTI HAL, passing through to keymaster1 module
08-12 13:08:10.116   480   485 I chatty  : uid=1000(system) /system/bin/qseecomd expire 102 lines
08-12 13:08:10.136   540   540 D SoftKeymaster: system/keymaster/soft_keymaster_device.cpp, Line 692: Not performing software digesting for algorithm 32
08-12 13:08:10.136   540   540 D SoftKeymaster: system/keymaster/soft_keymaster_device.cpp, Line 1203: Operation supported by Keymaster QTI HAL, passing through to keymaster1 module
08-12 13:08:10.158   540   540 D SoftKeymaster: system/keymaster/soft_keymaster_device.cpp, Line 692: Not performing software digesting for algorithm 32
08-12 13:08:10.158   540   540 D SoftKeymaster: system/keymaster/soft_keymaster_device.cpp, Line 1203: Operation supported by Keymaster QTI HAL, passing through to keymaster1 module
08-12 13:08:10.190   540   540 D SoftKeymaster: system/keymaster/soft_keymaster_device.cpp, Line 692: Not performing software digesting for algorithm 32
08-12 13:08:10.190   540   540 D SoftKeymaster: system/keymaster/soft_keymaster_device.cpp, Line 1203: Operation supported by Keymaster QTI HAL, passing through to keymaster1 module
08-12 13:08:10.219   540   540 D SoftKeymaster: system/keymaster/soft_keymaster_device.cpp, Line 692: Not performing software digesting for algorithm 32
08-12 13:08:10.219   540   540 D SoftKeymaster: system/keymaster/soft_keymaster_device.cpp, Line 1203: Operation supported by Keymaster QTI HAL, passing through to keymaster1 module
08-12 13:08:10.247   540   540 D SoftKeymaster: system/keymaster/soft_keymaster_device.cpp, Line 692: Not performing software digesting for algorithm 32
08-12 13:08:10.247   540   540 D SoftKeymaster: system/keymaster/soft_keymaster_device.cpp, Line 1203: Operation supported by Keymaster QTI HAL, passing through to keymaster1 module
08-12 13:08:11.246   518   518 I MSM-irqbalance: Decided to move IRQ159 from CPU7 [P:0] to CPU0 [P:1] (banned)
08-12 13:08:13.492   531  2175 I chatty  : uid=1047(cameraserver) Binder:531_1 expire 10 lines
08-12 13:08:13.502   533 22892 D NuPlayerDriver: notifyListener_l(0xf632ba40), (1, 0, 0), loop setting(0, 0)
08-12 13:08:13.508   533 22894 D NuPlayerDriver: notifyListener_l(0xf632b680), (1, 0, 0), loop setting(0, 0)
08-12 13:08:13.515   533 22896 D NuPlayerDriver: notifyListener_l(0xf632b860), (1, 0, 0), loop setting(0, 0)
08-12 13:08:13.522   531  9968 I chatty  : uid=1047(cameraserver) excal:HalCtrl expire 151 lines
08-12 13:08:13.524   549 22902 I chatty  : uid=1006(camera) mm-qcamera-daem expire 4 lines
08-12 13:08:13.536   549 22905 I chatty  : uid=1006(camera) mm-qcamera-daem expire 1 line
08-12 13:08:13.675   549   549 I chatty  : uid=1006(camera) mm-qcamera-daem expire 27 lines
08-12 13:08:13.697   549 22925 I chatty  : uid=1006(camera) mm-qcamera-daem expire 148 lines
08-12 13:08:13.740   531  9983 I chatty  : uid=1047(cameraserver) excal:ImageConv expire 24 lines
08-12 13:08:13.808   549 22942 I chatty  : uid=1006(camera) mm-qcamera-daem expire 1 line
08-12 13:08:14.034   531  9972 I chatty  : uid=1047(cameraserver) excal:ReqCtrl expire 55 lines
08-12 13:08:14.182   531  9975 I chatty  : uid=1047(cameraserver) excal:FaceDetec expire 16 lines
08-12 13:08:14.186   531  9969 I chatty  : uid=1047(cameraserver) excal:IdtCtrl expire 26 lines
08-12 13:08:14.235   531  9959 I chatty  : uid=1047(cameraserver) Binder:531_2 expire 11 lines
08-12 13:08:14.296   531 22899 I chatty  : uid=1047(cameraserver) /system/bin/cameraserver expire 20 lines
08-12 13:08:14.345   549 22955 I chatty  : uid=1006(camera) mm-qcamera-daem expire 1 line
08-12 13:08:14.646   531  9992 I chatty  : uid=1047(cameraserver) excal:StreamCtr expire 2 lines
08-12 13:08:14.655   531 22904 I chatty  : uid=1047(cameraserver) /system/bin/cameraserver expire 1 line
08-12 13:08:14.919   549 22973 I chatty  : uid=1006(camera) mm-qcamera-daem expire 4 lines
08-12 13:08:14.927   533   627 D NuPlayerDriver: reset(0xf632ba40) at state 4
08-12 13:08:14.927   533   627 D NuPlayerDriver: notifyListener_l(0xf632ba40), (8, 0, 0), loop setting(0, 0)
08-12 13:08:14.927   533 22892 W AMessage: failed to post message as target looper for handler 0 is gone.
08-12 13:08:14.928   533 22892 D NuPlayerDriver: notifyResetComplete(0xf632ba40)
08-12 13:08:14.929   533 10114 D NuPlayerDriver: reset(0xf632b680) at state 4
08-12 13:08:14.929   533 10114 D NuPlayerDriver: notifyListener_l(0xf632b680), (8, 0, 0), loop setting(0, 0)
08-12 13:08:14.929   533 22894 W AMessage: failed to post message as target looper for handler 0 is gone.
08-12 13:08:14.929   533 22894 D NuPlayerDriver: notifyResetComplete(0xf632b680)
08-12 13:08:14.930   533  2411 D NuPlayerDriver: reset(0xf632b860) at state 4
08-12 13:08:14.930   533  2411 D NuPlayerDriver: notifyListener_l(0xf632b860), (8, 0, 0), loop setting(0, 0)
08-12 13:08:14.930   533 22896 W AMessage: failed to post message as target looper for handler 0 is gone.
08-12 13:08:14.930   533 22896 D NuPlayerDriver: notifyResetComplete(0xf632b860)
08-12 13:08:15.150   549 22924 I chatty  : uid=1006(camera) mm-qcamera-daem expire 1 line
08-12 13:14:55.562 24983 24983 I Finsky  : [1] obk.onTrimMemory(1): Memory trim requested to level 5
08-12 13:14:55.637 24983 24983 I Finsky  : [1] sjw.a(37): Connecting InstallListener to SplitInstallService broadcaster...
08-12 13:14:55.701 24983 25004 W art     : Suspending all threads took: 54.096ms
08-12 13:14:55.813 24983 24983 I Finsky  : [1] rhd.b(5): Jobs in database: 1-1337 26-1414141414 29-29 
08-12 13:14:55.814 24983 24983 I Finsky  : [1] ree.a(59): ConstraintMapping: 1-1337,  -> L: 36937989ms, D: 80137989ms, C: false, I: false, N: 1
08-12 13:14:55.814 24983 24983 I Finsky  : [1] ree.a(59): ConstraintMapping: 26-1414141414, 29-29,  -> L: 28924ms, D: 58924ms, C: false, I: false, N: 0
08-12 13:14:55.820 24983 24983 I Finsky  : [1] com.google.android.finsky.scheduler.JobSchedulerEngine.a(45): Cancelling existing jobscheduler jobs: 9001 9002 
08-12 13:14:55.821 24983 24983 I Finsky  : [1] com.google.android.finsky.scheduler.JobSchedulerEngine.a(1): Scheduling job Id: 9000, L: 36937989, D: 80137989, C: false, I: false, N: 1
08-12 13:14:55.823 24983 24983 I Finsky  : [1] com.google.android.finsky.scheduler.JobSchedulerEngine.a(1): Scheduling job Id: 9003, L: 28924, D: 58924, C: false, I: false, N: 0
08-12 13:14:56.165 24983 25069 I Finsky  : [642] nms.a(13): Loaded library for account: [5MeYaH-N7lD_Wnb85F7plgtVFtI]
08-12 13:14:56.166 24983 25069 I Finsky  : [642] nms.a(15): Finished loading 1 libraries.
08-12 13:14:56.171 24983 25010 I Finsky  : [612] fpk.b(2): com.dvtonder.chronus: Account determined from installer data - [5MeYaH-N7lD_Wnb85F7plgtVFtI]
08-12 13:14:56.172 24983 25010 I Finsky  : [612] fpk.b(2): com.dvtonder.chronus: Account from preferred account - [5MeYaH-N7lD_Wnb85F7plgtVFtI]
08-12 13:14:56.213 24983 25099 I Finsky  : [664] fpk.b(2): com.dvtonder.chronus: Account determined from installer data - [5MeYaH-N7lD_Wnb85F7plgtVFtI]
08-12 13:14:56.214 24983 25099 I Finsky  : [664] fpk.b(2): com.dvtonder.chronus: Account from preferred account - [5MeYaH-N7lD_Wnb85F7plgtVFtI]
08-12 13:14:56.233 24983 25008 I Finsky  : [611] fpk.b(2): com.dvtonder.chronus: Account determined from installer data - [5MeYaH-N7lD_Wnb85F7plgtVFtI]
08-12 13:14:56.234 24983 25008 I Finsky  : [611] fpk.b(2): com.dvtonder.chronus: Account from preferred account - [5MeYaH-N7lD_Wnb85F7plgtVFtI]
08-12 13:14:56.238 24983 25010 I Finsky  : [612] fpk.b(2): com.dvtonder.chronus: Account determined from installer data - [5MeYaH-N7lD_Wnb85F7plgtVFtI]
08-12 13:14:56.239 24983 25010 I Finsky  : [612] fpk.b(2): com.dvtonder.chronus: Account from preferred account - [5MeYaH-N7lD_Wnb85F7plgtVFtI]
08-12 13:14:56.255 24983 25099 I Finsky  : [664] fpk.b(2): com.dvtonder.chronus: Account determined from installer data - [5MeYaH-N7lD_Wnb85F7plgtVFtI]
08-12 13:14:56.257 24983 25099 I Finsky  : [664] fpk.b(2): com.dvtonder.chronus: Account from preferred account - [5MeYaH-N7lD_Wnb85F7plgtVFtI]
08-12 13:14:56.566  2561  2594 D TelephonyProvider: subIdString = 1 subId = 1
08-12 13:14:56.615 24088 24510 I chatty  : uid=10100(com.plexapp.android) expire 10 lines
08-12 13:14:56.988 24983 24983 I Finsky  : [1] ezv.run(10): Skipping a request to /bulkAcquire since cache has all the records.
08-12 13:15:00.016   518   518 I MSM-irqbalance: Decided to move IRQ159 from CPU5 [P:0] to CPU0 [P:1] (banned)
08-12 13:15:00.483   540   540 D SoftKeymaster: system/keymaster/soft_keymaster_device.cpp, Line 692: Not performing software digesting for algorithm 32
08-12 13:15:00.484   540   540 D SoftKeymaster: system/keymaster/soft_keymaster_device.cpp, Line 1203: Operation supported by Keymaster QTI HAL, passing through to keymaster1 module
08-12 13:15:00.488   480   485 I chatty  : uid=1000(system) /system/bin/qseecomd expire 17 lines
08-12 13:15:00.500 23993 23993 D Synology: [PBService(456)] sendMessageDelayed... : 10000
08-12 13:15:01.163 25164 25164 I art     : Starting a blocking GC AddRemoveAppImageSpace
08-12 13:15:01.197 25164 25164 W System  : ClassLoader referenced unknown path: /system/app/DeskClock/lib/arm64
08-12 13:15:01.207 25164 25164 I art     : Starting a blocking GC Xposed
08-12 13:15:04.817 24983 25061 I ShortcutBadger: Checking if platform supports badge counters, attempt 1/3.
08-12 13:15:04.820 24983 25056 I Finsky  : [630] dyo.run(3): Initializing the instant apps module.
08-12 13:15:04.852 24983 25061 I ShortcutBadger: Checking if platform supports badge counters, attempt 2/3.
08-12 13:15:04.855 24983 25069 E Finsky  : [642] gsp.a(24): Unable to build selector: /storage/emulated/0/Download/marketenvs.csv (No such file or directory)
08-12 13:15:04.879 24983 25061 I ShortcutBadger: Checking if platform supports badge counters, attempt 3/3.
08-12 13:15:04.895 24983 25050 I Finsky  : [624] wqp.g(3): Restoring notifications
08-12 13:15:04.898 24983 25057 I Finsky  : [631] pen.b(1): Triggered update for experiment package com.google.android.finsky.regular.
08-12 13:15:04.906 24983 25069 I Finsky  : [642] dxx.run(7): Component class com.google.android.finsky.wear.WearSupportService disabled via PackageManager.
08-12 13:15:04.907 24983 25056 I Finsky  : [630] xny.a(11): Do not start WearSupportService due to Wear service optimization
08-12 13:15:04.908 24983 25069 I Finsky  : [642] dxx.run(7): Component class com.google.android.finsky.wear.WearChangeListenerService disabled via PackageManager.
08-12 13:15:04.908 24983 25061 W ShortcutBadger: Badge counter seems not supported in this platform: Unknown URL content://com.teslacoilsw.notifier/unread_count
08-12 13:15:04.952 24983 25050 I Finsky  : [624] wqp.g(7): Done restoring notifications
08-12 13:15:05.014   518   518 I MSM-irqbalance: Decided to move IRQ159 from CPU5 [P:0] to CPU0 [P:1] (banned)
08-12 13:15:05.469 24983 25057 I Finsky  : [631] pen.b(6): Already at the latest configurations for experiment package com.google.android.finsky.regular.
08-12 13:15:05.470 24983 25103 W art     : Long monitor contention with owner AsyncTask #1 (25057) at adfk knq.a(android.content.Context, dit, kod)(SourceFile:1) waiters=0 in int pen.b() for 558ms
08-12 13:15:05.471 24983 25103 I Finsky  : [668] pen.b(1): Triggered update for experiment package com.google.android.finsky.regular.
08-12 13:15:05.528 24983 25103 I Finsky  : [668] pen.b(6): Already at the latest configurations for experiment package com.google.android.finsky.regular.
08-12 13:15:05.529 24983 25102 W art     : Long monitor contention with owner AsyncTask #1 (25057) at adfk knq.a(android.content.Context, dit, kod)(SourceFile:1) waiters=1 in int pen.b() for 587ms
08-12 13:15:05.530 24983 25102 I Finsky  : [667] pen.b(1): Triggered update for experiment package com.google.android.finsky.stable.
08-12 13:15:05.589 24983 25102 I Finsky  : [667] pen.b(6): Already at the latest configurations for experiment package com.google.android.finsky.stable.
08-12 13:15:05.597 24983 24983 I Finsky  : [1] rvd.run(5): Detected restoreservicev2://recovery not needed, will not run
08-12 13:15:10.106   518   518 I MSM-irqbalance: Decided to move IRQ159 from CPU5 [P:0] to CPU0 [P:1] (banned)
08-12 13:15:10.539   540   540 D SoftKeymaster: system/keymaster/soft_keymaster_device.cpp, Line 692: Not performing software digesting for algorithm 32
08-12 13:15:10.539   540   540 D SoftKeymaster: system/keymaster/soft_keymaster_device.cpp, Line 1203: Operation supported by Keymaster QTI HAL, passing through to keymaster1 module
08-12 13:15:10.544   480   485 I chatty  : uid=1000(system) /system/bin/qseecomd expire 119 lines
08-12 13:15:10.587   540   540 D SoftKeymaster: system/keymaster/soft_keymaster_device.cpp, Line 692: Not performing software digesting for algorithm 32
08-12 13:15:10.588   540   540 D SoftKeymaster: system/keymaster/soft_keymaster_device.cpp, Line 1203: Operation supported by Keymaster QTI HAL, passing through to keymaster1 module
08-12 13:15:10.619   540   540 D SoftKeymaster: system/keymaster/soft_keymaster_device.cpp, Line 692: Not performing software digesting for algorithm 32
08-12 13:15:10.619   540   540 D SoftKeymaster: system/keymaster/soft_keymaster_device.cpp, Line 1203: Operation supported by Keymaster QTI HAL, passing through to keymaster1 module
08-12 13:15:10.657   540   540 D SoftKeymaster: system/keymaster/soft_keymaster_device.cpp, Line 692: Not performing software digesting for algorithm 32
08-12 13:15:10.657   540   540 D SoftKeymaster: system/keymaster/soft_keymaster_device.cpp, Line 1203: Operation supported by Keymaster QTI HAL, passing through to keymaster1 module
08-12 13:15:10.693   540   540 D SoftKeymaster: system/keymaster/soft_keymaster_device.cpp, Line 692: Not performing software digesting for algorithm 32
08-12 13:15:10.693   540   540 D SoftKeymaster: system/keymaster/soft_keymaster_device.cpp, Line 1203: Operation supported by Keymaster QTI HAL, passing through to keymaster1 module
08-12 13:15:10.728   540   540 D SoftKeymaster: system/keymaster/soft_keymaster_device.cpp, Line 692: Not performing software digesting for algorithm 32
08-12 13:15:10.728   540   540 D SoftKeymaster: system/keymaster/soft_keymaster_device.cpp, Line 1203: Operation supported by Keymaster QTI HAL, passing through to keymaster1 module
08-12 13:15:10.755   540   540 D SoftKeymaster: system/keymaster/soft_keymaster_device.cpp, Line 692: Not performing software digesting for algorithm 32
08-12 13:15:10.756   540   540 D SoftKeymaster: system/keymaster/soft_keymaster_device.cpp, Line 1203: Operation supported by Keymaster QTI HAL, passing through to keymaster1 module
08-12 13:15:15.213   518   518 I MSM-irqbalance: Decided to move IRQ159 from CPU5 [P:0] to CPU0 [P:1] (banned)
08-12 13:15:16.688 24088 24510 I chatty  : uid=10100(com.plexapp.android) expire 10 lines
08-12 13:15:19.929  2143  3346 I chatty  : uid=1000(system) Binder:2143_D expire 3 lines
08-12 13:15:19.977   531 31373 I chatty  : uid=1047(cameraserver) Binder:531_4 expire 10 lines
08-12 13:15:19.994   533 25200 D NuPlayerDriver: notifyListener_l(0xf632b5c0), (1, 0, 0), loop setting(0, 0)
08-12 13:15:20.001   533 25202 D NuPlayerDriver: notifyListener_l(0xf632b020), (1, 0, 0), loop setting(0, 0)
08-12 13:15:20.009   533 25204 D NuPlayerDriver: notifyListener_l(0xf632b380), (1, 0, 0), loop setting(0, 0)
08-12 13:15:20.013   531  9968 I chatty  : uid=1047(cameraserver) excal:HalCtrl expire 159 lines
08-12 13:15:20.015   549 25210 I chatty  : uid=1006(camera) mm-qcamera-daem expire 4 lines
08-12 13:15:20.029   531 31374 I chatty  : uid=1047(cameraserver) Binder:531_5 expire 6 lines
08-12 13:15:20.046   549 25212 I chatty  : uid=1006(camera) mm-qcamera-daem expire 1 line
08-12 13:15:20.223   518   518 I MSM-irqbalance: Decided to move IRQ159 from CPU5 [P:0] to CPU0 [P:1] (banned)
08-12 13:15:20.236   549   549 I chatty  : uid=1006(camera) mm-qcamera-daem expire 1 line
08-12 13:15:20.236   549   549 I mm-camera: chromatix_load_library:70/system/vendor/lib/libchromatix_s5k3m2xx_preview.so
08-12 13:15:20.238   549   549 I mm-camera: chromatix_load_library:70/system/vendor/lib/libchromatix_s5k3m2xx_snapshot.so
08-12 13:15:20.239   549   549 I mm-camera: chromatix_load_library:70/system/vendor/lib/libchromatix_s5k3m2xx_liveshot.so
08-12 13:15:20.241   549   549 I mm-camera: chromatix_load_library:70/system/vendor/lib/libchromatix_s5k3m2xx_common.so
08-12 13:15:20.243   549   549 I mm-camera: chromatix_load_library:70/system/vendor/lib/libchromatix_s5k3m2xx_cpp_preview.so
08-12 13:15:20.245   549   549 I mm-camera: chromatix_load_library:70/system/vendor/lib/libchromatix_s5k3m2xx_cpp_snapshot.so
08-12 13:15:20.246   549   549 I mm-camera: chromatix_load_library:70/system/vendor/lib/libchromatix_s5k3m2xx_cpp_snapshot.so
08-12 13:15:20.246   549   549 I mm-camera: chromatix_load_library:70/system/vendor/lib/libchromatix_s5k3m2xx_cpp_video.so
08-12 13:15:20.248   549   549 I mm-camera: chromatix_load_library:70/system/vendor/lib/libchromatix_s5k3m2xx_postproc.so
08-12 13:15:20.249   549   549 E mm-camera-isp2: isp_resource_query_mod:145 num_isp_preallocate 1 num_session_opened 1 dual_vfe_enabled 0
08-12 13:15:20.250   549   549 E mm-camera: module_faceproc_query_mod:1897] Caps ROI 10 scene_mode_cnt 1 HW analysis supported 1
08-12 13:15:20.250   549   549 E hdr     : module_hdr_lib_query_mod:181] Supported scenemode cnt 2
08-12 13:15:20.250   549   549 I mm-camera: module_module_set_session_data:5890max delay 2 report delay 0 retry skip 3
08-12 13:15:20.250   549   549 E mm-camera: module_imgbase_find_session_data:104 session id 0x1 not found
08-12 13:15:20.250   549   549 E mm-camera: module_imgbase_set_session_data:336 failed
08-12 13:15:20.250   549   549 I mm-camera: module_iface_set_mod_func: set module type = 8, identity 1000f
08-12 13:15:20.250   549   549 I mm-camera-sensor: port_sensor_caps_reserve:151ide 1000f stream type 10 w*h 0*0
08-12 13:15:20.250   549   549 I mm-camera-sensor: port_sensor_ext_link_func:271ide 1000f
08-12 13:15:20.259   549 25233 E mm-camera: mct: mct_pipeline_populate_query_cap_buffer: 3A VERSION:: 0.0.0.r0
08-12 13:15:20.261   549 25233 I mm-camera: module_module_set_session_data:5890max delay 2 report delay 0 retry skip 3
08-12 13:15:20.261   549 25233 E mm-camera: module_imgbase_find_session_data:104 session id 0x1 not found
08-12 13:15:20.261   549 25233 E mm-camera: module_imgbase_set_session_data:336 failed
08-12 13:15:20.274   531  9972 I chatty  : uid=1047(cameraserver) excal:ReqCtrl expire 92 lines
08-12 13:15:20.275   531  9970 I chatty  : uid=1047(cameraserver) excal:IqCtrl expire 12 lines
08-12 13:15:20.290   531  9969 I chatty  : uid=1047(cameraserver) excal:IdtCtrl expire 39 lines
08-12 13:15:20.352   531  9983 I chatty  : uid=1047(cameraserver) excal:ImageConv expire 24 lines
08-12 13:15:20.364   531  9975 I chatty  : uid=1047(cameraserver) excal:FaceDetec expire 24 lines
08-12 13:15:20.394   549 25233 E mm-camera: isp_util_map_streams_to_hw_hal1:5978 INFO: priority stream: 0 num: 1 mask: 0x10
08-12 13:15:20.397   549 25233 I mm-camera: module_iface_set_mod_func: set module type = 8, identity 10002
08-12 13:15:20.397   549 25233 I mm-camera-sensor: port_sensor_caps_reserve:151ide 10002 stream type 1 w*h 1280*720
08-12 13:15:20.397   549 25233 I mm-camera-sensor: port_sensor_ext_link_func:271ide 10002
08-12 13:15:20.399   549 25233 I mm-camera: module_iface_set_mod_func: set module type = 8, identity 10003
08-12 13:15:20.399   549 25233 I mm-camera-sensor: port_sensor_caps_reserve:151ide 10003 stream type 4 w*h 1920*1080
08-12 13:15:20.399   549 25233 I mm-camera-sensor: port_sensor_ext_link_func:271ide 10003
08-12 13:15:20.401   549 25233 I mm-camera-sensor: sensor_util_assign_bundle_id:511bundle_id=114177, num_streams=2
08-12 13:15:20.401   549 25233 I mm-camera-sensor: sensor_util_assign_bundle_id:514bundle stream id 2
08-12 13:15:20.401   549 25233 I mm-camera-sensor: sensor_util_assign_bundle_id:514bundle stream id 3
08-12 13:15:20.401   549 25233 I mm-camera-sensor: sensor_util_assign_bundle_id:511bundle_id=114177, num_streams=2
08-12 13:15:20.401   549 25233 I mm-camera-sensor: sensor_util_assign_bundle_id:514bundle stream id 2
08-12 13:15:20.401   549 25233 I mm-camera-sensor: sensor_util_assign_bundle_id:514bundle stream id 3
08-12 13:15:20.408   549 25233 I mm-camera: module_sensor_stream_on:2907ide 10002 SENSOR_START_STREAM
08-12 13:15:20.408   549 25233 I mm-camera: module_sensor_is_ready_for_stream_on:1487session_id=1, stream_id=2
08-12 13:15:20.408   549 25233 I mm-camera: module_sensor_stream_on:2995res_cfg_table = 0xf5c970b8
08-12 13:15:20.408   549 25233 I mm-camera: modules_sensor_set_new_resolution:1746SENSOR_SET_RESOLUTION 1920*1080 mask 412, fast AEC: 0, FastAec mode:0
08-12 13:15:20.460   549 25233 I mm-camera-sensor: sensor_util_post_chromatix_event_downstream:2132modules_reloaded = 65535
08-12 13:15:20.460   549 25233 I mm-camera-sensor: sensor_util_post_chromatix_event_downstream:2179chromatixComPtr = 0xeb071f40
08-12 13:15:20.460   549 25233 I mm-camera-sensor: sensor_util_post_chromatix_event_downstream:2180chromatixPtr = 0xed0ebd40
08-12 13:15:20.460   549 25233 I mm-camera-sensor: sensor_util_post_chromatix_event_downstream:2181chromatixCppPtr = 0xeadda180
08-12 13:15:20.461   549 25233 I mm-camera-sensor: sensor_util_post_chromatix_event_downstream:2182chromatixSnapCppPtr = 0xeaded3c0
08-12 13:15:20.461   549 25233 I mm-camera-sensor: sensor_util_post_chromatix_event_downstream:2183chromatixFlashSnapCppPtr = 0xeaeec440
08-12 13:15:20.461   549 25233 I mm-camera-sensor: sensor_util_post_chromatix_event_downstream:2184chromatixVideoCppPtr = 0xed0c9b40
08-12 13:15:20.461   549 25233 I mm-camera-sensor: sensor_util_post_chromatix_event_downstream:2185chromatixPostProcPtr = 0xeade5000
08-12 13:15:20.470   549 25233 E mm-camera: iface_util_io_cfg: 6422is_split 0
08-12 13:15:20.471   549 25250 I mm-camera: iface_axi_util_fill_plane_info: AXI dump: single plane: isp_out_intf_mask 20000, rdi_cid 1, fmt = 77, W = 2992, H = 2, stride = 3008, scanline = 2
08-12 13:15:20.478   549 25233 E mm-camera-isp2: bpc44_run_abcc_algo:212 No defective pixels set by sensor event
08-12 13:15:20.478   549 25233 E mm-camera-isp2: isp_sub_module_port_process_downstream_ctrl_event:936 failed: mct event 1 int_event 0
08-12 13:15:20.479   549 25233 I mm-camera: module_sensor_stream_on:3605SUCCESS
08-12 13:15:20.479   549 25233 I mm-camera-sensor: sensor_util_set_stream_on:825port private 0xf439a128
08-12 13:15:20.493   549 25233 I mm-camera: module_sensor_stream_on:2907ide 10003 SENSOR_START_STREAM
08-12 13:15:20.493   549 25233 I mm-camera: module_sensor_is_ready_for_stream_on:1487session_id=1, stream_id=3
08-12 13:15:20.493   549 25233 I mm-camera: module_sensor_is_ready_for_stream_on:1542stream_on_count=2, w=1920, h=1080, stream_mask=412
08-12 13:15:20.493   549 25233 I mm-camera: module_sensor_stream_on:2995res_cfg_table = 0xf5c970b8
08-12 13:15:20.493   549 25233 I mm-camera: modules_sensor_set_new_resolution:1746SENSOR_SET_RESOLUTION 1920*1080 mask 412, fast AEC: 0, FastAec mode:0
08-12 13:15:20.509   549 25233 I mm-camera-sensor: sensor_util_post_chromatix_event_downstream:2132modules_reloaded = 65535
08-12 13:15:20.509   549 25233 I mm-camera-sensor: sensor_util_post_chromatix_event_downstream:2179chromatixComPtr = 0xeb071f40
08-12 13:15:20.509   549 25233 I mm-camera-sensor: sensor_util_post_chromatix_event_downstream:2180chromatixPtr = 0xed0ebd40
08-12 13:15:20.509   549 25233 I mm-camera-sensor: sensor_util_post_chromatix_event_downstream:2181chromatixCppPtr = 0xeadda180
08-12 13:15:20.509   549 25233 I mm-camera-sensor: sensor_util_post_chromatix_event_downstream:2182chromatixSnapCppPtr = 0xeaded3c0
08-12 13:15:20.509   549 25233 I mm-camera-sensor: sensor_util_post_chromatix_event_downstream:2183chromatixFlashSnapCppPtr = 0xeaeec440
08-12 13:15:20.509   549 25233 I mm-camera-sensor: sensor_util_post_chromatix_event_downstream:2184chromatixVideoCppPtr = 0xed0c9b40
08-12 13:15:20.509   549 25233 I mm-camera-sensor: sensor_util_post_chromatix_event_downstream:2185chromatixPostProcPtr = 0xeade5000
08-12 13:15:20.532   549 25233 I mm-camera: module_sensor_stream_on:3208ide 10003 SENSOR_START_STREAM
08-12 13:15:20.533   549 25233 I mm-camera: module_sensor_stream_on:3605SUCCESS
08-12 13:15:20.533   549 25233 I mm-camera-sensor: sensor_util_set_stream_on:825port private 0xf439a128
08-12 13:15:20.910   549 25233 I mm-camera: module_sensor_module_process_event:5000ide 10003 MCT_EVENT_CONTROL_STREAMOFF
08-12 13:15:20.910   549 25233 I mm-camera: module_sensor_stream_off:4817ide 10003 MCT_EVENT_CONTROL_STREAMOFF
08-12 13:15:20.911   540   540 D SoftKeymaster: system/keymaster/soft_keymaster_device.cpp, Line 692: Not performing software digesting for algorithm 32
08-12 13:15:20.911   540   540 D SoftKeymaster: system/keymaster/soft_keymaster_device.cpp, Line 1203: Operation supported by Keymaster QTI HAL, passing through to keymaster1 module
08-12 13:15:20.914   480   485 I chatty  : uid=1000(system) /system/bin/qseecomd expire 111 lines
08-12 13:15:20.920   549 25233 I mm-camera: module_sensor_is_ready_for_stream_off:1715any bundle started 0
08-12 13:15:20.920   549 25233 I mm-camera-sensor: sensor_util_set_stream_on:825port private 0xf439a128
08-12 13:15:20.922   549 25233 I mm-camera: module_sensor_module_process_event:5000ide 10002 MCT_EVENT_CONTROL_STREAMOFF
08-12 13:15:20.922   549 25233 I mm-camera: module_sensor_stream_off:4817ide 10002 MCT_EVENT_CONTROL_STREAMOFF
08-12 13:15:20.927   549 25233 I mm-camera: module_sensor_is_ready_for_stream_off:1715any bundle started 0
08-12 13:15:20.927   549 25233 I mm-camera: module_sensor_stream_off:4833ide 10002 MCT_EVENT_CONTROL_STREAMOFF
08-12 13:15:20.928   549 25233 E somc-camera-driver: SOCAM_ERR: sony_camera_module_lens_pos_list_deinit: Invalid argument.
08-12 13:15:20.928   549 25233 E somc-camera-driver: SOCAM_ERR: sony_camera_module_queue_deinit: Invalid argument.
08-12 13:15:20.928   549 25233 E mm-camera-sensor: sony_sensor_process:2426 event = 71
08-12 13:15:20.928   549 25233 I mm-camera-sensor: sensor_util_set_stream_on:825port private 0xf439a128
08-12 13:15:20.938   549 25233 I mm-camera-sensor: port_sensor_unlink_func:293ide 10002
08-12 13:15:20.938   549 25233 I mm-camera: port_iface_ext_unlink_func: E, identity = 0x10002, port = 0xf43aad20, direction = 2
08-12 13:15:20.938   549 25233 I mm-camera-sensor: port_sensor_caps_unreserve:204ide 10002
