08-12 13:15:20.938   549 25233 I mm-camera: port_iface_check_caps_unreserve_func:  E, identity = 0x10002, port = 0xf43aad20, direction = 2
08-12 13:15:20.938   549 25233 E mm-camera: iface_unreserve_sink_port: stream_id 2 mode 0 
08-12 13:15:20.938   549 25233 I mm-camera: port_iface_ext_unlink_func: E, identity = 0x10002, port = 0xf43ab020, direction = 1
08-12 13:15:20.938   549 25233 I mm-camera: port_iface_check_caps_unreserve_func:  E, identity = 0x10002, port = 0xf43ab020, direction = 1
08-12 13:15:20.939   540   540 D SoftKeymaster: system/keymaster/soft_keymaster_device.cpp, Line 692: Not performing software digesting for algorithm 32
08-12 13:15:20.939   540   540 D SoftKeymaster: system/keymaster/soft_keymaster_device.cpp, Line 1203: Operation supported by Keymaster QTI HAL, passing through to keymaster1 module
08-12 13:15:20.939   549 25233 I mm-camera-sensor: port_sensor_unlink_func:293ide 10003
08-12 13:15:20.939   549 25233 I mm-camera: port_iface_ext_unlink_func: E, identity = 0x10003, port = 0xf43aad20, direction = 2
08-12 13:15:20.939   549 25233 I mm-camera-sensor: port_sensor_caps_unreserve:204ide 10003
08-12 13:15:20.939   549 25233 I mm-camera: port_iface_check_caps_unreserve_func:  E, identity = 0x10003, port = 0xf43aad20, direction = 2
08-12 13:15:20.939   549 25233 E mm-camera: iface_unreserve_sink_port: stream_id 3 mode 0 
08-12 13:15:20.939   549 25233 I mm-camera: port_iface_ext_unlink_func: E, identity = 0x10003, port = 0xf43ab020, direction = 1
08-12 13:15:20.939   549 25233 I mm-camera: port_iface_check_caps_unreserve_func:  E, identity = 0x10003, port = 0xf43ab020, direction = 1
08-12 13:15:20.957   540   540 D SoftKeymaster: system/keymaster/soft_keymaster_device.cpp, Line 692: Not performing software digesting for algorithm 32
08-12 13:15:20.958   540   540 D SoftKeymaster: system/keymaster/soft_keymaster_device.cpp, Line 1203: Operation supported by Keymaster QTI HAL, passing through to keymaster1 module
08-12 13:15:20.983   540   540 D SoftKeymaster: system/keymaster/soft_keymaster_device.cpp, Line 692: Not performing software digesting for algorithm 32
08-12 13:15:20.983   540   540 D SoftKeymaster: system/keymaster/soft_keymaster_device.cpp, Line 1203: Operation supported by Keymaster QTI HAL, passing through to keymaster1 module
08-12 13:15:20.999   531 25214 I chatty  : uid=1047(cameraserver) /system/bin/cameraserver expire 1 line
08-12 13:15:21.009   540   540 D SoftKeymaster: system/keymaster/soft_keymaster_device.cpp, Line 692: Not performing software digesting for algorithm 32
08-12 13:15:21.009   540   540 D SoftKeymaster: system/keymaster/soft_keymaster_device.cpp, Line 1203: Operation supported by Keymaster QTI HAL, passing through to keymaster1 module
08-12 13:15:21.033   540   540 D SoftKeymaster: system/keymaster/soft_keymaster_device.cpp, Line 692: Not performing software digesting for algorithm 32
08-12 13:15:21.033   540   540 D SoftKeymaster: system/keymaster/soft_keymaster_device.cpp, Line 1203: Operation supported by Keymaster QTI HAL, passing through to keymaster1 module
08-12 13:15:21.053   531  9971 I chatty  : uid=1047(cameraserver) excal:FocusStat expire 4 lines
08-12 13:15:21.055   531 25207 I chatty  : uid=1047(cameraserver) /system/bin/cameraserver expire 17 lines
08-12 13:15:21.078   549 25233 E mm-camera: isp_util_map_streams_to_hw_hal1:5978 INFO: priority stream: 0 num: 1 mask: 0x10
08-12 13:15:21.079   549 25233 I mm-camera: module_iface_set_mod_func: set module type = 8, identity 10002
08-12 13:15:21.079   549 25233 I mm-camera-sensor: port_sensor_caps_reserve:151ide 10002 stream type 1 w*h 1280*720
08-12 13:15:21.079   549 25233 I mm-camera-sensor: port_sensor_ext_link_func:271ide 10002
08-12 13:15:21.080   549 25233 I mm-camera: module_iface_set_mod_func: set module type = 8, identity 10003
08-12 13:15:21.080   549 25233 I mm-camera-sensor: port_sensor_caps_reserve:151ide 10003 stream type 4 w*h 1920*1080
08-12 13:15:21.080   549 25233 I mm-camera-sensor: port_sensor_ext_link_func:271ide 10003
08-12 13:15:21.081   549 25233 I mm-camera-sensor: sensor_util_assign_bundle_id:511bundle_id=115457, num_streams=2
08-12 13:15:21.081   549 25233 I mm-camera-sensor: sensor_util_assign_bundle_id:514bundle stream id 2
08-12 13:15:21.081   549 25233 I mm-camera-sensor: sensor_util_assign_bundle_id:514bundle stream id 3
08-12 13:15:21.081   549 25233 I mm-camera-sensor: sensor_util_assign_bundle_id:511bundle_id=115457, num_streams=2
08-12 13:15:21.081   549 25233 I mm-camera-sensor: sensor_util_assign_bundle_id:514bundle stream id 2
08-12 13:15:21.081   549 25233 I mm-camera-sensor: sensor_util_assign_bundle_id:514bundle stream id 3
08-12 13:15:21.094   549 25233 I mm-camera: module_sensor_stream_on:2907ide 10002 SENSOR_START_STREAM
08-12 13:15:21.094   549 25233 I mm-camera: module_sensor_is_ready_for_stream_on:1487session_id=1, stream_id=2
08-12 13:15:21.094   549 25233 I mm-camera: module_sensor_stream_on:2995res_cfg_table = 0xf5c970b8
08-12 13:15:21.094   549 25233 I mm-camera: modules_sensor_set_new_resolution:1746SENSOR_SET_RESOLUTION 1920*1080 mask 12, fast AEC: 0, FastAec mode:0
08-12 13:15:21.109   549 25233 I mm-camera-sensor: sensor_util_post_chromatix_event_downstream:2132modules_reloaded = 65535
08-12 13:15:21.109   549 25233 I mm-camera-sensor: sensor_util_post_chromatix_event_downstream:2179chromatixComPtr = 0xeb071f40
08-12 13:15:21.109   549 25233 I mm-camera-sensor: sensor_util_post_chromatix_event_downstream:2180chromatixPtr = 0xed0ebd40
08-12 13:15:21.109   549 25233 I mm-camera-sensor: sensor_util_post_chromatix_event_downstream:2181chromatixCppPtr = 0xeadda180
08-12 13:15:21.109   549 25233 I mm-camera-sensor: sensor_util_post_chromatix_event_downstream:2182chromatixSnapCppPtr = 0xeaded3c0
08-12 13:15:21.109   549 25233 I mm-camera-sensor: sensor_util_post_chromatix_event_downstream:2183chromatixFlashSnapCppPtr = 0xeaeec440
08-12 13:15:21.109   549 25233 I mm-camera-sensor: sensor_util_post_chromatix_event_downstream:2184chromatixVideoCppPtr = 0xed0c9b40
08-12 13:15:21.109   549 25233 I mm-camera-sensor: sensor_util_post_chromatix_event_downstream:2185chromatixPostProcPtr = 0xeade5000
08-12 13:15:21.113   549 25233 E mm-camera: iface_util_io_cfg: 6422is_split 0
08-12 13:15:21.114   549 25262 I mm-camera: iface_axi_util_fill_plane_info: AXI dump: single plane: isp_out_intf_mask 20000, rdi_cid 1, fmt = 77, W = 2992, H = 2, stride = 3008, scanline = 2
08-12 13:15:21.123   549 25233 E mm-camera-isp2: bpc44_run_abcc_algo:212 No defective pixels set by sensor event
08-12 13:15:21.123   549 25233 E mm-camera-isp2: isp_sub_module_port_process_downstream_ctrl_event:936 failed: mct event 1 int_event 0
08-12 13:15:21.124   549 25233 I mm-camera: module_sensor_stream_on:3605SUCCESS
08-12 13:15:21.124   549 25233 I mm-camera-sensor: sensor_util_set_stream_on:825port private 0xf439a128
08-12 13:15:21.134   549 25233 I mm-camera: module_sensor_stream_on:2907ide 10003 SENSOR_START_STREAM
08-12 13:15:21.134   549 25233 I mm-camera: module_sensor_is_ready_for_stream_on:1487session_id=1, stream_id=3
08-12 13:15:21.134   549 25233 I mm-camera: module_sensor_is_ready_for_stream_on:1542stream_on_count=2, w=1920, h=1080, stream_mask=12
08-12 13:15:21.134   549 25233 I mm-camera: module_sensor_stream_on:2995res_cfg_table = 0xf5c970b8
08-12 13:15:21.134   549 25233 I mm-camera: modules_sensor_set_new_resolution:1746SENSOR_SET_RESOLUTION 1920*1080 mask 12, fast AEC: 0, FastAec mode:0
08-12 13:15:21.154   549 25233 I mm-camera-sensor: sensor_util_post_chromatix_event_downstream:2132modules_reloaded = 65535
08-12 13:15:21.154   549 25233 I mm-camera-sensor: sensor_util_post_chromatix_event_downstream:2179chromatixComPtr = 0xeb071f40
08-12 13:15:21.154   549 25233 I mm-camera-sensor: sensor_util_post_chromatix_event_downstream:2180chromatixPtr = 0xed0ebd40
08-12 13:15:21.154   549 25233 I mm-camera-sensor: sensor_util_post_chromatix_event_downstream:2181chromatixCppPtr = 0xeadda180
08-12 13:15:21.154   549 25233 I mm-camera-sensor: sensor_util_post_chromatix_event_downstream:2182chromatixSnapCppPtr = 0xeaded3c0
08-12 13:15:21.154   549 25233 I mm-camera-sensor: sensor_util_post_chromatix_event_downstream:2183chromatixFlashSnapCppPtr = 0xeaeec440
08-12 13:15:21.154   549 25233 I mm-camera-sensor: sensor_util_post_chromatix_event_downstream:2184chromatixVideoCppPtr = 0xed0c9b40
08-12 13:15:21.154   549 25233 I mm-camera-sensor: sensor_util_post_chromatix_event_downstream:2185chromatixPostProcPtr = 0xeade5000
08-12 13:15:21.167   549 25233 I mm-camera: module_sensor_stream_on:3208ide 10003 SENSOR_START_STREAM
08-12 13:15:21.168   549 25233 I mm-camera: module_sensor_stream_on:3605SUCCESS
08-12 13:15:21.168   549 25233 I mm-camera-sensor: sensor_util_set_stream_on:825port private 0xf439a128
08-12 13:15:21.532   531  9959 I chatty  : uid=1047(cameraserver) Binder:531_2 expire 17 lines
08-12 13:15:21.540   549 25233 I mm-camera: module_sensor_module_process_event:5000ide 10003 MCT_EVENT_CONTROL_STREAMOFF
08-12 13:15:21.540   549 25233 I mm-camera: module_sensor_stream_off:4817ide 10003 MCT_EVENT_CONTROL_STREAMOFF
08-12 13:15:21.550   549 25233 I mm-camera: module_sensor_is_ready_for_stream_off:1715any bundle started 0
08-12 13:15:21.550   549 25233 I mm-camera-sensor: sensor_util_set_stream_on:825port private 0xf439a128
08-12 13:15:21.551   549 25233 I mm-camera: module_sensor_module_process_event:5000ide 10002 MCT_EVENT_CONTROL_STREAMOFF
08-12 13:15:21.551   549 25233 I mm-camera: module_sensor_stream_off:4817ide 10002 MCT_EVENT_CONTROL_STREAMOFF
08-12 13:15:21.558   549 25233 I mm-camera: module_sensor_is_ready_for_stream_off:1715any bundle started 0
08-12 13:15:21.558   549 25233 I mm-camera: module_sensor_stream_off:4833ide 10002 MCT_EVENT_CONTROL_STREAMOFF
08-12 13:15:21.559   549 25233 E somc-camera-driver: SOCAM_ERR: sony_camera_module_lens_pos_list_deinit: Invalid argument.
08-12 13:15:21.559   549 25233 E somc-camera-driver: SOCAM_ERR: sony_camera_module_queue_deinit: Invalid argument.
08-12 13:15:21.559   549 25233 E mm-camera-sensor: sony_sensor_process:2426 event = 71
08-12 13:15:21.559   549 25233 I mm-camera-sensor: sensor_util_set_stream_on:825port private 0xf439a128
08-12 13:15:21.567   549 25233 I mm-camera-sensor: port_sensor_unlink_func:293ide 10002
08-12 13:15:21.567   549 25233 I mm-camera: port_iface_ext_unlink_func: E, identity = 0x10002, port = 0xf43aad20, direction = 2
08-12 13:15:21.567   549 25233 I mm-camera-sensor: port_sensor_caps_unreserve:204ide 10002
08-12 13:15:21.567   549 25233 I mm-camera: port_iface_check_caps_unreserve_func:  E, identity = 0x10002, port = 0xf43aad20, direction = 2
08-12 13:15:21.567   549 25233 E mm-camera: iface_unreserve_sink_port: stream_id 2 mode 0 
08-12 13:15:21.567   549 25233 I mm-camera: port_iface_ext_unlink_func: E, identity = 0x10002, port = 0xf43ab020, direction = 1
08-12 13:15:21.567   549 25233 I mm-camera: port_iface_check_caps_unreserve_func:  E, identity = 0x10002, port = 0xf43ab020, direction = 1
08-12 13:15:21.569   549 25233 I mm-camera-sensor: port_sensor_unlink_func:293ide 10003
08-12 13:15:21.569   549 25233 I mm-camera: port_iface_ext_unlink_func: E, identity = 0x10003, port = 0xf43aad20, direction = 2
08-12 13:15:21.569   549 25233 I mm-camera-sensor: port_sensor_caps_unreserve:204ide 10003
08-12 13:15:21.569   549 25233 I mm-camera: port_iface_check_caps_unreserve_func:  E, identity = 0x10003, port = 0xf43aad20, direction = 2
08-12 13:15:21.569   549 25233 E mm-camera: iface_unreserve_sink_port: stream_id 3 mode 0 
08-12 13:15:21.569   549 25233 I mm-camera: port_iface_ext_unlink_func: E, identity = 0x10003, port = 0xf43ab020, direction = 1
08-12 13:15:21.569   549 25233 I mm-camera: port_iface_check_caps_unreserve_func:  E, identity = 0x10003, port = 0xf43ab020, direction = 1
08-12 13:15:21.669   549   549 I mm-camera-sensor: port_sensor_unlink_func:293ide 1000f
08-12 13:15:21.670   549   549 I mm-camera: port_iface_ext_unlink_func: E, identity = 0x1000f, port = 0xf43aad20, direction = 2
08-12 13:15:21.670   549   549 I mm-camera-sensor: port_sensor_caps_unreserve:204ide 1000f
08-12 13:15:21.670   549   549 I mm-camera: port_iface_check_caps_unreserve_func:  E, identity = 0x1000f, port = 0xf43aad20, direction = 2
08-12 13:15:21.670   549   549 E mm-camera: iface_unreserve_sink_port: stream_id f mode 0 
08-12 13:15:21.670   549   549 I mm-camera: port_iface_ext_unlink_func: E, identity = 0x1000f, port = 0xf43ab020, direction = 1
08-12 13:15:21.670   549   549 I mm-camera: port_iface_check_caps_unreserve_func:  E, identity = 0x1000f, port = 0xf43ab020, direction = 1
08-12 13:15:21.670   549   549 E mm-camera: isp_util_get_session_stream_param_from_type:6764 failed: l_stream_params 0x0 for stream type 10
08-12 13:15:21.670   549 25280 I mm-camera: module_sensor_stop_session:1422session 1
08-12 13:15:21.686   533   533 D NuPlayerDriver: reset(0xf632b5c0) at state 4
08-12 13:15:21.686   533   533 D NuPlayerDriver: notifyListener_l(0xf632b5c0), (8, 0, 0), loop setting(0, 0)
08-12 13:15:21.687   533 25200 W AMessage: failed to post message as target looper for handler 0 is gone.
08-12 13:15:21.687   533 25200 D NuPlayerDriver: notifyResetComplete(0xf632b5c0)
08-12 13:15:21.692   533 10114 D NuPlayerDriver: reset(0xf632b020) at state 4
08-12 13:15:21.692   533 10114 D NuPlayerDriver: notifyListener_l(0xf632b020), (8, 0, 0), loop setting(0, 0)
08-12 13:15:21.692   533 25202 W AMessage: failed to post message as target looper for handler 0 is gone.
08-12 13:15:21.692   533 25202 D NuPlayerDriver: notifyResetComplete(0xf632b020)
08-12 13:15:21.693   533   533 D NuPlayerDriver: reset(0xf632b380) at state 4
08-12 13:15:21.693   533   533 D NuPlayerDriver: notifyListener_l(0xf632b380), (8, 0, 0), loop setting(0, 0)
08-12 13:15:21.693   533 25204 W AMessage: failed to post message as target looper for handler 0 is gone.
08-12 13:15:21.693   533 25204 D NuPlayerDriver: notifyResetComplete(0xf632b380)
08-12 13:15:21.903   549 25280 E somc-camera-driver: SOCAM_ERR: sony_camera_module_queue_deinit: Invalid argument.
08-12 13:15:21.903   549 25280 E somc-camera-driver: SOCAM_ERR: sony_camera_module_queue_deinit: Invalid argument.
08-12 13:15:21.903   549 25280 E somc-camera-driver: SOCAM_ERR: sony_camera_module_queue_deinit: Invalid argument.
08-12 13:15:21.903   549 25232 I mm-camera-sensor: sensor_thread_func:153sensor_thread_func:Sensor thread is exiting
08-12 13:15:24.771 24983 24983 I Finsky  : [1] com.google.android.finsky.scheduler.JobSchedulerEngine$PhoneskyJobSchedulerJobService.onStartJob(3): onJobSchedulerWakeup with jobId 9003
08-12 13:15:24.782 24983 24983 I Finsky  : [1] rfd.a(5): Scheduling fallback in 43199996 (absolute: 193687276)
08-12 13:15:24.787 24983 24983 I Finsky  : [1] rfd.a(5): Scheduling fallback in 64799996 (absolute: 215287282)
08-12 13:15:24.816 24983 24983 I Finsky  : [1] rfn.handleMessage(19): DeviceState: DeviceState{currentTime=1565579724809, isCharging=false, isIdle=false, netAny=true, netNotRoaming=true, netUnmetered=true, batteryPercent=83.0}
08-12 13:15:24.822 24983 25054 I Finsky  : [628] rhd.b(5): Jobs in database: 1-1337 26-1414141414 29-29 
08-12 13:15:24.827 24983 24983 I Finsky  : [1] rfg.a(22): Running job: 29-29
08-12 13:15:24.830 24983 24983 I Finsky  : [1] rfn.handleMessage(92): RunningQueue size: 1, PendingQueue size: 0
08-12 13:15:24.831 24983 24983 I Finsky  : [1] rfn.handleMessage(101): Running queue: 29-29 
08-12 13:15:24.848 24983 25325 I Finsky  : [686] wfe.a(1): ProcessRecoveryLogsUtil: No files in recovery directory
08-12 13:15:24.849 24983 25325 I Finsky  : [686] rgw.a(4): jobFinished: 29-29. TimeElapsed: 22ms
08-12 13:15:24.850 24983 24983 I Finsky  : [1] rfg.c(3): Job 29-29 finished
08-12 13:15:24.851 24983 24983 I Finsky  : [1] rfn.handleMessage(92): RunningQueue size: 0, PendingQueue size: 0
08-12 13:15:24.851 24983 24983 I Finsky  : [1] rfn.handleMessage(36): Executor finished
08-12 13:15:24.911 24983 24983 I Finsky  : [1] rhd.b(5): Jobs in database: 1-1337 26-1414141414 
08-12 13:15:24.912 24983 24983 I Finsky  : [1] ree.a(59): ConstraintMapping: 1-1337,  -> L: 36908891ms, D: 80108891ms, C: false, I: false, N: 1
08-12 13:15:24.912 24983 24983 I Finsky  : [1] ree.a(59): ConstraintMapping: 26-1414141414,  -> L: 7066002ms, D: 7966002ms, C: false, I: false, N: 0
08-12 13:15:24.916 24983 24983 I Finsky  : [1] com.google.android.finsky.scheduler.JobSchedulerEngine.a(45): Cancelling existing jobscheduler jobs: 9000 
08-12 13:15:24.916 24983 24983 I Finsky  : [1] com.google.android.finsky.scheduler.JobSchedulerEngine.a(1): Scheduling job Id: 9001, L: 36908891, D: 80108891, C: false, I: false, N: 1
08-12 13:15:24.919 24983 24983 I Finsky  : [1] com.google.android.finsky.scheduler.JobSchedulerEngine.a(1): Scheduling job Id: 9002, L: 7066002, D: 7966002, C: false, I: false, N: 0
08-12 13:15:25.216   518   518 I MSM-irqbalance: Decided to move IRQ159 from CPU6 [P:0] to CPU0 [P:1] (banned)
08-12 13:19:04.817   540   540 D SoftKeymaster: system/keymaster/soft_keymaster_device.cpp, Line 692: Not performing software digesting for algorithm 32
08-12 13:19:04.817   540   540 D SoftKeymaster: system/keymaster/soft_keymaster_device.cpp, Line 1203: Operation supported by Keymaster QTI HAL, passing through to keymaster1 module
08-12 13:19:04.821   480   485 I chatty  : uid=1000(system) /system/bin/qseecomd expire 102 lines
08-12 13:19:04.864   540   540 D SoftKeymaster: system/keymaster/soft_keymaster_device.cpp, Line 692: Not performing software digesting for algorithm 32
08-12 13:19:04.864   540   540 D SoftKeymaster: system/keymaster/soft_keymaster_device.cpp, Line 1203: Operation supported by Keymaster QTI HAL, passing through to keymaster1 module
08-12 13:19:04.894   540   540 D SoftKeymaster: system/keymaster/soft_keymaster_device.cpp, Line 692: Not performing software digesting for algorithm 32
08-12 13:19:04.894   540   540 D SoftKeymaster: system/keymaster/soft_keymaster_device.cpp, Line 1203: Operation supported by Keymaster QTI HAL, passing through to keymaster1 module
08-12 13:19:04.917   540   540 D SoftKeymaster: system/keymaster/soft_keymaster_device.cpp, Line 692: Not performing software digesting for algorithm 32
08-12 13:19:04.917   540   540 D SoftKeymaster: system/keymaster/soft_keymaster_device.cpp, Line 1203: Operation supported by Keymaster QTI HAL, passing through to keymaster1 module
08-12 13:19:04.940   540   540 D SoftKeymaster: system/keymaster/soft_keymaster_device.cpp, Line 692: Not performing software digesting for algorithm 32
08-12 13:19:04.940   540   540 D SoftKeymaster: system/keymaster/soft_keymaster_device.cpp, Line 1203: Operation supported by Keymaster QTI HAL, passing through to keymaster1 module
08-12 13:19:04.959   540   540 D SoftKeymaster: system/keymaster/soft_keymaster_device.cpp, Line 692: Not performing software digesting for algorithm 32
08-12 13:19:04.959   540   540 D SoftKeymaster: system/keymaster/soft_keymaster_device.cpp, Line 1203: Operation supported by Keymaster QTI HAL, passing through to keymaster1 module
08-12 13:19:06.275   518   518 I MSM-irqbalance: Decided to move IRQ159 from CPU6 [P:0] to CPU0 [P:1] (banned)
08-12 13:19:07.472 24088 24510 I chatty  : uid=10100(com.plexapp.android) expire 10 lines
08-12 13:19:11.353   518   518 I MSM-irqbalance: Decided to move IRQ159 from CPU6 [P:0] to CPU0 [P:1] (banned)
08-12 13:19:15.052   540   540 D SoftKeymaster: system/keymaster/soft_keymaster_device.cpp, Line 692: Not performing software digesting for algorithm 32
08-12 13:19:15.052   540   540 D SoftKeymaster: system/keymaster/soft_keymaster_device.cpp, Line 1203: Operation supported by Keymaster QTI HAL, passing through to keymaster1 module
08-12 13:19:15.056   480   485 I chatty  : uid=1000(system) /system/bin/qseecomd expire 17 lines
08-12 13:19:15.065 23993 23993 D Synology: [PBService(456)] sendMessageDelayed... : 20000
08-12 13:19:16.364   518   518 I MSM-irqbalance: Decided to move IRQ159 from CPU6 [P:0] to CPU0 [P:1] (banned)
08-12 13:19:21.396   518   518 I MSM-irqbalance: Decided to move IRQ159 from CPU6 [P:0] to CPU0 [P:1] (banned)
08-12 13:19:26.418   518   518 I MSM-irqbalance: Decided to move IRQ159 from CPU6 [P:0] to CPU0 [P:1] (banned)
08-12 13:19:27.553 24088 24510 I chatty  : uid=10100(com.plexapp.android) expire 5 lines
08-12 13:19:31.436   518   518 I MSM-irqbalance: Decided to move IRQ159 from CPU6 [P:0] to CPU0 [P:1] (banned)
08-12 13:19:35.110   540   540 D SoftKeymaster: system/keymaster/soft_keymaster_device.cpp, Line 692: Not performing software digesting for algorithm 32
08-12 13:19:35.110   540   540 D SoftKeymaster: system/keymaster/soft_keymaster_device.cpp, Line 1203: Operation supported by Keymaster QTI HAL, passing through to keymaster1 module
08-12 13:19:35.115   480   485 I chatty  : uid=1000(system) /system/bin/qseecomd expire 119 lines
08-12 13:19:35.150   540   540 D SoftKeymaster: system/keymaster/soft_keymaster_device.cpp, Line 692: Not performing software digesting for algorithm 32
08-12 13:19:35.150   540   540 D SoftKeymaster: system/keymaster/soft_keymaster_device.cpp, Line 1203: Operation supported by Keymaster QTI HAL, passing through to keymaster1 module
08-12 13:19:35.187   540   540 D SoftKeymaster: system/keymaster/soft_keymaster_device.cpp, Line 692: Not performing software digesting for algorithm 32
08-12 13:19:35.187   540   540 D SoftKeymaster: system/keymaster/soft_keymaster_device.cpp, Line 1203: Operation supported by Keymaster QTI HAL, passing through to keymaster1 module
08-12 13:19:35.227   540   540 D SoftKeymaster: system/keymaster/soft_keymaster_device.cpp, Line 692: Not performing software digesting for algorithm 32
08-12 13:19:35.227   540   540 D SoftKeymaster: system/keymaster/soft_keymaster_device.cpp, Line 1203: Operation supported by Keymaster QTI HAL, passing through to keymaster1 module
08-12 13:19:35.272   540   540 D SoftKeymaster: system/keymaster/soft_keymaster_device.cpp, Line 692: Not performing software digesting for algorithm 32
08-12 13:19:35.272   540   540 D SoftKeymaster: system/keymaster/soft_keymaster_device.cpp, Line 1203: Operation supported by Keymaster QTI HAL, passing through to keymaster1 module
08-12 13:19:35.308   540   540 D SoftKeymaster: system/keymaster/soft_keymaster_device.cpp, Line 692: Not performing software digesting for algorithm 32
08-12 13:19:35.308   540   540 D SoftKeymaster: system/keymaster/soft_keymaster_device.cpp, Line 1203: Operation supported by Keymaster QTI HAL, passing through to keymaster1 module
08-12 13:19:35.335   540   540 D SoftKeymaster: system/keymaster/soft_keymaster_device.cpp, Line 692: Not performing software digesting for algorithm 32
08-12 13:19:35.335   540   540 D SoftKeymaster: system/keymaster/soft_keymaster_device.cpp, Line 1203: Operation supported by Keymaster QTI HAL, passing through to keymaster1 module
08-13 15:36:38.913  5933  5933 D AndroidRuntime: >>>>>> START com.android.internal.os.RuntimeInit uid 2000 <<<<<<
08-13 15:36:38.943  5933  5933 D AndroidRuntime: CheckJNI is OFF
08-13 15:36:39.955  5933  5933 D ICU     : No timezone override file found: /data/misc/zoneinfo/current/icu/icu_tzdata.dat
08-13 15:36:40.114  5933  5933 I Radio-JNI: register_android_hardware_Radio DONE
08-13 15:36:40.196  5933  5933 D AndroidRuntime: Calling main entry com.android.commands.pm.Pm
08-13 15:36:40.237  5933  5933 I art     : System.exit called, status: 0
08-13 15:36:40.238  5933  5933 I AndroidRuntime: VM exiting with result code 0.
08-13 15:36:40.238  5933  5942 W MessageQueue: Handler (android.os.Handler) {4ab3570} sending message to a Handler on a dead thread
08-13 15:36:40.238  5933  5942 W MessageQueue: java.lang.IllegalStateException: Handler (android.os.Handler) {4ab3570} sending message to a Handler on a dead thread
08-13 15:36:40.238  5933  5942 W MessageQueue: 	at android.os.MessageQueue.enqueueMessage(MessageQueue.java:543)
08-13 15:36:40.238  5933  5942 W MessageQueue: 	at android.os.Handler.enqueueMessage(Handler.java:643)
08-13 15:36:40.238  5933  5942 W MessageQueue: 	at android.os.Handler.sendMessageAtTime(Handler.java:612)
08-13 15:36:40.238  5933  5942 W MessageQueue: 	at android.os.Handler.sendMessageDelayed(Handler.java:582)
08-13 15:36:40.238  5933  5942 W MessageQueue: 	at android.os.Handler.post(Handler.java:338)
08-13 15:36:40.238  5933  5942 W MessageQueue: 	at android.os.ResultReceiver$MyResultReceiver.send(ResultReceiver.java:57)
08-13 15:36:40.238  5933  5942 W MessageQueue: 	at com.android.internal.os.IResultReceiver$Stub.onTransact(IResultReceiver.java:58)
08-13 15:36:40.238  5933  5942 W MessageQueue: 	at android.os.Binder.execTransact(Binder.java:565)
08-13 15:36:40.398   518   518 I MSM-irqbalance: Decided to move IRQ215 from CPU0 to CPU2
08-13 15:36:40.958  5962  5962 D AndroidRuntime: >>>>>> START com.android.internal.os.RuntimeInit uid 2000 <<<<<<
08-13 15:36:40.960  5962  5962 D AndroidRuntime: CheckJNI is OFF
08-13 15:36:41.710  5962  5962 D ICU     : No timezone override file found: /data/misc/zoneinfo/current/icu/icu_tzdata.dat
08-13 15:36:41.750  5962  5962 I Radio-JNI: register_android_hardware_Radio DONE
08-13 15:36:41.761  5962  5962 D AndroidRuntime: Calling main entry com.android.commands.pm.Pm
--------- beginning of system
08-13 15:36:41.908  2143  2573 I ProcessStatsService: Added stats: 2019-08-13-09-39-04, over +4h14m21s260ms
08-13 15:36:41.916  2143  2573 I ProcessStatsService: Added stats: 2019-08-13-06-07-12, over +3h31m53s207ms
08-13 15:36:41.924  2143  2573 I ProcessStatsService: Added stats: 2019-08-12-23-10-33, over +6h56m39s544ms
08-13 15:36:41.933  2143  2573 I ProcessStatsService: Added stats: 2019-08-12-18-04-08, over +5h6m25s596ms
08-13 15:36:41.940  2143  2573 I ProcessStatsService: Added stats: 2019-08-12-13-45-00, over +4h19m10s326ms
08-13 15:36:42.163  2143 29574 E BatteryStatsService: no controller energy info supplied
08-13 15:36:42.163  2143 29574 E BatteryStatsService: no controller energy info supplied
08-13 15:36:42.174  2143 29574 E KernelCpuSpeedReader: Failed to read cpu-freq: /sys/devices/system/cpu/cpu4/cpufreq/stats/time_in_state (No such file or directory)
08-13 15:36:42.189  2143 29574 E BatteryStatsService: modem info is invalid: ModemActivityInfo{ mTimestamp=0 mSleepTimeMs=0 mIdleTimeMs=0 mTxTimeMs[]=[0, 0, 0, 0, 0] mRxTimeMs=0 mEnergyUsed=0}
08-13 15:36:42.238  5962  5962 I art     : System.exit called, status: 0
08-13 15:36:42.238  5962  5962 I AndroidRuntime: VM exiting with result code 0.
08-13 15:36:42.558  5983  5983 D AndroidRuntime: >>>>>> START com.android.internal.os.RuntimeInit uid 2000 <<<<<<
08-13 15:36:42.560  5983  5983 D AndroidRuntime: CheckJNI is OFF
08-13 15:36:43.286  5983  5983 D ICU     : No timezone override file found: /data/misc/zoneinfo/current/icu/icu_tzdata.dat
08-13 15:36:43.334  5983  5983 I Radio-JNI: register_android_hardware_Radio DONE
08-13 15:36:43.347  5983  5983 D AndroidRuntime: Calling main entry com.android.commands.am.Am
08-13 15:36:43.356  2143  2384 I ActivityManager: START u0 {flg=0x10000000 cmp=org.nativescript.cast/com.tns.NativeScriptActivity} from uid 2000 on display 0
08-13 15:36:43.397  5983  5983 D AndroidRuntime: Shutting down VM
08-13 15:36:43.436  5998  5998 I chatty  : uid=10723(org.nativescript.cast) expire 5 lines
08-13 15:36:43.449  2143  3347 I ActivityManager: Start proc 5998:org.nativescript.cast/u0a723 for activity org.nativescript.cast/com.tns.NativeScriptActivity
08-13 15:36:45.054  6039  6039 D AndroidRuntime: >>>>>> START com.android.internal.os.RuntimeInit uid 2000 <<<<<<
08-13 15:36:45.056  6039  6039 D AndroidRuntime: CheckJNI is OFF
08-13 15:36:45.391   518   518 I MSM-irqbalance: Decided to move IRQ159 from CPU7 [P:0] to CPU0 [P:1] (banned)
08-13 15:36:45.782  6039  6039 D ICU     : No timezone override file found: /data/misc/zoneinfo/current/icu/icu_tzdata.dat
08-13 15:36:45.827  6039  6039 I Radio-JNI: register_android_hardware_Radio DONE
08-13 15:36:45.840  6039  6039 D AndroidRuntime: Calling main entry com.android.commands.am.Am
08-13 15:36:45.845  2143  2193 I ActivityManager: Force stopping org.nativescript.cast appid=10723 user=0: from pid 6039
08-13 15:36:45.847  2143  2193 I ActivityManager: Killing 5998:org.nativescript.cast/u0a723 (adj 0): stop org.nativescript.cast
08-13 15:36:45.847  2143  2193 D ActivityManager: cleanUpApplicationRecord -- 5998
08-13 15:36:45.877  6049  6049 I chatty  : uid=10723(org.nativescript.cast) expire 757 lines
08-13 15:36:45.889  2143  2193 I ActivityManager: Start proc 6049:org.nativescript.cast/u0a723 for activity org.nativescript.cast/com.tns.NativeScriptActivity
08-13 15:36:45.889  2143  2193 I ActivityManager:   Force finishing activity ActivityRecord{79a680f u0 org.nativescript.cast/com.tns.NativeScriptActivity t21778}
08-13 15:36:45.907  2143  2193 I ActivityManager:   Force finishing activity ActivityRecord{79a680f u0 org.nativescript.cast/com.tns.NativeScriptActivity t21778 f}
08-13 15:36:45.907  2143  2193 W ActivityManager: Duplicate finish request for ActivityRecord{79a680f u0 org.nativescript.cast/com.tns.NativeScriptActivity t21778 f}
08-13 15:36:45.916  6039  6039 D AndroidRuntime: Shutting down VM
08-13 15:36:45.951  2143  2195 I ActivityManager: Start proc 6063:org.microg.nlp/u0a63 for broadcast org.microg.nlp/.PackageReceiver
08-13 15:36:45.961  2561  2561 D CarrierSvcBindHelper: No carrier app for: 0
08-13 15:36:45.996  2143 13766 W InputMethodManagerService: Window already focused, ignoring focus gain of: com.android.internal.view.IInputMethodClient$Stub$Proxy@3d18f01 attribute=null, token = android.os.BinderProxy@40c129b
08-13 15:36:46.019  3336  3336 D RegisteredNfcFServicesCache: Service unchanged, not updating
08-13 15:36:46.043  6063  6063 I art     : Starting a blocking GC AddRemoveAppImageSpace
08-13 15:36:46.045  6063  6063 W System  : ClassLoader referenced unknown path: /system/app/UnifiedNlp/lib/arm64
08-13 15:36:46.063  6063  6063 I art     : Starting a blocking GC Xposed
08-13 15:36:46.140  2143  2202 W WindowManager: Failed looking up window
08-13 15:36:46.140  2143  2202 W WindowManager: java.lang.IllegalArgumentException: Requested window android.view.ViewRootImpl$W@15e32a0 does not exist
08-13 15:36:46.140  2143  2202 W WindowManager: 	at com.android.server.wm.WindowManagerService.windowForClientLocked(WindowManagerService.java:9475)
08-13 15:36:46.140  2143  2202 W WindowManager: 	at com.android.server.wm.WindowManagerService.windowForClientLocked(WindowManagerService.java:9466)
08-13 15:36:46.140  2143  2202 W WindowManager: 	at com.android.server.wm.WindowManagerService.removeWindow(WindowManagerService.java:2402)
08-13 15:36:46.140  2143  2202 W WindowManager: 	at com.android.server.wm.Session.remove(Session.java:202)
08-13 15:36:46.140  2143  2202 W WindowManager: 	at android.view.ViewRootImpl.dispatchDetachedFromWindow(ViewRootImpl.java:3290)
08-13 15:36:46.140  2143  2202 W WindowManager: 	at android.view.ViewRootImpl.doDie(ViewRootImpl.java:5923)
08-13 15:36:46.140  2143  2202 W WindowManager: 	at android.view.ViewRootImpl$ViewRootHandler.handleMessage(ViewRootImpl.java:3629)
08-13 15:36:46.140  2143  2202 W WindowManager: 	at android.os.Handler.dispatchMessage(Handler.java:102)
08-13 15:36:46.140  2143  2202 W WindowManager: 	at android.os.Looper.loop(Looper.java:154)
08-13 15:36:46.140  2143  2202 W WindowManager: 	at android.os.HandlerThread.run(HandlerThread.java:61)
08-13 15:36:46.140  2143  2202 W WindowManager: 	at com.android.server.ServiceThread.run(ServiceThread.java:46)
08-13 15:36:46.233  6063  6063 D NlpPackageReceiver: Intent received: Intent { act=android.intent.action.PACKAGE_RESTARTED dat=package:org.nativescript.cast flg=0x10 cmp=org.microg.nlp/.PackageReceiver (has extras) }
08-13 15:36:46.279  6080  6080 D AndroidRuntime: >>>>>> START com.android.internal.os.RuntimeInit uid 2000 <<<<<<
08-13 15:36:46.282  6080  6080 D AndroidRuntime: CheckJNI is OFF
08-13 15:36:47.017  6080  6080 D ICU     : No timezone override file found: /data/misc/zoneinfo/current/icu/icu_tzdata.dat
08-13 15:36:47.055  6080  6080 I Radio-JNI: register_android_hardware_Radio DONE
08-13 15:36:47.069  6080  6080 D AndroidRuntime: Calling main entry com.android.commands.pm.Pm
08-13 15:36:47.145  2143 29576 I ProcessStatsService: Added stats: 2019-08-13-09-39-04, over +4h14m21s260ms
08-13 15:36:47.151  2143 29576 I ProcessStatsService: Added stats: 2019-08-13-06-07-12, over +3h31m53s207ms
08-13 15:36:47.154  2143 29576 I ProcessStatsService: Added stats: 2019-08-12-23-10-33, over +6h56m39s544ms
08-13 15:36:47.161  2143 29576 I ProcessStatsService: Added stats: 2019-08-12-18-04-08, over +5h6m25s596ms
08-13 15:36:47.166  2143 29576 I ProcessStatsService: Added stats: 2019-08-12-13-45-00, over +4h19m10s326ms
08-13 15:36:47.371  2143  6469 E BatteryStatsService: no controller energy info supplied
08-13 15:36:47.371  2143  6469 E BatteryStatsService: no controller energy info supplied
08-13 15:36:47.378  2143  6469 E KernelCpuSpeedReader: Failed to read cpu-freq: /sys/devices/system/cpu/cpu4/cpufreq/stats/time_in_state (No such file or directory)
08-13 15:36:47.383  2143  6469 E BatteryStatsService: modem info is invalid: ModemActivityInfo{ mTimestamp=0 mSleepTimeMs=0 mIdleTimeMs=0 mTxTimeMs[]=[0, 0, 0, 0, 0] mRxTimeMs=0 mEnergyUsed=0}
08-13 15:36:47.403  6080  6080 I art     : System.exit called, status: 0
08-13 15:36:47.403  6080  6080 I AndroidRuntime: VM exiting with result code 0.
08-13 15:36:47.726  6124  6124 D AndroidRuntime: >>>>>> START com.android.internal.os.RuntimeInit uid 2000 <<<<<<
08-13 15:36:47.728  6124  6124 D AndroidRuntime: CheckJNI is OFF
08-13 15:36:48.453  6124  6124 D ICU     : No timezone override file found: /data/misc/zoneinfo/current/icu/icu_tzdata.dat
08-13 15:36:48.489  6124  6124 I Radio-JNI: register_android_hardware_Radio DONE
08-13 15:36:48.500  6124  6124 D AndroidRuntime: Calling main entry com.android.commands.am.Am
08-13 15:36:48.513  2143  2574 I ActivityManager: START u0 {flg=0x10000000 cmp=org.nativescript.cast/com.tns.NativeScriptActivity} from uid 2000 on display 0
08-13 15:36:48.526  6124  6124 D AndroidRuntime: Shutting down VM
08-13 15:36:49.087  6049  6142 I chatty  : uid=10723(org.nativescript.cast) expire 3 lines
08-13 15:36:49.144  6049  6049 I chatty  : uid=10723(org.nativescript.cast) expire 1016 lines
08-13 15:36:49.306  6049  6054 I chatty  : uid=10723(org.nativescript.cast) expire 4 lines
08-13 15:36:49.328  6049  6049 I chatty  : uid=10723(org.nativescript.cast) expire 765 lines
08-13 15:36:49.651  6049  6049 D TNS.Native: usedMemory=8505336 changeInBytes=0 externalMemory=0
08-13 15:36:49.652  6049  6049 D TNS.Native: MetaDataEntry Method setText's signature is: (Ljava/lang/CharSequence;)V
08-13 15:36:49.652  6049  6049 D TNS.Native: Resolving method: setText on className android/widget/TextView
08-13 15:36:49.652  6049  6049 D TNS.Native: CallJavaMethod called android/widget/TextView.setText. Instance id: 923012, isSuper=0
08-13 15:36:49.652  6049  6049 D TNS.Native: MetaDataEntry Method getTextColors's signature is: ()Landroid/content/res/ColorStateList;
08-13 15:36:49.652  6049  6049 D TNS.Native: CallJavaMethod called android/widget/TextView.getTextColors. Instance id: 923012, isSuper=0
08-13 15:36:49.652  6049  6049 D TNS.Native: usedMemory=8505336 changeInBytes=0 externalMemory=0
08-13 15:36:49.652  6049  6049 D TNS.Native: MetaDataEntry Method setTextColor's signature is: (I)V
08-13 15:36:49.652  6049  6049 D TNS.Native: Resolving method: setTextColor on className android/widget/TextView
08-13 15:36:49.652  6049  6049 D TNS.Native: CallJavaMethod called android/widget/TextView.setTextColor. Instance id: 923012, isSuper=0
08-13 15:36:49.652  6049  6049 D TNS.Native: MetaDataEntry Method getBackground's signature is: ()Landroid/graphics/drawable/Drawable;
08-13 15:36:49.652  6049  6049 D TNS.Native: CallJavaMethod called android/view/View.getBackground. Instance id: 923012, isSuper=0
08-13 15:36:49.652  6049  6049 D TNS.Java: MakeInstanceStrong (188, class android.graphics.drawable.RippleDrawable)
08-13 15:36:49.652  6049  6049 D TNS.Native: Linking js object: 337743 and java instance id: 188
08-13 15:36:49.652  6049  6049 D TNS.Native: usedMemory=8505960 changeInBytes=624 externalMemory=8505960
08-13 15:36:49.652  6049  6049 D TNS.Native: MetaDataEntry Method getConstantState's signature is: ()Landroid/graphics/drawable/Drawable$ConstantState;
08-13 15:36:49.652  6049  6049 D TNS.Native: Resolving method: getConstantState on className android/graphics/drawable/RippleDrawable
08-13 15:36:49.652  6049  6049 D TNS.Native: CallJavaMethod called android/graphics/drawable/RippleDrawable.getConstantState. Instance id: 337743, isSuper=0
08-13 15:36:49.652  6049  6049 D TNS.Java: Platform.getJavaObjectByID:188
08-13 15:36:49.652  6049  6049 D TNS.Java: MakeInstanceStrong (189, class android.graphics.drawable.RippleDrawable$RippleState)
08-13 15:36:49.652  6049  6049 D TNS.Native: Linking js object: 1634665 and java instance id: 189
08-13 15:36:49.652  6049  6049 D TNS.Native: MetaDataEntry Method getResources's signature is: ()Landroid/content/res/Resources;
08-13 15:36:49.652  6049  6049 D TNS.Native: CallJavaMethod called android/view/View.getResources. Instance id: 923012, isSuper=0
08-13 15:36:49.652  6049  6049 D TNS.Native: usedMemory=8506840 changeInBytes=880 externalMemory=8506840
08-13 15:36:49.653  6049  6049 D TNS.Native: MetaDataEntry Method newDrawable's signature is: (Landroid/content/res/Resources;)Landroid/graphics/drawable/Drawable;
08-13 15:36:49.653  6049  6049 D TNS.Native: Resolving method: newDrawable on className android/graphics/drawable/RippleDrawable$RippleState
08-13 15:36:49.653  6049  6049 D TNS.Native: CallJavaMethod called android/graphics/drawable/RippleDrawable$RippleState.newDrawable. Instance id: 1634665, isSuper=0
08-13 15:36:49.653  6049  6049 D TNS.Java: Platform.getJavaObjectByID:189
08-13 15:36:49.653  6049  6049 D TNS.Java: MakeInstanceStrong (190, class android.graphics.drawable.RippleDrawable)
08-13 15:36:49.653  6049  6049 D TNS.Native: Linking js object: 118476 and java instance id: 190
08-13 15:36:49.653  6049  6049 D TNS.Native: MetaDataEntry Method getBackground's signature is: ()Landroid/graphics/drawable/Drawable;
08-13 15:36:49.653  6049  6049 D TNS.Native: CallJavaMethod called android/view/View.getBackground. Instance id: 923012, isSuper=0
08-13 15:36:49.653  6049  6049 D TNS.Native: usedMemory=8513952 changeInBytes=7112 externalMemory=8513952
08-13 15:36:49.653  6049  6049 D TNS.Native: MetaDataEntry Method getConstantState's signature is: ()Landroid/graphics/drawable/Drawable$ConstantState;
08-13 15:36:49.653  6049  6049 D TNS.Native: Resolving method: getConstantState on className android/graphics/drawable/RippleDrawable
08-13 15:36:49.653  6049  6049 D TNS.Native: CallJavaMethod called android/graphics/drawable/RippleDrawable.getConstantState. Instance id: 337743, isSuper=0
08-13 15:36:49.653  6049  6049 D TNS.Native: MetaDataEntry Method mutate's signature is: ()Landroid/graphics/drawable/Drawable;
08-13 15:36:49.653  6049  6049 D TNS.Native: Resolving method: mutate on className android/graphics/drawable/RippleDrawable
08-13 15:36:49.653  6049  6049 D TNS.Native: CallJavaMethod called android/graphics/drawable/RippleDrawable.mutate. Instance id: 337743, isSuper=0
08-13 15:36:49.653  6049  6049 D TNS.Native: usedMemory=8514128 changeInBytes=176 externalMemory=8514128
08-13 15:36:49.653  6049  6049 D TNS.Native: MetaDataEntry Method setColorFilter's signature is: (ILandroid/graphics/PorterDuff$Mode;)V
08-13 15:36:49.653  6049  6049 D TNS.Native: CallJavaMethod called android/graphics/drawable/Drawable.setColorFilter. Instance id: 337743, isSuper=0
08-13 15:36:49.653  6049  6049 D TNS.Native: MetaDataEntry Method invalidateSelf's signature is: ()V
08-13 15:36:49.653  6049  6049 D TNS.Native: Resolving method: invalidateSelf on className android/graphics/drawable/RippleDrawable
08-13 15:36:49.653  6049  6049 D TNS.Native: CallJavaMethod called android/graphics/drawable/RippleDrawable.invalidateSelf. Instance id: 337743, isSuper=0
08-13 15:36:49.653  6049  6049 D TNS.Native: usedMemory=8514128 changeInBytes=0 externalMemory=0
08-13 15:36:49.653  6049  6049 D TNS.Native: MetaDataEntry Method setPadding's signature is: (IIII)V
08-13 15:36:49.653  6049  6049 D TNS.Native: Resolving method: setPadding on className android/widget/TextView
08-13 15:36:49.653  6049  6049 D TNS.Native: CallJavaMethod called android/widget/TextView.setPadding. Instance id: 923012, isSuper=0
08-13 15:36:49.653  6049  6049 D TNS.Native: MetaDataEntry Method setMinHeight's signature is: (Landroid/view/View;I)V
08-13 15:36:49.653  6049  6049 D TNS.Native: CallJavaMethod called org/nativescript/widgets/ViewHelper.setMinHeight. static method
08-13 15:36:49.653  6049  6049 D TNS.Native: usedMemory=8514128 changeInBytes=0 externalMemory=0
08-13 15:36:49.653  6049  6049 D TNS.Native: MetaDataEntry Method getLayoutParams's signature is: ()Landroid/view/ViewGroup$LayoutParams;
08-13 15:36:49.653  6049  6049 D TNS.Native: CallJavaMethod called android/view/View.getLayoutParams. Instance id: 923012, isSuper=0
08-13 15:36:49.653  6049  6049 D TNS.Native: MetaDataEntry Method setLayoutParams's signature is: (Landroid/view/ViewGroup$LayoutParams;)V
08-13 15:36:49.653  6049  6049 D TNS.Native: CallJavaMethod called android/view/View.setLayoutParams. Instance id: 923012, isSuper=0
08-13 15:36:49.653  6049  6049 D TNS.Native: usedMemory=8514128 changeInBytes=0 externalMemory=0
08-13 15:36:49.653  6049  6049 D TNS.Native: MetaDataEntry Method setMinWidth's signature is: (Landroid/view/View;I)V
08-13 15:36:49.653  6049  6049 D TNS.Native: CallJavaMethod called org/nativescript/widgets/ViewHelper.setMinWidth. static method
08-13 15:36:49.654  6049  6049 D TNS.Native: MetaDataEntry Method getLayoutParams's signature is: ()Landroid/view/ViewGroup$LayoutParams;
08-13 15:36:49.654  6049  6049 D TNS.Native: CallJavaMethod called android/view/View.getLayoutParams. Instance id: 923012, isSuper=0
08-13 15:36:49.654  6049  6049 D TNS.Native: usedMemory=8514128 changeInBytes=0 externalMemory=0
08-13 15:36:49.654  6049  6049 D TNS.Native: MetaDataEntry Method setLayoutParams's signature is: (Landroid/view/ViewGroup$LayoutParams;)V
08-13 15:36:49.654  6049  6049 D TNS.Native: CallJavaMethod called android/view/View.setLayoutParams. Instance id: 923012, isSuper=0
08-13 15:36:49.654  6049  6049 D TNS.Native: MetaDataEntry Method setPaddingTop's signature is: (Landroid/view/View;I)V
08-13 15:36:49.654  6049  6049 D TNS.Native: CallJavaMethod called org/nativescript/widgets/ViewHelper.setPaddingTop. static method
08-13 15:36:49.654  6049  6049 D TNS.Native: usedMemory=8514128 changeInBytes=0 externalMemory=0
08-13 15:36:49.654  6049  6049 D TNS.Native: MetaDataEntry Method setPaddingRight's signature is: (Landroid/view/View;I)V
08-13 15:36:49.654  6049  6049 D TNS.Native: CallJavaMethod called org/nativescript/widgets/ViewHelper.setPaddingRight. static method
08-13 15:36:49.654  6049  6049 D TNS.Native: MetaDataEntry Method setPaddingBottom's signature is: (Landroid/view/View;I)V
08-13 15:36:49.654  6049  6049 D TNS.Native: CallJavaMethod called org/nativescript/widgets/ViewHelper.setPaddingBottom. static method
08-13 15:36:49.654  6049  6049 D TNS.Native: usedMemory=8514128 changeInBytes=0 externalMemory=0
08-13 15:36:49.654  6049  6049 D TNS.Native: MetaDataEntry Method setPaddingLeft's signature is: (Landroid/view/View;I)V
08-13 15:36:49.654  6049  6049 D TNS.Native: CallJavaMethod called org/nativescript/widgets/ViewHelper.setPaddingLeft. static method
08-13 15:36:49.654  6049  6049 D TNS.Native: MetaDataEntry Method getTextSize's signature is: ()F
08-13 15:36:49.654  6049  6049 D TNS.Native: CallJavaMethod called android/widget/TextView.getTextSize. Instance id: 923012, isSuper=0
08-13 15:36:49.654  6049  6049 D TNS.Native: usedMemory=8514128 changeInBytes=0 externalMemory=0
08-13 15:36:49.654  6049  6049 D TNS.Native: MetaDataEntry Method setTextSize's signature is: (F)V
08-13 15:36:49.654  6049  6049 D TNS.Native: CallJavaMethod called android/widget/TextView.setTextSize. Instance id: 923012, isSuper=0
08-13 15:36:49.654  6049  6049 D TNS.Native: MetaDataEntry Method getTypeface's signature is: ()Landroid/graphics/Typeface;
08-13 15:36:49.654  6049  6049 D TNS.Native: CallJavaMethod called android/widget/TextView.getTypeface. Instance id: 923012, isSuper=0
08-13 15:36:49.654  6049  6049 D TNS.Native: usedMemory=8514128 changeInBytes=0 externalMemory=0
08-13 15:36:49.654  6049  6049 D TNS.Native: MetaDataEntry Method setTypeface's signature is: (Landroid/graphics/Typeface;)V
08-13 15:36:49.654  6049  6049 D TNS.Native: CallJavaMethod called android/widget/TextView.setTypeface. Instance id: 923012, isSuper=0
08-13 15:36:49.654  6049  6049 D TNS.Native: MetaDataEntry Method setMarginTop's signature is: (Landroid/view/View;I)V
08-13 15:36:49.654  6049  6049 D TNS.Native: CallJavaMethod called org/nativescript/widgets/ViewHelper.setMarginTop. static method
08-13 15:36:49.654  6049  6049 D TNS.Native: usedMemory=8514128 changeInBytes=0 externalMemory=0
08-13 15:36:49.654  6049  6049 D TNS.Native: MetaDataEntry Method setMarginRight's signature is: (Landroid/view/View;I)V
08-13 15:36:49.654  6049  6049 D TNS.Native: CallJavaMethod called org/nativescript/widgets/ViewHelper.setMarginRight. static method
08-13 15:36:49.654  6049  6049 D TNS.Native: MetaDataEntry Method setMarginBottom's signature is: (Landroid/view/View;I)V
08-13 15:36:49.654  6049  6049 D TNS.Native: CallJavaMethod called org/nativescript/widgets/ViewHelper.setMarginBottom. static method
08-13 15:36:49.654  6049  6049 D TNS.Native: usedMemory=8514128 changeInBytes=0 externalMemory=0
08-13 15:36:49.654  6049  6049 D TNS.Native: MetaDataEntry Method setMarginLeft's signature is: (Landroid/view/View;I)V
08-13 15:36:49.654  6049  6049 D TNS.Native: CallJavaMethod called org/nativescript/widgets/ViewHelper.setMarginLeft. static method
08-13 15:36:49.655  6049  6049 D TNS.Native: MetaDataEntry Method setText's signature is: (Ljava/lang/CharSequence;)V
08-13 15:36:49.655  6049  6049 D TNS.Native: Resolving method: setText on className android/widget/TextView
08-13 15:36:49.655  6049  6049 D TNS.Native: CallJavaMethod called android/widget/TextView.setText. Instance id: 733422, isSuper=0
08-13 15:36:49.655  6049  6049 D TNS.Native: usedMemory=8514128 changeInBytes=0 externalMemory=0
08-13 15:36:49.655  6049  6049 D TNS.Native: MetaDataEntry Method getTextColors's signature is: ()Landroid/content/res/ColorStateList;
08-13 15:36:49.656  6049  6049 D TNS.Native: CallJavaMethod called android/widget/TextView.getTextColors. Instance id: 733422, isSuper=0
08-13 15:36:49.656  6049  6049 D TNS.Native: MetaDataEntry Method setTextColor's signature is: (I)V
08-13 15:36:49.656  6049  6049 D TNS.Native: Resolving method: setTextColor on className android/widget/TextView
08-13 15:36:49.656  6049  6049 D TNS.Native: CallJavaMethod called android/widget/TextView.setTextColor. Instance id: 733422, isSuper=0
08-13 15:36:49.656  6049  6049 D TNS.Native: usedMemory=8514128 changeInBytes=0 externalMemory=0
08-13 15:36:49.656  6049  6049 D TNS.Native: MetaDataEntry Method getBackground's signature is: ()Landroid/graphics/drawable/Drawable;
08-13 15:36:49.656  6049  6049 D TNS.Native: CallJavaMethod called android/view/View.getBackground. Instance id: 733422, isSuper=0
08-13 15:36:49.656  6049  6049 D TNS.Java: MakeInstanceStrong (191, class android.graphics.drawable.RippleDrawable)
08-13 15:36:49.656  6049  6049 D TNS.Native: Linking js object: 52367 and java instance id: 191
08-13 15:36:49.656  6049  6049 D TNS.Native: MetaDataEntry Method getConstantState's signature is: ()Landroid/graphics/drawable/Drawable$ConstantState;
08-13 15:36:49.656  6049  6049 D TNS.Native: Resolving method: getConstantState on className android/graphics/drawable/RippleDrawable
08-13 15:36:49.656  6049  6049 D TNS.Native: CallJavaMethod called android/graphics/drawable/RippleDrawable.getConstantState. Instance id: 52367, isSuper=0
08-13 15:36:49.656  6049  6049 D TNS.Java: Platform.getJavaObjectByID:191
08-13 15:36:49.656  6049  6049 D TNS.Java: MakeInstanceStrong (192, class android.graphics.drawable.RippleDrawable$RippleState)
08-13 15:36:49.656  6049  6049 D TNS.Native: Linking js object: 627931 and java instance id: 192
08-13 15:36:49.656  6049  6049 D TNS.Native: usedMemory=8515632 changeInBytes=1504 externalMemory=8515632
08-13 15:36:49.656  6049  6049 D TNS.Native: MetaDataEntry Method getResources's signature is: ()Landroid/content/res/Resources;
08-13 15:36:49.656  6049  6049 D TNS.Native: CallJavaMethod called android/view/View.getResources. Instance id: 733422, isSuper=0
08-13 15:36:49.656  6049  6049 D TNS.Native: MetaDataEntry Method newDrawable's signature is: (Landroid/content/res/Resources;)Landroid/graphics/drawable/Drawable;
08-13 15:36:49.656  6049  6049 D TNS.Native: Resolving method: newDrawable on className android/graphics/drawable/RippleDrawable$RippleState
08-13 15:36:49.656  6049  6049 D TNS.Native: CallJavaMethod called android/graphics/drawable/RippleDrawable$RippleState.newDrawable. Instance id: 627931, isSuper=0
08-13 15:36:49.656  6049  6049 D TNS.Java: Platform.getJavaObjectByID:192
08-13 15:36:49.656  6049  6049 D TNS.Java: MakeInstanceStrong (193, class android.graphics.drawable.RippleDrawable)
08-13 15:36:49.656  6049  6049 D TNS.Native: Linking js object: 1279809 and java instance id: 193
08-13 15:36:49.656  6049  6049 D TNS.Native: usedMemory=8519440 changeInBytes=3808 externalMemory=8519440
08-13 15:36:49.656  6049  6049 D TNS.Native: MetaDataEntry Method getBackground's signature is: ()Landroid/graphics/drawable/Drawable;
08-13 15:36:49.656  6049  6049 D TNS.Native: CallJavaMethod called android/view/View.getBackground. Instance id: 733422, isSuper=0
